Component: ARM Compiler 6.15 Tool: armlink [5dd79300]

==============================================================================

Section Cross References

    main.o(.text.main) refers to main.o(.text.MPU_Config) for MPU_Config
    main.o(.text.main) refers to stm32h7xx_hal.o(.text.HAL_Init) for HAL_Init
    main.o(.text.main) refers to main.o(.text.SystemClock_Config) for SystemClock_Config
    main.o(.text.main) refers to gpio.o(.text.MX_GPIO_Init) for MX_GPIO_Init
    main.o(.text.main) refers to dma.o(.text.MX_DMA_Init) for MX_DMA_Init
    main.o(.text.main) refers to tim.o(.text.MX_TIM5_Init) for MX_TIM5_Init
    main.o(.text.main) refers to usart.o(.text.MX_USART3_UART_Init) for MX_USART3_UART_Init
    main.o(.text.main) refers to svc_rs485.o(.text.uart_rx_init) for uart_rx_init
    main.o(.text.main) refers to main.o(.text.LL_GPIO_SetOutputPin) for LL_GPIO_SetOutputPin
    main.o(.text.main) refers to stm32h7xx_ll_utils.o(.text.LL_mDelay) for LL_mDelay
    main.o(.text.main) refers to main.o(.text.LL_USART_IsActiveFlag_TXE_TXFNF) for LL_USART_IsActiveFlag_TXE_TXFNF
    main.o(.text.main) refers to main.o(.text.LL_USART_TransmitData8) for LL_USART_TransmitData8
    main.o(.text.main) refers to main.o(.text.LL_USART_IsActiveFlag_TC) for LL_USART_IsActiveFlag_TC
    main.o(.text.main) refers to main.o(.text.LL_GPIO_ResetOutputPin) for LL_GPIO_ResetOutputPin
    main.o(.text.main) refers to svc_rs485.o(.text.uart_rx_read) for uart_rx_read
    main.o(.text.main) refers to main.o(.text.LL_USART_IsActiveFlag_ORE) for LL_USART_IsActiveFlag_ORE
    main.o(.text.main) refers to main.o(.text.LL_USART_IsActiveFlag_FE) for LL_USART_IsActiveFlag_FE
    main.o(.text.main) refers to main.o(.text.LL_USART_IsActiveFlag_NE) for LL_USART_IsActiveFlag_NE
    main.o(.text.main) refers to main.o(.text.LL_USART_ClearFlag_ORE) for LL_USART_ClearFlag_ORE
    main.o(.text.main) refers to main.o(.text.LL_USART_ClearFlag_FE) for LL_USART_ClearFlag_FE
    main.o(.text.main) refers to main.o(.text.LL_USART_ClearFlag_NE) for LL_USART_ClearFlag_NE
    main.o(.text.main) refers to main.o(.text.LL_GPIO_TogglePin) for LL_GPIO_TogglePin
    main.o(.ARM.exidx.text.main) refers to main.o(.text.main) for [Anonymous Symbol]
    main.o(.text.MPU_Config) refers to main.o(.text.LL_MPU_Disable) for LL_MPU_Disable
    main.o(.text.MPU_Config) refers to main.o(.text.LL_MPU_ConfigRegion) for LL_MPU_ConfigRegion
    main.o(.text.MPU_Config) refers to main.o(.text.LL_MPU_Enable) for LL_MPU_Enable
    main.o(.ARM.exidx.text.MPU_Config) refers to main.o(.text.MPU_Config) for [Anonymous Symbol]
    main.o(.text.SystemClock_Config) refers to main.o(.text.LL_FLASH_SetLatency) for LL_FLASH_SetLatency
    main.o(.text.SystemClock_Config) refers to main.o(.text.LL_FLASH_GetLatency) for LL_FLASH_GetLatency
    main.o(.text.SystemClock_Config) refers to main.o(.text.LL_PWR_ConfigSupply) for LL_PWR_ConfigSupply
    main.o(.text.SystemClock_Config) refers to main.o(.text.LL_PWR_SetRegulVoltageScaling) for LL_PWR_SetRegulVoltageScaling
    main.o(.text.SystemClock_Config) refers to main.o(.text.LL_PWR_IsActiveFlag_VOS) for LL_PWR_IsActiveFlag_VOS
    main.o(.text.SystemClock_Config) refers to main.o(.text.LL_RCC_HSE_Enable) for LL_RCC_HSE_Enable
    main.o(.text.SystemClock_Config) refers to main.o(.text.LL_RCC_HSE_IsReady) for LL_RCC_HSE_IsReady
    main.o(.text.SystemClock_Config) refers to main.o(.text.LL_RCC_PLL_SetSource) for LL_RCC_PLL_SetSource
    main.o(.text.SystemClock_Config) refers to main.o(.text.LL_RCC_PLL1P_Enable) for LL_RCC_PLL1P_Enable
    main.o(.text.SystemClock_Config) refers to main.o(.text.LL_RCC_PLL1R_Enable) for LL_RCC_PLL1R_Enable
    main.o(.text.SystemClock_Config) refers to main.o(.text.LL_RCC_PLL1_SetVCOInputRange) for LL_RCC_PLL1_SetVCOInputRange
    main.o(.text.SystemClock_Config) refers to main.o(.text.LL_RCC_PLL1_SetVCOOutputRange) for LL_RCC_PLL1_SetVCOOutputRange
    main.o(.text.SystemClock_Config) refers to main.o(.text.LL_RCC_PLL1_SetM) for LL_RCC_PLL1_SetM
    main.o(.text.SystemClock_Config) refers to main.o(.text.LL_RCC_PLL1_SetN) for LL_RCC_PLL1_SetN
    main.o(.text.SystemClock_Config) refers to main.o(.text.LL_RCC_PLL1_SetP) for LL_RCC_PLL1_SetP
    main.o(.text.SystemClock_Config) refers to main.o(.text.LL_RCC_PLL1_SetQ) for LL_RCC_PLL1_SetQ
    main.o(.text.SystemClock_Config) refers to main.o(.text.LL_RCC_PLL1_SetR) for LL_RCC_PLL1_SetR
    main.o(.text.SystemClock_Config) refers to main.o(.text.LL_RCC_PLL1_Enable) for LL_RCC_PLL1_Enable
    main.o(.text.SystemClock_Config) refers to main.o(.text.LL_RCC_PLL1_IsReady) for LL_RCC_PLL1_IsReady
    main.o(.text.SystemClock_Config) refers to main.o(.text.LL_RCC_SetAHBPrescaler) for LL_RCC_SetAHBPrescaler
    main.o(.text.SystemClock_Config) refers to main.o(.text.LL_RCC_SetSysClkSource) for LL_RCC_SetSysClkSource
    main.o(.text.SystemClock_Config) refers to main.o(.text.LL_RCC_GetSysClkSource) for LL_RCC_GetSysClkSource
[...]
    [Anonymous Symbol]                       0x08001938   Section        0  stm32h7xx_ll_rcc.o(.text.LL_RCC_PLL2R_IsEnabled)
    LL_RCC_PLL2_GetFRACN                     0x08001949   Thumb Code    16  stm32h7xx_ll_rcc.o(.text.LL_RCC_PLL2_GetFRACN)
    [Anonymous Symbol]                       0x08001948   Section        0  stm32h7xx_ll_rcc.o(.text.LL_RCC_PLL2_GetFRACN)
    LL_RCC_PLL2_GetM                         0x08001959   Thumb Code    16  stm32h7xx_ll_rcc.o(.text.LL_RCC_PLL2_GetM)
    [Anonymous Symbol]                       0x08001958   Section        0  stm32h7xx_ll_rcc.o(.text.LL_RCC_PLL2_GetM)
    LL_RCC_PLL2_GetN                         0x08001969   Thumb Code    18  stm32h7xx_ll_rcc.o(.text.LL_RCC_PLL2_GetN)
    [Anonymous Symbol]                       0x08001968   Section        0  stm32h7xx_ll_rcc.o(.text.LL_RCC_PLL2_GetN)
    LL_RCC_PLL2_GetP                         0x08001981   Thumb Code    20  stm32h7xx_ll_rcc.o(.text.LL_RCC_PLL2_GetP)
    [Anonymous Symbol]                       0x08001980   Section        0  stm32h7xx_ll_rcc.o(.text.LL_RCC_PLL2_GetP)
    LL_RCC_PLL2_GetQ                         0x08001999   Thumb Code    22  stm32h7xx_ll_rcc.o(.text.LL_RCC_PLL2_GetQ)
    [Anonymous Symbol]                       0x08001998   Section        0  stm32h7xx_ll_rcc.o(.text.LL_RCC_PLL2_GetQ)
    LL_RCC_PLL2_GetR                         0x080019b1   Thumb Code    22  stm32h7xx_ll_rcc.o(.text.LL_RCC_PLL2_GetR)
    [Anonymous Symbol]                       0x080019b0   Section        0  stm32h7xx_ll_rcc.o(.text.LL_RCC_PLL2_GetR)
    LL_RCC_PLL2_IsReady                      0x080019c9   Thumb Code    16  stm32h7xx_ll_rcc.o(.text.LL_RCC_PLL2_IsReady)
    [Anonymous Symbol]                       0x080019c8   Section        0  stm32h7xx_ll_rcc.o(.text.LL_RCC_PLL2_IsReady)
    LL_RCC_PLL3FRACN_IsEnabled               0x080019d9   Thumb Code    16  stm32h7xx_ll_rcc.o(.text.LL_RCC_PLL3FRACN_IsEnabled)
    [Anonymous Symbol]                       0x080019d8   Section        0  stm32h7xx_ll_rcc.o(.text.LL_RCC_PLL3FRACN_IsEnabled)
    LL_RCC_PLL3P_IsEnabled                   0x080019e9   Thumb Code    16  stm32h7xx_ll_rcc.o(.text.LL_RCC_PLL3P_IsEnabled)
    [Anonymous Symbol]                       0x080019e8   Section        0  stm32h7xx_ll_rcc.o(.text.LL_RCC_PLL3P_IsEnabled)
    LL_RCC_PLL3Q_IsEnabled                   0x080019f9   Thumb Code    16  stm32h7xx_ll_rcc.o(.text.LL_RCC_PLL3Q_IsEnabled)
    [Anonymous Symbol]                       0x080019f8   Section        0  stm32h7xx_ll_rcc.o(.text.LL_RCC_PLL3Q_IsEnabled)
    LL_RCC_PLL3R_IsEnabled                   0x08001a09   Thumb Code    16  stm32h7xx_ll_rcc.o(.text.LL_RCC_PLL3R_IsEnabled)
    [Anonymous Symbol]                       0x08001a08   Section        0  stm32h7xx_ll_rcc.o(.text.LL_RCC_PLL3R_IsEnabled)
    LL_RCC_PLL3_GetFRACN                     0x08001a19   Thumb Code    16  stm32h7xx_ll_rcc.o(.text.LL_RCC_PLL3_GetFRACN)
    [Anonymous Symbol]                       0x08001a18   Section        0  stm32h7xx_ll_rcc.o(.text.LL_RCC_PLL3_GetFRACN)
    LL_RCC_PLL3_GetM                         0x08001a29   Thumb Code    16  stm32h7xx_ll_rcc.o(.text.LL_RCC_PLL3_GetM)
    [Anonymous Symbol]                       0x08001a28   Section        0  stm32h7xx_ll_rcc.o(.text.LL_RCC_PLL3_GetM)
    LL_RCC_PLL3_GetN                         0x08001a39   Thumb Code    18  stm32h7xx_ll_rcc.o(.text.LL_RCC_PLL3_GetN)
    [Anonymous Symbol]                       0x08001a38   Section        0  stm32h7xx_ll_rcc.o(.text.LL_RCC_PLL3_GetN)
    LL_RCC_PLL3_GetP                         0x08001a51   Thumb Code    20  stm32h7xx_ll_rcc.o(.text.LL_RCC_PLL3_GetP)
    [Anonymous Symbol]                       0x08001a50   Section        0  stm32h7xx_ll_rcc.o(.text.LL_RCC_PLL3_GetP)
    LL_RCC_PLL3_GetQ                         0x08001a69   Thumb Code    22  stm32h7xx_ll_rcc.o(.text.LL_RCC_PLL3_GetQ)
    [Anonymous Symbol]                       0x08001a68   Section        0  stm32h7xx_ll_rcc.o(.text.LL_RCC_PLL3_GetQ)
    LL_RCC_PLL3_GetR                         0x08001a81   Thumb Code    22  stm32h7xx_ll_rcc.o(.text.LL_RCC_PLL3_GetR)
    [Anonymous Symbol]                       0x08001a80   Section        0  stm32h7xx_ll_rcc.o(.text.LL_RCC_PLL3_GetR)
    LL_RCC_PLL3_IsReady                      0x08001a99   Thumb Code    16  stm32h7xx_ll_rcc.o(.text.LL_RCC_PLL3_IsReady)
    [Anonymous Symbol]                       0x08001a98   Section        0  stm32h7xx_ll_rcc.o(.text.LL_RCC_PLL3_IsReady)
    LL_RCC_PLL_GetSource                     0x08001aa9   Thumb Code    16  stm32h7xx_ll_rcc.o(.text.LL_RCC_PLL_GetSource)
    [Anonymous Symbol]                       0x08001aa8   Section        0  stm32h7xx_ll_rcc.o(.text.LL_RCC_PLL_GetSource)
    LL_RCC_PLL_SetSource                     0x08001ab9   Thumb Code    28  main.o(.text.LL_RCC_PLL_SetSource)
    [Anonymous Symbol]                       0x08001ab8   Section        0  main.o(.text.LL_RCC_PLL_SetSource)
    LL_RCC_SetAHBPrescaler                   0x08001ad9   Thumb Code    28  main.o(.text.LL_RCC_SetAHBPrescaler)
    [Anonymous Symbol]                       0x08001ad8   Section        0  main.o(.text.LL_RCC_SetAHBPrescaler)
    LL_RCC_SetAPB1Prescaler                  0x08001af9   Thumb Code    28  main.o(.text.LL_RCC_SetAPB1Prescaler)
    [Anonymous Symbol]                       0x08001af8   Section        0  main.o(.text.LL_RCC_SetAPB1Prescaler)
    LL_RCC_SetAPB2Prescaler                  0x08001b19   Thumb Code    28  main.o(.text.LL_RCC_SetAPB2Prescaler)
    [Anonymous Symbol]                       0x08001b18   Section        0  main.o(.text.LL_RCC_SetAPB2Prescaler)
    LL_RCC_SetAPB3Prescaler                  0x08001b39   Thumb Code    28  main.o(.text.LL_RCC_SetAPB3Prescaler)
    [Anonymous Symbol]                       0x08001b38   Section        0  main.o(.text.LL_RCC_SetAPB3Prescaler)
    LL_RCC_SetAPB4Prescaler                  0x08001b59   Thumb Code    28  main.o(.text.LL_RCC_SetAPB4Prescaler)
    [Anonymous Symbol]                       0x08001b58   Section        0  main.o(.text.LL_RCC_SetAPB4Prescaler)
    LL_RCC_SetClockSource                    0x08001b79   Thumb Code    54  usart.o(.text.LL_RCC_SetClockSource)
    [Anonymous Symbol]                       0x08001b78   Section        0  usart.o(.text.LL_RCC_SetClockSource)
    LL_RCC_SetSysClkSource                   0x08001bb1   Thumb Code    28  main.o(.text.LL_RCC_SetSysClkSource)
    [Anonymous Symbol]                       0x08001bb0   Section        0  main.o(.text.LL_RCC_SetSysClkSource)
    LL_RCC_SetSysPrescaler                   0x08001bd1   Thumb Code    28  main.o(.text.LL_RCC_SetSysPrescaler)
    [Anonymous Symbol]                       0x08001bd0   Section        0  main.o(.text.LL_RCC_SetSysPrescaler)
    LL_RCC_SetUSARTClockSource               0x08001bf1   Thumb Code    16  usart.o(.text.LL_RCC_SetUSARTClockSource)
    [Anonymous Symbol]                       0x08001bf0   Section        0  usart.o(.text.LL_RCC_SetUSARTClockSource)
    [Anonymous Symbol]                       0x08001c00   Section        0  stm32h7xx_ll_utils.o(.text.LL_SetSystemCoreClock)
    LL_TIM_DisableARRPreload                 0x08001c19   Thumb Code    18  tim.o(.text.LL_TIM_DisableARRPreload)
    [Anonymous Symbol]                       0x08001c18   Section        0  tim.o(.text.LL_TIM_DisableARRPreload)
    LL_TIM_DisableMasterSlaveMode            0x08001c31   Thumb Code    18  tim.o(.text.LL_TIM_DisableMasterSlaveMode)
    [Anonymous Symbol]                       0x08001c30   Section        0  tim.o(.text.LL_TIM_DisableMasterSlaveMode)
    LL_TIM_GenerateEvent_UPDATE              0x08001c49   Thumb Code    18  stm32h7xx_ll_tim.o(.text.LL_TIM_GenerateEvent_UPDATE)
    [Anonymous Symbol]                       0x08001c48   Section        0  stm32h7xx_ll_tim.o(.text.LL_TIM_GenerateEvent_UPDATE)
    [Anonymous Symbol]                       0x08001c60   Section        0  stm32h7xx_ll_tim.o(.text.LL_TIM_Init)
    LL_TIM_SetAutoReload                     0x08001e11   Thumb Code    16  stm32h7xx_ll_tim.o(.text.LL_TIM_SetAutoReload)
    [Anonymous Symbol]                       0x08001e10   Section        0  stm32h7xx_ll_tim.o(.text.LL_TIM_SetAutoReload)
    LL_TIM_SetClockSource                    0x08001e21   Thumb Code    32  tim.o(.text.LL_TIM_SetClockSource)
    [Anonymous Symbol]                       0x08001e20   Section        0  tim.o(.text.LL_TIM_SetClockSource)
    LL_TIM_SetPrescaler                      0x08001e41   Thumb Code    16  stm32h7xx_ll_tim.o(.text.LL_TIM_SetPrescaler)
    [Anonymous Symbol]                       0x08001e40   Section        0  stm32h7xx_ll_tim.o(.text.LL_TIM_SetPrescaler)
    LL_TIM_SetRepetitionCounter              0x08001e51   Thumb Code    16  stm32h7xx_ll_tim.o(.text.LL_TIM_SetRepetitionCounter)
    [Anonymous Symbol]                       0x08001e50   Section        0  stm32h7xx_ll_tim.o(.text.LL_TIM_SetRepetitionCounter)
    LL_TIM_SetTriggerOutput                  0x08001e61   Thumb Code    26  tim.o(.text.LL_TIM_SetTriggerOutput)
    [Anonymous Symbol]                       0x08001e60   Section        0  tim.o(.text.LL_TIM_SetTriggerOutput)
    LL_USART_ClearFlag_FE                    0x08001e81   Thumb Code    14  main.o(.text.LL_USART_ClearFlag_FE)
    [Anonymous Symbol]                       0x08001e80   Section        0  main.o(.text.LL_USART_ClearFlag_FE)
    LL_USART_ClearFlag_NE                    0x08001e91   Thumb Code    14  main.o(.text.LL_USART_ClearFlag_NE)
    [Anonymous Symbol]                       0x08001e90   Section        0  main.o(.text.LL_USART_ClearFlag_NE)
    LL_USART_ClearFlag_ORE                   0x08001ea1   Thumb Code    14  main.o(.text.LL_USART_ClearFlag_ORE)
    [Anonymous Symbol]                       0x08001ea0   Section        0  main.o(.text.LL_USART_ClearFlag_ORE)
    LL_USART_ConfigAsyncMode                 0x08001eb1   Thumb Code    28  usart.o(.text.LL_USART_ConfigAsyncMode)
    [Anonymous Symbol]                       0x08001eb0   Section        0  usart.o(.text.LL_USART_ConfigAsyncMode)
    LL_USART_DisableFIFO                     0x08001ed1   Thumb Code    18  usart.o(.text.LL_USART_DisableFIFO)
    [Anonymous Symbol]                       0x08001ed0   Section        0  usart.o(.text.LL_USART_DisableFIFO)
    LL_USART_Enable                          0x08001ee9   Thumb Code    18  usart.o(.text.LL_USART_Enable)
    [Anonymous Symbol]                       0x08001ee8   Section        0  usart.o(.text.LL_USART_Enable)
    [Anonymous Symbol]                       0x08001f00   Section        0  stm32h7xx_ll_usart.o(.text.LL_USART_Init)
    LL_USART_IsActiveFlag_FE                 0x080020f1   Thumb Code    16  main.o(.text.LL_USART_IsActiveFlag_FE)
    [Anonymous Symbol]                       0x080020f0   Section        0  main.o(.text.LL_USART_IsActiveFlag_FE)
    LL_USART_IsActiveFlag_NE                 0x08002101   Thumb Code    16  main.o(.text.LL_USART_IsActiveFlag_NE)
    [Anonymous Symbol]                       0x08002100   Section        0  main.o(.text.LL_USART_IsActiveFlag_NE)
    LL_USART_IsActiveFlag_ORE                0x08002111   Thumb Code    16  main.o(.text.LL_USART_IsActiveFlag_ORE)
    [Anonymous Symbol]                       0x08002110   Section        0  main.o(.text.LL_USART_IsActiveFlag_ORE)
    LL_USART_IsActiveFlag_REACK              0x08002121   Thumb Code    16  usart.o(.text.LL_USART_IsActiveFlag_REACK)
    [Anonymous Symbol]                       0x08002120   Section        0  usart.o(.text.LL_USART_IsActiveFlag_REACK)
    LL_USART_IsActiveFlag_TC                 0x08002131   Thumb Code    16  main.o(.text.LL_USART_IsActiveFlag_TC)
    [Anonymous Symbol]                       0x08002130   Section        0  main.o(.text.LL_USART_IsActiveFlag_TC)
    LL_USART_IsActiveFlag_TEACK              0x08002141   Thumb Code    16  usart.o(.text.LL_USART_IsActiveFlag_TEACK)
    [Anonymous Symbol]                       0x08002140   Section        0  usart.o(.text.LL_USART_IsActiveFlag_TEACK)
    LL_USART_IsActiveFlag_TXE_TXFNF          0x08002151   Thumb Code    16  main.o(.text.LL_USART_IsActiveFlag_TXE_TXFNF)
    [Anonymous Symbol]                       0x08002150   Section        0  main.o(.text.LL_USART_IsActiveFlag_TXE_TXFNF)
    LL_USART_IsEnabled                       0x08002161   Thumb Code    16  stm32h7xx_ll_usart.o(.text.LL_USART_IsEnabled)
    [Anonymous Symbol]                       0x08002160   Section        0  stm32h7xx_ll_usart.o(.text.LL_USART_IsEnabled)
    LL_USART_SetBaudRate                     0x08002171   Thumb Code   162  stm32h7xx_ll_usart.o(.text.LL_USART_SetBaudRate)
    [Anonymous Symbol]                       0x08002170   Section        0  stm32h7xx_ll_usart.o(.text.LL_USART_SetBaudRate)
    LL_USART_SetHWFlowCtrl                   0x08002219   Thumb Code    26  stm32h7xx_ll_usart.o(.text.LL_USART_SetHWFlowCtrl)
    [Anonymous Symbol]                       0x08002218   Section        0  stm32h7xx_ll_usart.o(.text.LL_USART_SetHWFlowCtrl)
    LL_USART_SetPrescaler                    0x08002239   Thumb Code    28  stm32h7xx_ll_usart.o(.text.LL_USART_SetPrescaler)
    [Anonymous Symbol]                       0x08002238   Section        0  stm32h7xx_ll_usart.o(.text.LL_USART_SetPrescaler)
    LL_USART_SetRXFIFOThreshold              0x08002259   Thumb Code    50  usart.o(.text.LL_USART_SetRXFIFOThreshold)
    [Anonymous Symbol]                       0x08002258   Section        0  usart.o(.text.LL_USART_SetRXFIFOThreshold)
    LL_USART_SetStopBitsLength               0x08002291   Thumb Code    26  stm32h7xx_ll_usart.o(.text.LL_USART_SetStopBitsLength)
    [Anonymous Symbol]                       0x08002290   Section        0  stm32h7xx_ll_usart.o(.text.LL_USART_SetStopBitsLength)
    LL_USART_SetTXFIFOThreshold              0x080022b1   Thumb Code    50  usart.o(.text.LL_USART_SetTXFIFOThreshold)
    [Anonymous Symbol]                       0x080022b0   Section        0  usart.o(.text.LL_USART_SetTXFIFOThreshold)
    LL_USART_TransmitData8                   0x080022e9   Thumb Code    22  main.o(.text.LL_USART_TransmitData8)
    [Anonymous Symbol]                       0x080022e8   Section        0  main.o(.text.LL_USART_TransmitData8)
    [Anonymous Symbol]                       0x08002300   Section        0  stm32h7xx_ll_utils.o(.text.LL_mDelay)
    MPU_Config                               0x08002359   Thumb Code    36  main.o(.text.MPU_Config)
    [Anonymous Symbol]                       0x08002358   Section        0  main.o(.text.MPU_Config)
    [Anonymous Symbol]                       0x08002380   Section        0  dma.o(.text.MX_DMA_Init)
    [Anonymous Symbol]                       0x080023c8   Section        0  gpio.o(.text.MX_GPIO_Init)
    [Anonymous Symbol]                       0x08002490   Section        0  tim.o(.text.MX_TIM5_Init)
    [Anonymous Symbol]                       0x080024f8   Section        0  usart.o(.text.MX_USART3_UART_Init)
    [Anonymous Symbol]                       0x08002678   Section        0  stm32h7xx_it.o(.text.MemManage_Handler)
    [Anonymous Symbol]                       0x08002680   Section        0  stm32h7xx_it.o(.text.NMI_Handler)
    NVIC_EncodePriority                      0x08002689   Thumb Code   110  dma.o(.text.NVIC_EncodePriority)
    [Anonymous Symbol]                       0x08002688   Section        0  dma.o(.text.NVIC_EncodePriority)
    NVIC_EncodePriority                      0x080026f9   Thumb Code   110  usart.o(.text.NVIC_EncodePriority)
    [Anonymous Symbol]                       0x080026f8   Section        0  usart.o(.text.NVIC_EncodePriority)
    NVIC_EncodePriority                      0x08002769   Thumb Code   110  stm32h7xx_hal_cortex.o(.text.NVIC_EncodePriority)
    [Anonymous Symbol]                       0x08002768   Section        0  stm32h7xx_hal_cortex.o(.text.NVIC_EncodePriority)
    [Anonymous Symbol]                       0x080027d8   Section        0  stm32h7xx_it.o(.text.PendSV_Handler)
    RCC_GetHCLKClockFreq                     0x080027e1   Thumb Code    42  stm32h7xx_ll_rcc.o(.text.RCC_GetHCLKClockFreq)
    [Anonymous Symbol]                       0x080027e0   Section        0  stm32h7xx_ll_rcc.o(.text.RCC_GetHCLKClockFreq)
    RCC_GetPCLK1ClockFreq                    0x08002811   Thumb Code    42  stm32h7xx_ll_rcc.o(.text.RCC_GetPCLK1ClockFreq)
    [Anonymous Symbol]                       0x08002810   Section        0  stm32h7xx_ll_rcc.o(.text.RCC_GetPCLK1ClockFreq)
    RCC_GetPCLK2ClockFreq                    0x08002841   Thumb Code    42  stm32h7xx_ll_rcc.o(.text.RCC_GetPCLK2ClockFreq)
    [Anonymous Symbol]                       0x08002840   Section        0  stm32h7xx_ll_rcc.o(.text.RCC_GetPCLK2ClockFreq)
    RCC_GetSystemClockFreq                   0x08002871   Thumb Code   118  stm32h7xx_ll_rcc.o(.text.RCC_GetSystemClockFreq)
    [Anonymous Symbol]                       0x08002870   Section        0  stm32h7xx_ll_rcc.o(.text.RCC_GetSystemClockFreq)
    [Anonymous Symbol]                       0x080028e8   Section        0  stm32h7xx_it.o(.text.SVC_Handler)
    SysTick_Config                           0x080028f1   Thumb Code    82  stm32h7xx_hal_cortex.o(.text.SysTick_Config)
    [Anonymous Symbol]                       0x080028f0   Section        0  stm32h7xx_hal_cortex.o(.text.SysTick_Config)
    [Anonymous Symbol]                       0x08002948   Section        0  stm32h7xx_it.o(.text.SysTick_Handler)
    [Anonymous Symbol]                       0x08002950   Section        0  main.o(.text.SystemClock_Config)
    [Anonymous Symbol]                       0x08002a48   Section        0  system_stm32h7xx.o(.text.SystemInit)
    [Anonymous Symbol]                       0x08002bb0   Section        0  stm32h7xx_it.o(.text.USART3_IRQHandler)
    [Anonymous Symbol]                       0x08002bb8   Section        0  stm32h7xx_it.o(.text.UsageFault_Handler)
    __NVIC_EnableIRQ                         0x08002bc1   Thumb Code    44  dma.o(.text.__NVIC_EnableIRQ)
    [Anonymous Symbol]                       0x08002bc0   Section        0  dma.o(.text.__NVIC_EnableIRQ)
    __NVIC_EnableIRQ                         0x08002bf1   Thumb Code    44  usart.o(.text.__NVIC_EnableIRQ)
    [Anonymous Symbol]                       0x08002bf0   Section        0  usart.o(.text.__NVIC_EnableIRQ)
    __NVIC_GetPriorityGrouping               0x08002c21   Thumb Code    16  dma.o(.text.__NVIC_GetPriorityGrouping)
    [Anonymous Symbol]                       0x08002c20   Section        0  dma.o(.text.__NVIC_GetPriorityGrouping)
    __NVIC_GetPriorityGrouping               0x08002c31   Thumb Code    16  usart.o(.text.__NVIC_GetPriorityGrouping)
    [Anonymous Symbol]                       0x08002c30   Section        0  usart.o(.text.__NVIC_GetPriorityGrouping)
    __NVIC_GetPriorityGrouping               0x08002c41   Thumb Code    16  stm32h7xx_hal_cortex.o(.text.__NVIC_GetPriorityGrouping)
    [Anonymous Symbol]                       0x08002c40   Section        0  stm32h7xx_hal_cortex.o(.text.__NVIC_GetPriorityGrouping)
    __NVIC_SetPriority                       0x08002c51   Thumb Code    58  dma.o(.text.__NVIC_SetPriority)
    [Anonymous Symbol]                       0x08002c50   Section        0  dma.o(.text.__NVIC_SetPriority)
    __NVIC_SetPriority                       0x08002c91   Thumb Code    58  usart.o(.text.__NVIC_SetPriority)
    [Anonymous Symbol]                       0x08002c90   Section        0  usart.o(.text.__NVIC_SetPriority)
    __NVIC_SetPriority                       0x08002cd1   Thumb Code    58  stm32h7xx_hal_cortex.o(.text.__NVIC_SetPriority)
    [Anonymous Symbol]                       0x08002cd0   Section        0  stm32h7xx_hal_cortex.o(.text.__NVIC_SetPriority)
    __NVIC_SetPriorityGrouping               0x08002d11   Thumb Code    60  stm32h7xx_hal_cortex.o(.text.__NVIC_SetPriorityGrouping)
    [Anonymous Symbol]                       0x08002d10   Section        0  stm32h7xx_hal_cortex.o(.text.__NVIC_SetPriorityGrouping)
    [Anonymous Symbol]                       0x08002d50   Section        0  main.o(.text.main)
    ring_buf_read_bytes                      0x08002f09   Thumb Code   168  svc_rs485.o(.text.ring_buf_read_bytes)
    [Anonymous Symbol]                       0x08002f08   Section        0  svc_rs485.o(.text.ring_buf_read_bytes)
    ring_buf_used                            0x08002fb1   Thumb Code    26  svc_rs485.o(.text.ring_buf_used)
    [Anonymous Symbol]                       0x08002fb0   Section        0  svc_rs485.o(.text.ring_buf_used)
    svc_memcpy_u8                            0x08002fd1   Thumb Code    44  svc_rs485.o(.text.svc_memcpy_u8)
    [Anonymous Symbol]                       0x08002fd0   Section        0  svc_rs485.o(.text.svc_memcpy_u8)
    [Anonymous Symbol]                       0x08003000   Section        0  svc_rs485.o(.text.uart_rx_init)
    [Anonymous Symbol]                       0x08003020   Section        0  svc_rs485.o(.text.uart_rx_read)
    $v0                                      0x0800303c   Number         0  fpinit.o(x$fpl$fpinit)
    x$fpl$fpinit                             0x0800303c   Section       26  fpinit.o(x$fpl$fpinit)
    LL_DMA_STR_OFFSET_TAB                    0x08003066   Data           8  usart.o(.rodata.LL_DMA_STR_OFFSET_TAB)
    [Anonymous Symbol]                       0x08003066   Section        0  usart.o(.rodata.LL_DMA_STR_OFFSET_TAB)
    USART_PRESCALER_TAB                      0x08003080   Data          48  stm32h7xx_ll_usart.o(.rodata.USART_PRESCALER_TAB)
    [Anonymous Symbol]                       0x08003080   Section        0  stm32h7xx_ll_usart.o(.rodata.USART_PRESCALER_TAB)
    Stack_Mem                                0x20000000   Data        1024  startup_stm32h723xx.o(STACK)
    STACK                                    0x20000000   Section     1024  startup_stm32h723xx.o(STACK)
    __initial_sp                             0x20000400   Data           0  startup_stm32h723xx.o(STACK)
    .bss                                     0x24000010   Section       96  libspace.o(.bss)
    s_last_pos                               0x2400147c   Data           2  svc_rs485.o(.bss.s_last_pos)
    [Anonymous Symbol]                       0x2400147c   Section        0  svc_rs485.o(.bss.s_last_pos)
    Heap_Mem                                 0x24001488   Data         512  startup_stm32h723xx.o(HEAP)
    HEAP                                     0x24001488   Section      512  startup_stm32h723xx.o(HEAP)

    Global Symbols

    Symbol Name                              Value     Ov Type        Size  Object(Section)

    BuildAttributes$$THM_ISAv4$E$P$D$K$B$S$7EM$VFPv5_D16$PE$PLD8$A:L22UL41UL21$X:L11$S22US41US21$IEEE1$IW$~IW$USESV6$~STKCKD$USESV7$WCHAR32$ENUMINT$~SHL$OSPACE$ROPI$EBA8$UX$STANDARDLIB$REQ8$EABIv2 0x00000000   Number         0  anon$$obj.o ABSOLUTE
    __ARM_exceptions_init                     - Undefined Weak Reference
    __alloca_initialize                       - Undefined Weak Reference
    __arm_preinit_                            - Undefined Weak Reference
    __cpp_initialize__aeabi_                  - Undefined Weak Reference
    __cxa_finalize                            - Undefined Weak Reference
    __rt_locale                               - Undefined Weak Reference
    __sigvec_lookup                           - Undefined Weak Reference
    _atexit_init                              - Undefined Weak Reference
    _call_atexit_fns                          - Undefined Weak Reference
    _clock_init                               - Undefined Weak Reference
    _fp_trap_init                             - Undefined Weak Reference
    _fp_trap_shutdown                         - Undefined Weak Reference
    _get_lc_collate                           - Undefined Weak Reference
    _get_lc_ctype                             - Undefined Weak Reference
    _get_lc_monetary                          - Undefined Weak Reference
    _get_lc_numeric                           - Undefined Weak Reference
    _get_lc_time                              - Undefined Weak Reference
    _getenv_init                              - Undefined Weak Reference
    _handle_redirection                       - Undefined Weak Reference
    _init_alloc                               - Undefined Weak Reference
    _init_user_alloc                          - Undefined Weak Reference
    _initio                                   - Undefined Weak Reference
    _rand_init                                - Undefined Weak Reference
    _signal_finish                            - Undefined Weak Reference
    _signal_init                              - Undefined Weak Reference
    _terminate_alloc                          - Undefined Weak Reference
    _terminate_user_alloc                     - Undefined Weak Reference
    _terminateio                              - Undefined Weak Reference
    __Vectors_Size                           0x000002cc   Number         0  startup_stm32h723xx.o ABSOLUTE
    __Vectors                                0x08000000   Data           4  startup_stm32h723xx.o(RESET)
    __Vectors_End                            0x080002cc   Data           0  startup_stm32h723xx.o(RESET)
    __main                                   0x080002cd   Thumb Code     8  __main.o(!!!main)
    __scatterload                            0x080002d5   Thumb Code     0  __scatter.o(!!!scatter)
    __scatterload_rt2                        0x080002d5   Thumb Code    44  __scatter.o(!!!scatter)
    __scatterload_rt2_thumb_only             0x080002d5   Thumb Code     0  __scatter.o(!!!scatter)
    __scatterload_null                       0x080002e3   Thumb Code     0  __scatter.o(!!!scatter)
    __scatterload_copy                       0x08000309   Thumb Code    26  __scatter_copy.o(!!handler_copy)
    __scatterload_zeroinit                   0x08000325   Thumb Code    28  __scatter_zi.o(!!handler_zi)
    __rt_lib_init                            0x08000341   Thumb Code     0  libinit.o(.ARM.Collect$$libinit$$00000000)
    __rt_lib_init_fp_1                       0x08000343   Thumb Code     0  libinit2.o(.ARM.Collect$$libinit$$00000001)
    __rt_lib_init_alloca_1                   0x08000347   Thumb Code     0  libinit2.o(.ARM.Collect$$libinit$$0000002E)
    __rt_lib_init_argv_1                     0x08000347   Thumb Code     0  libinit2.o(.ARM.Collect$$libinit$$0000002C)
    __rt_lib_init_atexit_1                   0x08000347   Thumb Code     0  libinit2.o(.ARM.Collect$$libinit$$0000001B)
    __rt_lib_init_clock_1                    0x08000347   Thumb Code     0  libinit2.o(.ARM.Collect$$libinit$$00000021)
    __rt_lib_init_cpp_1                      0x08000347   Thumb Code     0  libinit2.o(.ARM.Collect$$libinit$$00000032)
    __rt_lib_init_exceptions_1               0x08000347   Thumb Code     0  libinit2.o(.ARM.Collect$$libinit$$00000030)
    __rt_lib_init_fp_trap_1                  0x08000347   Thumb Code     0  libinit2.o(.ARM.Collect$$libinit$$0000001F)
    __rt_lib_init_getenv_1                   0x08000347   Thumb Code     0  libinit2.o(.ARM.Collect$$libinit$$00000023)
    __rt_lib_init_heap_1                     0x08000347   Thumb Code     0  libinit2.o(.ARM.Collect$$libinit$$0000000A)
    __rt_lib_init_lc_collate_1               0x08000347   Thumb Code     0  libinit2.o(.ARM.Collect$$libinit$$00000011)
    __rt_lib_init_lc_ctype_1                 0x08000347   Thumb Code     0  libinit2.o(.ARM.Collect$$libinit$$00000013)
    __rt_lib_init_lc_monetary_1              0x08000347   Thumb Code     0  libinit2.o(.ARM.Collect$$libinit$$00000015)
    __rt_lib_init_lc_numeric_1               0x08000347   Thumb Code     0  libinit2.o(.ARM.Collect$$libinit$$00000017)
    __rt_lib_init_lc_time_1                  0x08000347   Thumb Code     0  libinit2.o(.ARM.Collect$$libinit$$00000019)
    __rt_lib_init_preinit_1                  0x08000347   Thumb Code     0  libinit2.o(.ARM.Collect$$libinit$$00000004)
    __rt_lib_init_rand_1                     0x08000347   Thumb Code     0  libinit2.o(.ARM.Collect$$libinit$$0000000E)
    __rt_lib_init_return                     0x08000347   Thumb Code     0  libinit2.o(.ARM.Collect$$libinit$$00000033)
    __rt_lib_init_signal_1                   0x08000347   Thumb Code     0  libinit2.o(.ARM.Collect$$libinit$$0000001D)
    __rt_lib_init_stdio_1                    0x08000347   Thumb Code     0  libinit2.o(.ARM.Collect$$libinit$$00000025)
    __rt_lib_init_user_alloc_1               0x08000347   Thumb Code     0  libinit2.o(.ARM.Collect$$libinit$$0000000C)
    __rt_lib_shutdown                        0x08000349   Thumb Code     0  libshutdown.o(.ARM.Collect$$libshutdown$$00000000)
    __rt_lib_shutdown_cpp_1                  0x0800034b   Thumb Code     0  libshutdown2.o(.ARM.Collect$$libshutdown$$00000002)
    __rt_lib_shutdown_fp_trap_1              0x0800034b   Thumb Code     0  libshutdown2.o(.ARM.Collect$$libshutdown$$00000007)
    __rt_lib_shutdown_heap_1                 0x0800034b   Thumb Code     0  libshutdown2.o(.ARM.Collect$$libshutdown$$0000000F)
    __rt_lib_shutdown_return                 0x0800034b   Thumb Code     0  libshutdown2.o(.ARM.Collect$$libshutdown$$00000010)
    __rt_lib_shutdown_signal_1               0x0800034b   Thumb Code     0  libshutdown2.o(.ARM.Collect$$libshutdown$$0000000A)
    __rt_lib_shutdown_stdio_1                0x0800034b   Thumb Code     0  libshutdown2.o(.ARM.Collect$$libshutdown$$00000004)
    __rt_lib_shutdown_user_alloc_1           0x0800034b   Thumb Code     0  libshutdown2.o(.ARM.Collect$$libshutdown$$0000000C)
    __rt_entry                               0x0800034d   Thumb Code     0  __rtentry.o(.ARM.Collect$$rtentry$$00000000)
    __rt_entry_presh_1                       0x0800034d   Thumb Code     0  __rtentry2.o(.ARM.Collect$$rtentry$$00000002)
    __rt_entry_sh                            0x0800034d   Thumb Code     0  __rtentry4.o(.ARM.Collect$$rtentry$$00000004)
    __rt_entry_li                            0x08000353   Thumb Code     0  __rtentry2.o(.ARM.Collect$$rtentry$$0000000A)
    __rt_entry_postsh_1                      0x08000353   Thumb Code     0  __rtentry2.o(.ARM.Collect$$rtentry$$00000009)
    __rt_entry_main                          0x08000357   Thumb Code     0  __rtentry2.o(.ARM.Collect$$rtentry$$0000000D)
    __rt_entry_postli_1                      0x08000357   Thumb Code     0  __rtentry2.o(.ARM.Collect$$rtentry$$0000000C)
    __rt_exit                                0x0800035f   Thumb Code     0  rtexit.o(.ARM.Collect$$rtexit$$00000000)
    __rt_exit_ls                             0x08000361   Thumb Code     0  rtexit2.o(.ARM.Collect$$rtexit$$00000003)
    __rt_exit_prels_1                        0x08000361   Thumb Code     0  rtexit2.o(.ARM.Collect$$rtexit$$00000002)
    __rt_exit_exit                           0x08000365   Thumb Code     0  rtexit2.o(.ARM.Collect$$rtexit$$00000004)
    Reset_Handler                            0x0800036d   Thumb Code    12  startup_stm32h723xx.o(.text)
    ADC3_IRQHandler                          0x0800038b   Thumb Code     0  startup_stm32h723xx.o(.text)
    ADC_IRQHandler                           0x0800038b   Thumb Code     0  startup_stm32h723xx.o(.text)
    BDMA_Channel0_IRQHandler                 0x0800038b   Thumb Code     0  startup_stm32h723xx.o(.text)
    BDMA_Channel1_IRQHandler                 0x0800038b   Thumb Code     0  startup_stm32h723xx.o(.text)
    BDMA_Channel2_IRQHandler                 0x0800038b   Thumb Code     0  startup_stm32h723xx.o(.text)
    BDMA_Channel3_IRQHandler                 0x0800038b   Thumb Code     0  startup_stm32h723xx.o(.text)
    BDMA_Channel4_IRQHandler                 0x0800038b   Thumb Code     0  startup_stm32h723xx.o(.text)
    BDMA_Channel5_IRQHandler                 0x0800038b   Thumb Code     0  startup_stm32h723xx.o(.text)
    BDMA_Channel6_IRQHandler                 0x0800038b   Thumb Code     0  startup_stm32h723xx.o(.text)
    BDMA_Channel7_IRQHandler                 0x0800038b   Thumb Code     0  startup_stm32h723xx.o(.text)
    CEC_IRQHandler                           0x0800038b   Thumb Code     0  startup_stm32h723xx.o(.text)
    COMP1_IRQHandler                         0x0800038b   Thumb Code     0  startup_stm32h723xx.o(.text)
    CORDIC_IRQHandler                        0x0800038b   Thumb Code     0  startup_stm32h723xx.o(.text)
    CRS_IRQHandler                           0x0800038b   Thumb Code     0  startup_stm32h723xx.o(.text)
    DCMI_PSSI_IRQHandler                     0x0800038b   Thumb Code     0  startup_stm32h723xx.o(.text)
    DFSDM1_FLT0_IRQHandler                   0x0800038b   Thumb Code     0  startup_stm32h723xx.o(.text)
    DFSDM1_FLT1_IRQHandler                   0x0800038b   Thumb Code     0  startup_stm32h723xx.o(.text)
    DFSDM1_FLT2_IRQHandler                   0x0800038b   Thumb Code     0  startup_stm32h723xx.o(.text)
    DFSDM1_FLT3_IRQHandler                   0x0800038b   Thumb Code     0  startup_stm32h723xx.o(.text)
    DMA1_Stream1_IRQHandler                  0x0800038b   Thumb Code     0  startup_stm32h723xx.o(.text)
    DMA1_Stream2_IRQHandler                  0x0800038b   Thumb Code     0  startup_stm32h723xx.o(.text)
    DMA1_Stream3_IRQHandler                  0x0800038b   Thumb Code     0  startup_stm32h723xx.o(.text)
    DMA1_Stream4_IRQHandler                  0x0800038b   Thumb Code     0  startup_stm32h723xx.o(.text)
    DMA1_Stream5_IRQHandler                  0x0800038b   Thumb Code     0  startup_stm32h723xx.o(.text)
    DMA1_Stream6_IRQHandler                  0x0800038b   Thumb Code     0  startup_stm32h723xx.o(.text)
    DMA1_Stream7_IRQHandler                  0x0800038b   Thumb Code     0  startup_stm32h723xx.o(.text)
    DMA2D_IRQHandler                         0x0800038b   Thumb Code     0  startup_stm32h723xx.o(.text)
    DMA2_Stream0_IRQHandler                  0x0800038b   Thumb Code     0  startup_stm32h723xx.o(.text)
    DMA2_Stream1_IRQHandler                  0x0800038b   Thumb Code     0  startup_stm32h723xx.o(.text)
    DMA2_Stream2_IRQHandler                  0x0800038b   Thumb Code     0  startup_stm32h723xx.o(.text)
    DMA2_Stream3_IRQHandler                  0x0800038b   Thumb Code     0  startup_stm32h723xx.o(.text)
    DMA2_Stream4_IRQHandler                  0x0800038b   Thumb Code     0  startup_stm32h723xx.o(.text)
    DMA2_Stream5_IRQHandler                  0x0800038b   Thumb Code     0  startup_stm32h723xx.o(.text)
    DMA2_Stream6_IRQHandler                  0x0800038b   Thumb Code     0  startup_stm32h723xx.o(.text)
    DMA2_Stream7_IRQHandler                  0x0800038b   Thumb Code     0  startup_stm32h723xx.o(.text)
    DMAMUX1_OVR_IRQHandler                   0x0800038b   Thumb Code     0  startup_stm32h723xx.o(.text)
    DMAMUX2_OVR_IRQHandler                   0x0800038b   Thumb Code     0  startup_stm32h723xx.o(.text)
    DTS_IRQHandler                           0x0800038b   Thumb Code     0  startup_stm32h723xx.o(.text)
    ECC_IRQHandler                           0x0800038b   Thumb Code     0  startup_stm32h723xx.o(.text)
    ETH_IRQHandler                           0x0800038b   Thumb Code     0  startup_stm32h723xx.o(.text)
    ETH_WKUP_IRQHandler                      0x0800038b   Thumb Code     0  startup_stm32h723xx.o(.text)
    EXTI0_IRQHandler                         0x0800038b   Thumb Code     0  startup_stm32h723xx.o(.text)
    EXTI15_10_IRQHandler                     0x0800038b   Thumb Code     0  startup_stm32h723xx.o(.text)
    EXTI1_IRQHandler                         0x0800038b   Thumb Code     0  startup_stm32h723xx.o(.text)
    EXTI2_IRQHandler                         0x0800038b   Thumb Code     0  startup_stm32h723xx.o(.text)
    EXTI3_IRQHandler                         0x0800038b   Thumb Code     0  startup_stm32h723xx.o(.text)
    EXTI4_IRQHandler                         0x0800038b   Thumb Code     0  startup_stm32h723xx.o(.text)
    EXTI9_5_IRQHandler                       0x0800038b   Thumb Code     0  startup_stm32h723xx.o(.text)
    FDCAN1_IT0_IRQHandler                    0x0800038b   Thumb Code     0  startup_stm32h723xx.o(.text)
    FDCAN1_IT1_IRQHandler                    0x0800038b   Thumb Code     0  startup_stm32h723xx.o(.text)
    FDCAN2_IT0_IRQHandler                    0x0800038b   Thumb Code     0  startup_stm32h723xx.o(.text)
    FDCAN2_IT1_IRQHandler                    0x0800038b   Thumb Code     0  startup_stm32h723xx.o(.text)
    FDCAN3_IT0_IRQHandler                    0x0800038b   Thumb Code     0  startup_stm32h723xx.o(.text)
    FDCAN3_IT1_IRQHandler                    0x0800038b   Thumb Code     0  startup_stm32h723xx.o(.text)
    FDCAN_CAL_IRQHandler                     0x0800038b   Thumb Code     0  startup_stm32h723xx.o(.text)
    FLASH_IRQHandler                         0x0800038b   Thumb Code     0  startup_stm32h723xx.o(.text)
    FMAC_IRQHandler                          0x0800038b   Thumb Code     0  startup_stm32h723xx.o(.text)
    FMC_IRQHandler                           0x0800038b   Thumb Code     0  startup_stm32h723xx.o(.text)
    FPU_IRQHandler                           0x0800038b   Thumb Code     0  startup_stm32h723xx.o(.text)
    HSEM1_IRQHandler                         0x0800038b   Thumb Code     0  startup_stm32h723xx.o(.text)
    I2C1_ER_IRQHandler                       0x0800038b   Thumb Code     0  startup_stm32h723xx.o(.text)
    I2C1_EV_IRQHandler                       0x0800038b   Thumb Code     0  startup_stm32h723xx.o(.text)
    I2C2_ER_IRQHandler                       0x0800038b   Thumb Code     0  startup_stm32h723xx.o(.text)
    I2C2_EV_IRQHandler                       0x0800038b   Thumb Code     0  startup_stm32h723xx.o(.text)
    I2C3_ER_IRQHandler                       0x0800038b   Thumb Code     0  startup_stm32h723xx.o(.text)
    I2C3_EV_IRQHandler                       0x0800038b   Thumb Code     0  startup_stm32h723xx.o(.text)
    I2C4_ER_IRQHandler                       0x0800038b   Thumb Code     0  startup_stm32h723xx.o(.text)
    I2C4_EV_IRQHandler                       0x0800038b   Thumb Code     0  startup_stm32h723xx.o(.text)
    I2C5_ER_IRQHandler                       0x0800038b   Thumb Code     0  startup_stm32h723xx.o(.text)
    I2C5_EV_IRQHandler                       0x0800038b   Thumb Code     0  startup_stm32h723xx.o(.text)
    LPTIM1_IRQHandler                        0x0800038b   Thumb Code     0  startup_stm32h723xx.o(.text)
    LPTIM2_IRQHandler                        0x0800038b   Thumb Code     0  startup_stm32h723xx.o(.text)
    LPTIM3_IRQHandler                        0x0800038b   Thumb Code     0  startup_stm32h723xx.o(.text)
    LPTIM4_IRQHandler                        0x0800038b   Thumb Code     0  startup_stm32h723xx.o(.text)
    LPTIM5_IRQHandler                        0x0800038b   Thumb Code     0  startup_stm32h723xx.o(.text)
    LPUART1_IRQHandler                       0x0800038b   Thumb Code     0  startup_stm32h723xx.o(.text)
    LTDC_ER_IRQHandler                       0x0800038b   Thumb Code     0  startup_stm32h723xx.o(.text)
    LTDC_IRQHandler                          0x0800038b   Thumb Code     0  startup_stm32h723xx.o(.text)
    MDIOS_IRQHandler                         0x0800038b   Thumb Code     0  startup_stm32h723xx.o(.text)
    MDIOS_WKUP_IRQHandler                    0x0800038b   Thumb Code     0  startup_stm32h723xx.o(.text)
    MDMA_IRQHandler                          0x0800038b   Thumb Code     0  startup_stm32h723xx.o(.text)
    OCTOSPI1_IRQHandler                      0x0800038b   Thumb Code     0  startup_stm32h723xx.o(.text)
    OCTOSPI2_IRQHandler                      0x0800038b   Thumb Code     0  startup_stm32h723xx.o(.text)
    OTG_HS_EP1_IN_IRQHandler                 0x0800038b   Thumb Code     0  startup_stm32h723xx.o(.text)
    OTG_HS_EP1_OUT_IRQHandler                0x0800038b   Thumb Code     0  startup_stm32h723xx.o(.text)
    OTG_HS_IRQHandler                        0x0800038b   Thumb Code     0  startup_stm32h723xx.o(.text)
    OTG_HS_WKUP_IRQHandler                   0x0800038b   Thumb Code     0  startup_stm32h723xx.o(.text)
    PVD_AVD_IRQHandler                       0x0800038b   Thumb Code     0  startup_stm32h723xx.o(.text)
    RCC_IRQHandler                           0x0800038b   Thumb Code     0  startup_stm32h723xx.o(.text)
    RNG_IRQHandler                           0x0800038b   Thumb Code     0  startup_stm32h723xx.o(.text)
    RTC_Alarm_IRQHandler                     0x0800038b   Thumb Code     0  startup_stm32h723xx.o(.text)
    RTC_WKUP_IRQHandler                      0x0800038b   Thumb Code     0  startup_stm32h723xx.o(.text)
    SAI1_IRQHandler                          0x0800038b   Thumb Code     0  startup_stm32h723xx.o(.text)
    SAI4_IRQHandler                          0x0800038b   Thumb Code     0  startup_stm32h723xx.o(.text)
    SDMMC1_IRQHandler                        0x0800038b   Thumb Code     0  startup_stm32h723xx.o(.text)
    SDMMC2_IRQHandler                        0x0800038b   Thumb Code     0  startup_stm32h723xx.o(.text)
    SPDIF_RX_IRQHandler                      0x0800038b   Thumb Code     0  startup_stm32h723xx.o(.text)
    SPI1_IRQHandler                          0x0800038b   Thumb Code     0  startup_stm32h723xx.o(.text)
    SPI2_IRQHandler                          0x0800038b   Thumb Code     0  startup_stm32h723xx.o(.text)
    SPI3_IRQHandler                          0x0800038b   Thumb Code     0  startup_stm32h723xx.o(.text)
    SPI4_IRQHandler                          0x0800038b   Thumb Code     0  startup_stm32h723xx.o(.text)
    SPI5_IRQHandler                          0x0800038b   Thumb Code     0  startup_stm32h723xx.o(.text)
    SPI6_IRQHandler                          0x0800038b   Thumb Code     0  startup_stm32h723xx.o(.text)
    SWPMI1_IRQHandler                        0x0800038b   Thumb Code     0  startup_stm32h723xx.o(.text)
    TAMP_STAMP_IRQHandler                    0x0800038b   Thumb Code     0  startup_stm32h723xx.o(.text)
    TIM15_IRQHandler                         0x0800038b   Thumb Code     0  startup_stm32h723xx.o(.text)
    TIM16_IRQHandler                         0x0800038b   Thumb Code     0  startup_stm32h723xx.o(.text)
    TIM17_IRQHandler                         0x0800038b   Thumb Code     0  startup_stm32h723xx.o(.text)
    TIM1_BRK_IRQHandler                      0x0800038b   Thumb Code     0  startup_stm32h723xx.o(.text)
    TIM1_CC_IRQHandler                       0x0800038b   Thumb Code     0  startup_stm32h723xx.o(.text)
    TIM1_TRG_COM_IRQHandler                  0x0800038b   Thumb Code     0  startup_stm32h723xx.o(.text)
    TIM1_UP_IRQHandler                       0x0800038b   Thumb Code     0  startup_stm32h723xx.o(.text)
    TIM23_IRQHandler                         0x0800038b   Thumb Code     0  startup_stm32h723xx.o(.text)
    TIM24_IRQHandler                         0x0800038b   Thumb Code     0  startup_stm32h723xx.o(.text)
    TIM2_IRQHandler                          0x0800038b   Thumb Code     0  startup_stm32h723xx.o(.text)
    TIM3_IRQHandler                          0x0800038b   Thumb Code     0  startup_stm32h723xx.o(.text)
    TIM4_IRQHandler                          0x0800038b   Thumb Code     0  startup_stm32h723xx.o(.text)
    TIM5_IRQHandler                          0x0800038b   Thumb Code     0  startup_stm32h723xx.o(.text)
    TIM6_DAC_IRQHandler                      0x0800038b   Thumb Code     0  startup_stm32h723xx.o(.text)
    TIM7_IRQHandler                          0x0800038b   Thumb Code     0  startup_stm32h723xx.o(.text)
    TIM8_BRK_TIM12_IRQHandler                0x0800038b   Thumb Code     0  startup_stm32h723xx.o(.text)
    TIM8_CC_IRQHandler                       0x0800038b   Thumb Code     0  startup_stm32h723xx.o(.text)
    TIM8_TRG_COM_TIM14_IRQHandler            0x0800038b   Thumb Code     0  startup_stm32h723xx.o(.text)
    TIM8_UP_TIM13_IRQHandler                 0x0800038b   Thumb Code     0  startup_stm32h723xx.o(.text)
    UART4_IRQHandler                         0x0800038b   Thumb Code     0  startup_stm32h723xx.o(.text)
    UART5_IRQHandler                         0x0800038b   Thumb Code     0  startup_stm32h723xx.o(.text)
    UART7_IRQHandler                         0x0800038b   Thumb Code     0  startup_stm32h723xx.o(.text)
    UART8_IRQHandler                         0x0800038b   Thumb Code     0  startup_stm32h723xx.o(.text)
    UART9_IRQHandler                         0x0800038b   Thumb Code     0  startup_stm32h723xx.o(.text)
    USART10_IRQHandler                       0x0800038b   Thumb Code     0  startup_stm32h723xx.o(.text)
    USART1_IRQHandler                        0x0800038b   Thumb Code     0  startup_stm32h723xx.o(.text)
    USART2_IRQHandler                        0x0800038b   Thumb Code     0  startup_stm32h723xx.o(.text)
    USART6_IRQHandler                        0x0800038b   Thumb Code     0  startup_stm32h723xx.o(.text)
    WAKEUP_PIN_IRQHandler                    0x0800038b   Thumb Code     0  startup_stm32h723xx.o(.text)
    WWDG_IRQHandler                          0x0800038b   Thumb Code     0  startup_stm32h723xx.o(.text)
    __user_initial_stackheap                 0x0800038d   Thumb Code     0  startup_stm32h723xx.o(.text)
    __aeabi_memclr4                          0x080003b5   Thumb Code     0  rt_memclr_w.o(.text)
    __aeabi_memclr8                          0x080003b5   Thumb Code     0  rt_memclr_w.o(.text)
    __rt_memclr_w                            0x080003b5   Thumb Code    78  rt_memclr_w.o(.text)
    _memset_w                                0x080003b9   Thumb Code     0  rt_memclr_w.o(.text)
    __use_two_region_memory                  0x08000403   Thumb Code     2  heapauxi.o(.text)
    __rt_heap_escrow$2region                 0x08000405   Thumb Code     2  heapauxi.o(.text)
    __rt_heap_expand$2region                 0x08000407   Thumb Code     2  heapauxi.o(.text)
    __user_setup_stackheap                   0x08000409   Thumb Code    74  sys_stackheap_outer.o(.text)
    exit                                     0x08000453   Thumb Code    18  exit.o(.text)
    __user_libspace                          0x08000465   Thumb Code     8  libspace.o(.text)
    __user_perproc_libspace                  0x08000465   Thumb Code     0  libspace.o(.text)
    __user_perthread_libspace                0x08000465   Thumb Code     0  libspace.o(.text)
    _sys_exit                                0x0800046d   Thumb Code     8  sys_exit.o(.text)
    __I$use$semihosting                      0x08000479   Thumb Code     0  use_no_semi.o(.text)
    __use_no_semihosting_swi                 0x08000479   Thumb Code     2  use_no_semi.o(.text)
    __semihosting_library_function           0x0800047b   Thumb Code     0  indicate_semi.o(.text)
    BusFault_Handler                         0x08000481   Thumb Code     4  stm32h7xx_it.o(.text.BusFault_Handler)
    DMA1_Stream0_IRQHandler                  0x08000489   Thumb Code   124  stm32h7xx_it.o(.text.DMA1_Stream0_IRQHandler)
    DebugMon_Handler                         0x08000509   Thumb Code     2  stm32h7xx_it.o(.text.DebugMon_Handler)
    Error_Handler                            0x08000511   Thumb Code    14  main.o(.text.Error_Handler)
    ExitRun0Mode                             0x08000521   Thumb Code    40  system_stm32h7xx.o(.text.ExitRun0Mode)
    HAL_IncTick                              0x08000549   Thumb Code    26  stm32h7xx_hal.o(.text.HAL_IncTick)
    HAL_Init                                 0x08000569   Thumb Code   118  stm32h7xx_hal.o(.text.HAL_Init)
    HAL_InitTick                             0x080005e1   Thumb Code   128  stm32h7xx_hal.o(.text.HAL_InitTick)
    HAL_MspInit                              0x08000661   Thumb Code    36  stm32h7xx_hal_msp.o(.text.HAL_MspInit)
    HAL_NVIC_SetPriority                     0x08000689   Thumb Code    52  stm32h7xx_hal_cortex.o(.text.HAL_NVIC_SetPriority)
    HAL_NVIC_SetPriorityGrouping             0x080006c1   Thumb Code    16  stm32h7xx_hal_cortex.o(.text.HAL_NVIC_SetPriorityGrouping)
    HAL_RCC_GetSysClockFreq                  0x080006d1   Thumb Code   788  stm32h7xx_hal_rcc.o(.text.HAL_RCC_GetSysClockFreq)
    HAL_SYSTICK_Config                       0x080009e9   Thumb Code    16  stm32h7xx_hal_cortex.o(.text.HAL_SYSTICK_Config)
    HardFault_Handler                        0x080009f9   Thumb Code     4  stm32h7xx_it.o(.text.HardFault_Handler)
    LL_GPIO_Init                             0x08000cb9   Thumb Code   232  stm32h7xx_ll_gpio.o(.text.LL_GPIO_Init)
    LL_RCC_CalcPLLClockFreq                  0x08000fe9   Thumb Code   112  stm32h7xx_ll_rcc.o(.text.LL_RCC_CalcPLLClockFreq)
    LL_RCC_GetPLL1ClockFreq                  0x080010b9   Thumb Code   336  stm32h7xx_ll_rcc.o(.text.LL_RCC_GetPLL1ClockFreq)
    LL_RCC_GetPLL2ClockFreq                  0x08001209   Thumb Code   336  stm32h7xx_ll_rcc.o(.text.LL_RCC_GetPLL2ClockFreq)
    LL_RCC_GetPLL3ClockFreq                  0x08001359   Thumb Code   344  stm32h7xx_ll_rcc.o(.text.LL_RCC_GetPLL3ClockFreq)
    LL_RCC_GetUSARTClockFreq                 0x080014e1   Thumb Code   424  stm32h7xx_ll_rcc.o(.text.LL_RCC_GetUSARTClockFreq)
    LL_SetSystemCoreClock                    0x08001c01   Thumb Code    20  stm32h7xx_ll_utils.o(.text.LL_SetSystemCoreClock)
    LL_TIM_Init                              0x08001c61   Thumb Code   430  stm32h7xx_ll_tim.o(.text.LL_TIM_Init)
    LL_USART_Init                            0x08001f01   Thumb Code   490  stm32h7xx_ll_usart.o(.text.LL_USART_Init)
    LL_mDelay                                0x08002301   Thumb Code    82  stm32h7xx_ll_utils.o(.text.LL_mDelay)
    MX_DMA_Init                              0x08002381   Thumb Code    72  dma.o(.text.MX_DMA_Init)
    MX_GPIO_Init                             0x080023c9   Thumb Code   196  gpio.o(.text.MX_GPIO_Init)
    MX_TIM5_Init                             0x08002491   Thumb Code   100  tim.o(.text.MX_TIM5_Init)
    MX_USART3_UART_Init                      0x080024f9   Thumb Code   382  usart.o(.text.MX_USART3_UART_Init)
    MemManage_Handler                        0x08002679   Thumb Code     4  stm32h7xx_it.o(.text.MemManage_Handler)
    NMI_Handler                              0x08002681   Thumb Code     4  stm32h7xx_it.o(.text.NMI_Handler)
    PendSV_Handler                           0x080027d9   Thumb Code     2  stm32h7xx_it.o(.text.PendSV_Handler)
    SVC_Handler                              0x080028e9   Thumb Code     2  stm32h7xx_it.o(.text.SVC_Handler)
    SysTick_Handler                          0x08002949   Thumb Code     8  stm32h7xx_it.o(.text.SysTick_Handler)
    SystemClock_Config                       0x08002951   Thumb Code   248  main.o(.text.SystemClock_Config)
    SystemInit                               0x08002a49   Thumb Code   358  system_stm32h7xx.o(.text.SystemInit)
    USART3_IRQHandler                        0x08002bb1   Thumb Code     2  stm32h7xx_it.o(.text.USART3_IRQHandler)
    UsageFault_Handler                       0x08002bb9   Thumb Code     4  stm32h7xx_it.o(.text.UsageFault_Handler)
    main                                     0x08002d51   Thumb Code   434  main.o(.text.main)
    uart_rx_init                             0x08003001   Thumb Code    32  svc_rs485.o(.text.uart_rx_init)
    uart_rx_read                             0x08003021   Thumb Code    28  svc_rs485.o(.text.uart_rx_read)
    _fp_init                                 0x0800303d   Thumb Code    26  fpinit.o(x$fpl$fpinit)
    __fplib_config_fpu_vfp                   0x08003055   Thumb Code     0  fpinit.o(x$fpl$fpinit)
    __fplib_config_pureend_doubles           0x08003055   Thumb Code     0  fpinit.o(x$fpl$fpinit)
    D1CorePrescTable                         0x08003056   Data          16  system_stm32h7xx.o(.rodata.D1CorePrescTable)
    LL_RCC_PrescTable                        0x0800306e   Data          16  stm32h7xx_ll_rcc.o(.rodata.LL_RCC_PrescTable)
    Region$$Table$$Base                      0x080030b0   Number         0  anon$$obj.o(Region$$Table)
    Region$$Table$$Limit                     0x080030e0   Number         0  anon$$obj.o(Region$$Table)
    SystemCoreClock                          0x24000000   Data           4  system_stm32h7xx.o(.data.SystemCoreClock)
    SystemD2Clock                            0x24000004   Data           4  system_stm32h7xx.o(.data.SystemD2Clock)
    uwTickFreq                               0x24000008   Data           4  stm32h7xx_hal.o(.data.uwTickFreq)
    uwTickPrio                               0x2400000c   Data           4  stm32h7xx_hal.o(.data.uwTickPrio)
    __libspace_start                         0x24000010   Data          96  libspace.o(.bss)
    __temporary_stack_top$libspace           0x24000070   Data           0  libspace.o(.bss)
    dma_rx_buf                               0x24000070   Data        1024  svc_rs485.o(.bss.dma_rx_buf)
    g_ring_buf                               0x24000470   Data        4108  svc_rs485.o(.bss.g_ring_buf)
    uwTick                                   0x24001480   Data           4  stm32h7xx_hal.o(.bss.uwTick)



==============================================================================

Memory Map of the image

  Image Entry point : 0x080002cd

  Load Region LR_IROM1 (Base: 0x08000000, Size: 0x000030f0, Max: 0x00100000, ABSOLUTE)

    Execution Region ER_IROM1 (Exec base: 0x08000000, Load base: 0x08000000, Size: 0x000030e0, Max: 0x00100000, ABSOLUTE)

    Exec Addr    Load Addr    Size         Type   Attr      Idx    E Section Name        Object

    0x08000000   0x08000000   0x000002cc   Data   RO          372    RESET               startup_stm32h723xx.o
    0x080002cc   0x080002cc   0x00000008   Code   RO         1855  * !!!main             c_wu.l(__main.o)
    0x080002d4   0x080002d4   0x00000034   Code   RO         2018    !!!scatter          c_wu.l(__scatter.o)
    0x08000308   0x08000308   0x0000001a   Code   RO         2020    !!handler_copy      c_wu.l(__scatter_copy.o)
    0x08000322   0x08000322   0x00000002   PAD
    0x08000324   0x08000324   0x0000001c   Code   RO         2022    !!handler_zi        c_wu.l(__scatter_zi.o)
    0x08000340   0x08000340   0x00000002   Code   RO         1882    .ARM.Collect$$libinit$$00000000  c_wu.l(libinit.o)
    0x08000342   0x08000342   0x00000004   Code   RO         1888    .ARM.Collect$$libinit$$00000001  c_wu.l(libinit2.o)
    0x08000346   0x08000346   0x00000000   Code   RO         1891    .ARM.Collect$$libinit$$00000004  c_wu.l(libinit2.o)
    0x08000346   0x08000346   0x00000000   Code   RO         1894    .ARM.Collect$$libinit$$0000000A  c_wu.l(libinit2.o)
    0x08000346   0x08000346   0x00000000   Code   RO         1896    .ARM.Collect$$libinit$$0000000C  c_wu.l(libinit2.o)
    0x08000346   0x08000346   0x00000000   Code   RO         1898    .ARM.Collect$$libinit$$0000000E  c_wu.l(libinit2.o)
    0x08000346   0x08000346   0x00000000   Code   RO         1901    .ARM.Collect$$libinit$$00000011  c_wu.l(libinit2.o)
    0x08000346   0x08000346   0x00000000   Code   RO         1903    .ARM.Collect$$libinit$$00000013  c_wu.l(libinit2.o)
    0x08000346   0x08000346   0x00000000   Code   RO         1905    .ARM.Collect$$libinit$$00000015  c_wu.l(libinit2.o)
    0x08000346   0x08000346   0x00000000   Code   RO         1907    .ARM.Collect$$libinit$$00000017  c_wu.l(libinit2.o)
    0x08000346   0x08000346   0x00000000   Code   RO         1909    .ARM.Collect$$libinit$$00000019  c_wu.l(libinit2.o)
    0x08000346   0x08000346   0x00000000   Code   RO         1911    .ARM.Collect$$libinit$$0000001B  c_wu.l(libinit2.o)
    0x08000346   0x08000346   0x00000000   Code   RO         1913    .ARM.Collect$$libinit$$0000001D  c_wu.l(libinit2.o)
    0x08000346   0x08000346   0x00000000   Code   RO         1915    .ARM.Collect$$libinit$$0000001F  c_wu.l(libinit2.o)
    0x08000346   0x08000346   0x00000000   Code   RO         1917    .ARM.Collect$$libinit$$00000021  c_wu.l(libinit2.o)
    0x08000346   0x08000346   0x00000000   Code   RO         1919    .ARM.Collect$$libinit$$00000023  c_wu.l(libinit2.o)
    0x08000346   0x08000346   0x00000000   Code   RO         1921    .ARM.Collect$$libinit$$00000025  c_wu.l(libinit2.o)
    0x08000346   0x08000346   0x00000000   Code   RO         1925    .ARM.Collect$$libinit$$0000002C  c_wu.l(libinit2.o)
    0x08000346   0x08000346   0x00000000   Code   RO         1927    .ARM.Collect$$libinit$$0000002E  c_wu.l(libinit2.o)
    0x08000346   0x08000346   0x00000000   Code   RO         1929    .ARM.Collect$$libinit$$00000030  c_wu.l(libinit2.o)
    0x08000346   0x08000346   0x00000000   Code   RO         1931    .ARM.Collect$$libinit$$00000032  c_wu.l(libinit2.o)
    0x08000346   0x08000346   0x00000002   Code   RO         1932    .ARM.Collect$$libinit$$00000033  c_wu.l(libinit2.o)
    0x08000348   0x08000348   0x00000002   Code   RO         1954    .ARM.Collect$$libshutdown$$00000000  c_wu.l(libshutdown.o)
    0x0800034a   0x0800034a   0x00000000   Code   RO         1969    .ARM.Collect$$libshutdown$$00000002  c_wu.l(libshutdown2.o)
    0x0800034a   0x0800034a   0x00000000   Code   RO         1971    .ARM.Collect$$libshutdown$$00000004  c_wu.l(libshutdown2.o)
    0x0800034a   0x0800034a   0x00000000   Code   RO         1974    .ARM.Collect$$libshutdown$$00000007  c_wu.l(libshutdown2.o)
    0x0800034a   0x0800034a   0x00000000   Code   RO         1977    .ARM.Collect$$libshutdown$$0000000A  c_wu.l(libshutdown2.o)
    0x0800034a   0x0800034a   0x00000000   Code   RO         1979    .ARM.Collect$$libshutdown$$0000000C  c_wu.l(libshutdown2.o)
    0x0800034a   0x0800034a   0x00000000   Code   RO         1982    .ARM.Collect$$libshutdown$$0000000F  c_wu.l(libshutdown2.o)
    0x0800034a   0x0800034a   0x00000002   Code   RO         1983    .ARM.Collect$$libshutdown$$00000010  c_wu.l(libshutdown2.o)
    0x0800034c   0x0800034c   0x00000000   Code   RO         1857    .ARM.Collect$$rtentry$$00000000  c_wu.l(__rtentry.o)
    0x0800034c   0x0800034c   0x00000000   Code   RO         1859    .ARM.Collect$$rtentry$$00000002  c_wu.l(__rtentry2.o)
    0x0800034c   0x0800034c   0x00000006   Code   RO         1871    .ARM.Collect$$rtentry$$00000004  c_wu.l(__rtentry4.o)
    0x08000352   0x08000352   0x00000000   Code   RO         1861    .ARM.Collect$$rtentry$$00000009  c_wu.l(__rtentry2.o)
    0x08000352   0x08000352   0x00000004   Code   RO         1862    .ARM.Collect$$rtentry$$0000000A  c_wu.l(__rtentry2.o)
    0x08000356   0x08000356   0x00000000   Code   RO         1864    .ARM.Collect$$rtentry$$0000000C  c_wu.l(__rtentry2.o)
    0x08000356   0x08000356   0x00000008   Code   RO         1865    .ARM.Collect$$rtentry$$0000000D  c_wu.l(__rtentry2.o)
    0x0800035e   0x0800035e   0x00000002   Code   RO         1886    .ARM.Collect$$rtexit$$00000000  c_wu.l(rtexit.o)
    0x08000360   0x08000360   0x00000000   Code   RO         1934    .ARM.Collect$$rtexit$$00000002  c_wu.l(rtexit2.o)
    0x08000360   0x08000360   0x00000004   Code   RO         1935    .ARM.Collect$$rtexit$$00000003  c_wu.l(rtexit2.o)
    0x08000364   0x08000364   0x00000006   Code   RO         1936    .ARM.Collect$$rtexit$$00000004  c_wu.l(rtexit2.o)
    0x0800036a   0x0800036a   0x00000002   PAD
    0x0800036c   0x0800036c   0x00000048   Code   RO          373    .text               startup_stm32h723xx.o
    0x080003b4   0x080003b4   0x0000004e   Code   RO         1851    .text               c_wu.l(rt_memclr_w.o)
    0x08000402   0x08000402   0x00000006   Code   RO         1853    .text               c_wu.l(heapauxi.o)
    0x08000408   0x08000408   0x0000004a   Code   RO         1873    .text               c_wu.l(sys_stackheap_outer.o)
    0x08000452   0x08000452   0x00000012   Code   RO         1875    .text               c_wu.l(exit.o)
    0x08000464   0x08000464   0x00000008   Code   RO         1883    .text               c_wu.l(libspace.o)
    0x0800046c   0x0800046c   0x0000000c   Code   RO         1944    .text               c_wu.l(sys_exit.o)
    0x08000478   0x08000478   0x00000002   Code   RO         1959    .text               c_wu.l(use_no_semi.o)
    0x0800047a   0x0800047a   0x00000000   Code   RO         1961    .text               c_wu.l(indicate_semi.o)
    0x0800047a   0x0800047a   0x00000006   PAD
    0x08000480   0x08000480   0x00000004   Code   RO          217    .text.BusFault_Handler  stm32h7xx_it.o
    0x08000484   0x08000484   0x00000004   PAD
    0x08000488   0x08000488   0x0000007c   Code   RO          229    .text.DMA1_Stream0_IRQHandler  stm32h7xx_it.o
    0x08000504   0x08000504   0x00000004   PAD
    0x08000508   0x08000508   0x00000002   Code   RO          223    .text.DebugMon_Handler  stm32h7xx_it.o
    0x0800050a   0x0800050a   0x00000006   PAD
    0x08000510   0x08000510   0x0000000e   Code   RO           86    .text.Error_Handler  main.o
    0x0800051e   0x0800051e   0x00000002   PAD
    0x08000520   0x08000520   0x00000028   Code   RO         1825    .text.ExitRun0Mode  system_stm32h7xx.o
    0x08000548   0x08000548   0x0000001a   Code   RO         1343    .text.HAL_IncTick   stm32h7xx_hal.o
    0x08000562   0x08000562   0x00000006   PAD
    0x08000568   0x08000568   0x00000076   Code   RO         1333    .text.HAL_Init      stm32h7xx_hal.o
    0x080005de   0x080005de   0x00000002   PAD
    0x080005e0   0x080005e0   0x00000080   Code   RO         1335    .text.HAL_InitTick  stm32h7xx_hal.o
    0x08000660   0x08000660   0x00000024   Code   RO          244    .text.HAL_MspInit   stm32h7xx_hal_msp.o
    0x08000684   0x08000684   0x00000004   PAD
    0x08000688   0x08000688   0x00000034   Code   RO         1260    .text.HAL_NVIC_SetPriority  stm32h7xx_hal_cortex.o
    0x080006bc   0x080006bc   0x00000004   PAD
    0x080006c0   0x080006c0   0x00000010   Code   RO         1256    .text.HAL_NVIC_SetPriorityGrouping  stm32h7xx_hal_cortex.o
    0x080006d0   0x080006d0   0x00000314   Code   RO          769    .text.HAL_RCC_GetSysClockFreq  stm32h7xx_hal_rcc.o
    0x080009e4   0x080009e4   0x00000004   PAD
    0x080009e8   0x080009e8   0x00000010   Code   RO         1280    .text.HAL_SYSTICK_Config  stm32h7xx_hal_cortex.o
    0x080009f8   0x080009f8   0x00000004   Code   RO          213    .text.HardFault_Handler  stm32h7xx_it.o
    0x080009fc   0x080009fc   0x00000004   PAD
    0x08000a00   0x08000a00   0x00000022   Code   RO          104    .text.LL_AHB4_GRP1_EnableClock  gpio.o
    0x08000a22   0x08000a22   0x00000006   PAD
    0x08000a28   0x08000a28   0x00000022   Code   RO          159    .text.LL_AHB4_GRP1_EnableClock  usart.o
    0x08000a4a   0x08000a4a   0x00000006   PAD
    0x08000a50   0x08000a50   0x00000022   Code   RO          136    .text.LL_APB1_GRP1_EnableClock  tim.o
    0x08000a72   0x08000a72   0x00000006   PAD
    0x08000a78   0x08000a78   0x00000022   Code   RO          157    .text.LL_APB1_GRP1_EnableClock  usart.o
    0x08000a9a   0x08000a9a   0x00000006   PAD
    0x08000aa0   0x08000aa0   0x0000000e   Code   RO          233    .text.LL_DMA_ClearFlag_HT0  stm32h7xx_it.o
    0x08000aae   0x08000aae   0x00000002   PAD
    0x08000ab0   0x08000ab0   0x00000026   Code   RO          177    .text.LL_DMA_DisableFifoMode  usart.o
    0x08000ad6   0x08000ad6   0x00000002   PAD
    0x08000ad8   0x08000ad8   0x00000010   Code   RO          231    .text.LL_DMA_IsActiveFlag_HT0  stm32h7xx_it.o
    0x08000ae8   0x08000ae8   0x00000030   Code   RO          163    .text.LL_DMA_SetDataTransferDirection  usart.o
    0x08000b18   0x08000b18   0x00000030   Code   RO          171    .text.LL_DMA_SetMemoryIncMode  usart.o
    0x08000b48   0x08000b48   0x00000030   Code   RO          175    .text.LL_DMA_SetMemorySize  usart.o
    0x08000b78   0x08000b78   0x00000030   Code   RO          167    .text.LL_DMA_SetMode  usart.o
    0x08000ba8   0x08000ba8   0x00000030   Code   RO          169    .text.LL_DMA_SetPeriphIncMode  usart.o
    0x08000bd8   0x08000bd8   0x0000004c   Code   RO          161    .text.LL_DMA_SetPeriphRequest  usart.o
    0x08000c24   0x08000c24   0x00000004   PAD
    0x08000c28   0x08000c28   0x00000030   Code   RO          173    .text.LL_DMA_SetPeriphSize  usart.o
    0x08000c58   0x08000c58   0x00000030   Code   RO          165    .text.LL_DMA_SetStreamPriorityLevel  usart.o
    0x08000c88   0x08000c88   0x00000010   Code   RO           34    .text.LL_FLASH_GetLatency  main.o
    0x08000c98   0x08000c98   0x0000001c   Code   RO           32    .text.LL_FLASH_SetLatency  main.o
    0x08000cb4   0x08000cb4   0x00000004   PAD
    0x08000cb8   0x08000cb8   0x000000e8   Code   RO          447    .text.LL_GPIO_Init  stm32h7xx_ll_gpio.o
    0x08000da0   0x08000da0   0x00000012   Code   RO           16    .text.LL_GPIO_ResetOutputPin  main.o
    0x08000db2   0x08000db2   0x00000006   PAD
    0x08000db8   0x08000db8   0x00000012   Code   RO          108    .text.LL_GPIO_ResetOutputPin  gpio.o
    0x08000dca   0x08000dca   0x00000006   PAD
    0x08000dd0   0x08000dd0   0x0000002a   Code   RO          455    .text.LL_GPIO_SetAFPin_0_7  stm32h7xx_ll_gpio.o
    0x08000dfa   0x08000dfa   0x00000006   PAD
    0x08000e00   0x08000e00   0x0000002c   Code   RO          457    .text.LL_GPIO_SetAFPin_8_15  stm32h7xx_ll_gpio.o
    0x08000e2c   0x08000e2c   0x00000004   PAD
    0x08000e30   0x08000e30   0x00000010   Code   RO            8    .text.LL_GPIO_SetOutputPin  main.o
    0x08000e40   0x08000e40   0x00000010   Code   RO          106    .text.LL_GPIO_SetOutputPin  gpio.o
    0x08000e50   0x08000e50   0x00000024   Code   RO          459    .text.LL_GPIO_SetPinMode  stm32h7xx_ll_gpio.o
    0x08000e74   0x08000e74   0x00000004   PAD
    0x08000e78   0x08000e78   0x0000001e   Code   RO          451    .text.LL_GPIO_SetPinOutputType  stm32h7xx_ll_gpio.o
    0x08000e96   0x08000e96   0x00000002   PAD
    0x08000e98   0x08000e98   0x00000024   Code   RO          453    .text.LL_GPIO_SetPinPull  stm32h7xx_ll_gpio.o
    0x08000ebc   0x08000ebc   0x00000004   PAD
    0x08000ec0   0x08000ec0   0x00000024   Code   RO          449    .text.LL_GPIO_SetPinSpeed  stm32h7xx_ll_gpio.o
    0x08000ee4   0x08000ee4   0x00000004   PAD
    0x08000ee8   0x08000ee8   0x00000024   Code   RO           30    .text.LL_GPIO_TogglePin  main.o
    0x08000f0c   0x08000f0c   0x00000004   PAD
    0x08000f10   0x08000f10   0x00000040   Code   RO           90    .text.LL_MPU_ConfigRegion  main.o
    0x08000f50   0x08000f50   0x00000012   Code   RO           88    .text.LL_MPU_Disable  main.o
    0x08000f62   0x08000f62   0x00000006   PAD
    0x08000f68   0x08000f68   0x00000020   Code   RO           92    .text.LL_MPU_Enable  main.o
    0x08000f88   0x08000f88   0x0000001c   Code   RO           36    .text.LL_PWR_ConfigSupply  main.o
    0x08000fa4   0x08000fa4   0x00000004   PAD
    0x08000fa8   0x08000fa8   0x00000010   Code   RO           40    .text.LL_PWR_IsActiveFlag_VOS  main.o
    0x08000fb8   0x08000fb8   0x0000001c   Code   RO           38    .text.LL_PWR_SetRegulVoltageScaling  main.o
    0x08000fd4   0x08000fd4   0x00000004   PAD
    0x08000fd8   0x08000fd8   0x00000010   Code   RO          500    .text.LL_RCC_CSI_IsReady  stm32h7xx_ll_rcc.o
    0x08000fe8   0x08000fe8   0x00000070   Code   RO          514    .text.LL_RCC_CalcPLLClockFreq  stm32h7xx_ll_rcc.o
    0x08001058   0x08001058   0x00000010   Code   RO          654    .text.LL_RCC_GetAHBPrescaler  stm32h7xx_ll_rcc.o
    0x08001068   0x08001068   0x00000010   Code   RO          656    .text.LL_RCC_GetAPB1Prescaler  stm32h7xx_ll_rcc.o
    0x08001078   0x08001078   0x00000010   Code   RO          658    .text.LL_RCC_GetAPB2Prescaler  stm32h7xx_ll_rcc.o
    0x08001088   0x08001088   0x0000002e   Code   RO          650    .text.LL_RCC_GetClockSource  stm32h7xx_ll_rcc.o
    0x080010b6   0x080010b6   0x00000002   PAD
    0x080010b8   0x080010b8   0x00000150   Code   RO          494    .text.LL_RCC_GetPLL1ClockFreq  stm32h7xx_ll_rcc.o
    0x08001208   0x08001208   0x00000150   Code   RO          526    .text.LL_RCC_GetPLL2ClockFreq  stm32h7xx_ll_rcc.o
    0x08001358   0x08001358   0x00000158   Code   RO          548    .text.LL_RCC_GetPLL3ClockFreq  stm32h7xx_ll_rcc.o
    0x080014b0   0x080014b0   0x00000010   Code   RO           74    .text.LL_RCC_GetSysClkSource  main.o
    0x080014c0   0x080014c0   0x00000010   Code   RO          652    .text.LL_RCC_GetSysClkSource  stm32h7xx_ll_rcc.o
    0x080014d0   0x080014d0   0x00000010   Code   RO          574    .text.LL_RCC_GetSysPrescaler  stm32h7xx_ll_rcc.o
    0x080014e0   0x080014e0   0x000001a8   Code   RO          570    .text.LL_RCC_GetUSARTClockFreq  stm32h7xx_ll_rcc.o
    0x08001688   0x08001688   0x00000010   Code   RO          572    .text.LL_RCC_GetUSARTClockSource  stm32h7xx_ll_rcc.o
    0x08001698   0x08001698   0x00000012   Code   RO           42    .text.LL_RCC_HSE_Enable  main.o
    0x080016aa   0x080016aa   0x00000006   PAD
    0x080016b0   0x080016b0   0x00000010   Code   RO           44    .text.LL_RCC_HSE_IsReady  main.o
    0x080016c0   0x080016c0   0x00000010   Code   RO          502    .text.LL_RCC_HSE_IsReady  stm32h7xx_ll_rcc.o
    0x080016d0   0x080016d0   0x00000010   Code   RO          498    .text.LL_RCC_HSI_GetDivider  stm32h7xx_ll_rcc.o
    0x080016e0   0x080016e0   0x00000010   Code   RO          472    .text.LL_RCC_HSI_IsReady  stm32h7xx_ll_rcc.o
    0x080016f0   0x080016f0   0x00000010   Code   RO          576    .text.LL_RCC_LSE_IsReady  stm32h7xx_ll_rcc.o
    0x08001700   0x08001700   0x00000010   Code   RO          508    .text.LL_RCC_PLL1FRACN_IsEnabled  stm32h7xx_ll_rcc.o
    0x08001710   0x08001710   0x00000012   Code   RO           48    .text.LL_RCC_PLL1P_Enable  main.o
    0x08001722   0x08001722   0x00000006   PAD
    0x08001728   0x08001728   0x00000010   Code   RO          512    .text.LL_RCC_PLL1P_IsEnabled  stm32h7xx_ll_rcc.o
    0x08001738   0x08001738   0x00000010   Code   RO          518    .text.LL_RCC_PLL1Q_IsEnabled  stm32h7xx_ll_rcc.o
    0x08001748   0x08001748   0x00000012   Code   RO           50    .text.LL_RCC_PLL1R_Enable  main.o
    0x0800175a   0x0800175a   0x00000006   PAD
    0x08001760   0x08001760   0x00000010   Code   RO          522    .text.LL_RCC_PLL1R_IsEnabled  stm32h7xx_ll_rcc.o
    0x08001770   0x08001770   0x00000012   Code   RO           66    .text.LL_RCC_PLL1_Enable  main.o
    0x08001782   0x08001782   0x00000006   PAD
    0x08001788   0x08001788   0x00000010   Code   RO          510    .text.LL_RCC_PLL1_GetFRACN  stm32h7xx_ll_rcc.o
    0x08001798   0x08001798   0x00000010   Code   RO          504    .text.LL_RCC_PLL1_GetM  stm32h7xx_ll_rcc.o
    0x080017a8   0x080017a8   0x00000012   Code   RO          506    .text.LL_RCC_PLL1_GetN  stm32h7xx_ll_rcc.o
    0x080017ba   0x080017ba   0x00000006   PAD
    0x080017c0   0x080017c0   0x00000014   Code   RO          516    .text.LL_RCC_PLL1_GetP  stm32h7xx_ll_rcc.o
    0x080017d4   0x080017d4   0x00000004   PAD
    0x080017d8   0x080017d8   0x00000016   Code   RO          520    .text.LL_RCC_PLL1_GetQ  stm32h7xx_ll_rcc.o
    0x080017ee   0x080017ee   0x00000002   PAD
    0x080017f0   0x080017f0   0x00000016   Code   RO          524    .text.LL_RCC_PLL1_GetR  stm32h7xx_ll_rcc.o
    0x08001806   0x08001806   0x00000002   PAD
    0x08001808   0x08001808   0x00000010   Code   RO           68    .text.LL_RCC_PLL1_IsReady  main.o
    0x08001818   0x08001818   0x0000001e   Code   RO           56    .text.LL_RCC_PLL1_SetM  main.o
    0x08001836   0x08001836   0x00000002   PAD
    0x08001838   0x08001838   0x00000020   Code   RO           58    .text.LL_RCC_PLL1_SetN  main.o
    0x08001858   0x08001858   0x00000028   Code   RO           60    .text.LL_RCC_PLL1_SetP  main.o
    0x08001880   0x08001880   0x00000026   Code   RO           62    .text.LL_RCC_PLL1_SetQ  main.o
    0x080018a6   0x080018a6   0x00000002   PAD
    0x080018a8   0x080018a8   0x00000020   Code   RO           64    .text.LL_RCC_PLL1_SetR  main.o
    0x080018c8   0x080018c8   0x0000001e   Code   RO           52    .text.LL_RCC_PLL1_SetVCOInputRange  main.o
    0x080018e6   0x080018e6   0x00000002   PAD
    0x080018e8   0x080018e8   0x0000001e   Code   RO           54    .text.LL_RCC_PLL1_SetVCOOutputRange  main.o
    0x08001906   0x08001906   0x00000002   PAD
    0x08001908   0x08001908   0x00000010   Code   RO          532    .text.LL_RCC_PLL2FRACN_IsEnabled  stm32h7xx_ll_rcc.o
    0x08001918   0x08001918   0x00000010   Code   RO          536    .text.LL_RCC_PLL2P_IsEnabled  stm32h7xx_ll_rcc.o
    0x08001928   0x08001928   0x00000010   Code   RO          540    .text.LL_RCC_PLL2Q_IsEnabled  stm32h7xx_ll_rcc.o
    0x08001938   0x08001938   0x00000010   Code   RO          544    .text.LL_RCC_PLL2R_IsEnabled  stm32h7xx_ll_rcc.o
    0x08001948   0x08001948   0x00000010   Code   RO          534    .text.LL_RCC_PLL2_GetFRACN  stm32h7xx_ll_rcc.o
    0x08001958   0x08001958   0x00000010   Code   RO          528    .text.LL_RCC_PLL2_GetM  stm32h7xx_ll_rcc.o
    0x08001968   0x08001968   0x00000012   Code   RO          530    .text.LL_RCC_PLL2_GetN  stm32h7xx_ll_rcc.o
    0x0800197a   0x0800197a   0x00000006   PAD
    0x08001980   0x08001980   0x00000014   Code   RO          538    .text.LL_RCC_PLL2_GetP  stm32h7xx_ll_rcc.o
    0x08001994   0x08001994   0x00000004   PAD
    0x08001998   0x08001998   0x00000016   Code   RO          542    .text.LL_RCC_PLL2_GetQ  stm32h7xx_ll_rcc.o
    0x080019ae   0x080019ae   0x00000002   PAD
    0x080019b0   0x080019b0   0x00000016   Code   RO          546    .text.LL_RCC_PLL2_GetR  stm32h7xx_ll_rcc.o
    0x080019c6   0x080019c6   0x00000002   PAD
    0x080019c8   0x080019c8   0x00000010   Code   RO          476    .text.LL_RCC_PLL2_IsReady  stm32h7xx_ll_rcc.o
    0x080019d8   0x080019d8   0x00000010   Code   RO          554    .text.LL_RCC_PLL3FRACN_IsEnabled  stm32h7xx_ll_rcc.o
    0x080019e8   0x080019e8   0x00000010   Code   RO          558    .text.LL_RCC_PLL3P_IsEnabled  stm32h7xx_ll_rcc.o
    0x080019f8   0x080019f8   0x00000010   Code   RO          562    .text.LL_RCC_PLL3Q_IsEnabled  stm32h7xx_ll_rcc.o
    0x08001a08   0x08001a08   0x00000010   Code   RO          566    .text.LL_RCC_PLL3R_IsEnabled  stm32h7xx_ll_rcc.o
    0x08001a18   0x08001a18   0x00000010   Code   RO          556    .text.LL_RCC_PLL3_GetFRACN  stm32h7xx_ll_rcc.o
    0x08001a28   0x08001a28   0x00000010   Code   RO          550    .text.LL_RCC_PLL3_GetM  stm32h7xx_ll_rcc.o
    0x08001a38   0x08001a38   0x00000012   Code   RO          552    .text.LL_RCC_PLL3_GetN  stm32h7xx_ll_rcc.o
    0x08001a4a   0x08001a4a   0x00000006   PAD
    0x08001a50   0x08001a50   0x00000014   Code   RO          560    .text.LL_RCC_PLL3_GetP  stm32h7xx_ll_rcc.o
    0x08001a64   0x08001a64   0x00000004   PAD
    0x08001a68   0x08001a68   0x00000016   Code   RO          564    .text.LL_RCC_PLL3_GetQ  stm32h7xx_ll_rcc.o
    0x08001a7e   0x08001a7e   0x00000002   PAD
    0x08001a80   0x08001a80   0x00000016   Code   RO          568    .text.LL_RCC_PLL3_GetR  stm32h7xx_ll_rcc.o
    0x08001a96   0x08001a96   0x00000002   PAD
    0x08001a98   0x08001a98   0x00000010   Code   RO          478    .text.LL_RCC_PLL3_IsReady  stm32h7xx_ll_rcc.o
    0x08001aa8   0x08001aa8   0x00000010   Code   RO          496    .text.LL_RCC_PLL_GetSource  stm32h7xx_ll_rcc.o
    0x08001ab8   0x08001ab8   0x0000001c   Code   RO           46    .text.LL_RCC_PLL_SetSource  main.o
    0x08001ad4   0x08001ad4   0x00000004   PAD
    0x08001ad8   0x08001ad8   0x0000001c   Code   RO           70    .text.LL_RCC_SetAHBPrescaler  main.o
    0x08001af4   0x08001af4   0x00000004   PAD
    0x08001af8   0x08001af8   0x0000001c   Code   RO           78    .text.LL_RCC_SetAPB1Prescaler  main.o
    0x08001b14   0x08001b14   0x00000004   PAD
    0x08001b18   0x08001b18   0x0000001c   Code   RO           80    .text.LL_RCC_SetAPB2Prescaler  main.o
    0x08001b34   0x08001b34   0x00000004   PAD
    0x08001b38   0x08001b38   0x0000001c   Code   RO           82    .text.LL_RCC_SetAPB3Prescaler  main.o
    0x08001b54   0x08001b54   0x00000004   PAD
    0x08001b58   0x08001b58   0x0000001c   Code   RO           84    .text.LL_RCC_SetAPB4Prescaler  main.o
    0x08001b74   0x08001b74   0x00000004   PAD
    0x08001b78   0x08001b78   0x00000036   Code   RO          201    .text.LL_RCC_SetClockSource  usart.o
    0x08001bae   0x08001bae   0x00000002   PAD
    0x08001bb0   0x08001bb0   0x0000001c   Code   RO           72    .text.LL_RCC_SetSysClkSource  main.o
    0x08001bcc   0x08001bcc   0x00000004   PAD
    0x08001bd0   0x08001bd0   0x0000001c   Code   RO           76    .text.LL_RCC_SetSysPrescaler  main.o
    0x08001bec   0x08001bec   0x00000004   PAD
    0x08001bf0   0x08001bf0   0x00000010   Code   RO          155    .text.LL_RCC_SetUSARTClockSource  usart.o
    0x08001c00   0x08001c00   0x00000014   Code   RO          678    .text.LL_SetSystemCoreClock  stm32h7xx_ll_utils.o
    0x08001c14   0x08001c14   0x00000004   PAD
    0x08001c18   0x08001c18   0x00000012   Code   RO          138    .text.LL_TIM_DisableARRPreload  tim.o
    0x08001c2a   0x08001c2a   0x00000006   PAD
    0x08001c30   0x08001c30   0x00000012   Code   RO          144    .text.LL_TIM_DisableMasterSlaveMode  tim.o
    0x08001c42   0x08001c42   0x00000006   PAD
    0x08001c48   0x08001c48   0x00000012   Code   RO         1686    .text.LL_TIM_GenerateEvent_UPDATE  stm32h7xx_ll_tim.o
    0x08001c5a   0x08001c5a   0x00000006   PAD
    0x08001c60   0x08001c60   0x000001ae   Code   RO         1678    .text.LL_TIM_Init   stm32h7xx_ll_tim.o
    0x08001e0e   0x08001e0e   0x00000002   PAD
    0x08001e10   0x08001e10   0x00000010   Code   RO         1680    .text.LL_TIM_SetAutoReload  stm32h7xx_ll_tim.o
    0x08001e20   0x08001e20   0x00000020   Code   RO          140    .text.LL_TIM_SetClockSource  tim.o
    0x08001e40   0x08001e40   0x00000010   Code   RO         1682    .text.LL_TIM_SetPrescaler  stm32h7xx_ll_tim.o
    0x08001e50   0x08001e50   0x00000010   Code   RO         1684    .text.LL_TIM_SetRepetitionCounter  stm32h7xx_ll_tim.o
    0x08001e60   0x08001e60   0x0000001a   Code   RO          142    .text.LL_TIM_SetTriggerOutput  tim.o
    0x08001e7a   0x08001e7a   0x00000006   PAD
    0x08001e80   0x08001e80   0x0000000e   Code   RO           26    .text.LL_USART_ClearFlag_FE  main.o
    0x08001e8e   0x08001e8e   0x00000002   PAD
    0x08001e90   0x08001e90   0x0000000e   Code   RO           28    .text.LL_USART_ClearFlag_NE  main.o
    0x08001e9e   0x08001e9e   0x00000002   PAD
    0x08001ea0   0x08001ea0   0x0000000e   Code   RO           24    .text.LL_USART_ClearFlag_ORE  main.o
    0x08001eae   0x08001eae   0x00000002   PAD
    0x08001eb0   0x08001eb0   0x0000001c   Code   RO          193    .text.LL_USART_ConfigAsyncMode  usart.o
    0x08001ecc   0x08001ecc   0x00000004   PAD
    0x08001ed0   0x08001ed0   0x00000012   Code   RO          191    .text.LL_USART_DisableFIFO  usart.o
    0x08001ee2   0x08001ee2   0x00000006   PAD
    0x08001ee8   0x08001ee8   0x00000012   Code   RO          195    .text.LL_USART_Enable  usart.o
    0x08001efa   0x08001efa   0x00000006   PAD
    0x08001f00   0x08001f00   0x000001ea   Code   RO         1795    .text.LL_USART_Init  stm32h7xx_ll_usart.o
    0x080020ea   0x080020ea   0x00000006   PAD
    0x080020f0   0x080020f0   0x00000010   Code   RO           20    .text.LL_USART_IsActiveFlag_FE  main.o
    0x08002100   0x08002100   0x00000010   Code   RO           22    .text.LL_USART_IsActiveFlag_NE  main.o
    0x08002110   0x08002110   0x00000010   Code   RO           18    .text.LL_USART_IsActiveFlag_ORE  main.o
    0x08002120   0x08002120   0x00000010   Code   RO          199    .text.LL_USART_IsActiveFlag_REACK  usart.o
    0x08002130   0x08002130   0x00000010   Code   RO           14    .text.LL_USART_IsActiveFlag_TC  main.o
    0x08002140   0x08002140   0x00000010   Code   RO          197    .text.LL_USART_IsActiveFlag_TEACK  usart.o
    0x08002150   0x08002150   0x00000010   Code   RO           10    .text.LL_USART_IsActiveFlag_TXE_TXFNF  main.o
    0x08002160   0x08002160   0x00000010   Code   RO         1797    .text.LL_USART_IsEnabled  stm32h7xx_ll_usart.o
    0x08002170   0x08002170   0x000000a2   Code   RO         1803    .text.LL_USART_SetBaudRate  stm32h7xx_ll_usart.o
    0x08002212   0x08002212   0x00000006   PAD
    0x08002218   0x08002218   0x0000001a   Code   RO         1801    .text.LL_USART_SetHWFlowCtrl  stm32h7xx_ll_usart.o
    0x08002232   0x08002232   0x00000006   PAD
    0x08002238   0x08002238   0x0000001c   Code   RO         1805    .text.LL_USART_SetPrescaler  stm32h7xx_ll_usart.o
    0x08002254   0x08002254   0x00000004   PAD
    0x08002258   0x08002258   0x00000032   Code   RO          189    .text.LL_USART_SetRXFIFOThreshold  usart.o
    0x0800228a   0x0800228a   0x00000006   PAD
    0x08002290   0x08002290   0x0000001a   Code   RO         1799    .text.LL_USART_SetStopBitsLength  stm32h7xx_ll_usart.o
    0x080022aa   0x080022aa   0x00000006   PAD
    0x080022b0   0x080022b0   0x00000032   Code   RO          187    .text.LL_USART_SetTXFIFOThreshold  usart.o
    0x080022e2   0x080022e2   0x00000006   PAD
    0x080022e8   0x080022e8   0x00000016   Code   RO           12    .text.LL_USART_TransmitData8  main.o
    0x080022fe   0x080022fe   0x00000002   PAD
    0x08002300   0x08002300   0x00000052   Code   RO          676    .text.LL_mDelay     stm32h7xx_ll_utils.o
    0x08002352   0x08002352   0x00000006   PAD
    0x08002358   0x08002358   0x00000024   Code   RO            4    .text.MPU_Config    main.o
    0x0800237c   0x0800237c   0x00000004   PAD
    0x08002380   0x08002380   0x00000048   Code   RO          117    .text.MX_DMA_Init   dma.o
    0x080023c8   0x080023c8   0x000000c4   Code   RO          102    .text.MX_GPIO_Init  gpio.o
    0x0800248c   0x0800248c   0x00000004   PAD
    0x08002490   0x08002490   0x00000064   Code   RO          134    .text.MX_TIM5_Init  tim.o
    0x080024f4   0x080024f4   0x00000004   PAD
    0x080024f8   0x080024f8   0x0000017e   Code   RO          153    .text.MX_USART3_UART_Init  usart.o
    0x08002676   0x08002676   0x00000002   PAD
    0x08002678   0x08002678   0x00000004   Code   RO          215    .text.MemManage_Handler  stm32h7xx_it.o
    0x0800267c   0x0800267c   0x00000004   PAD
    0x08002680   0x08002680   0x00000004   Code   RO          211    .text.NMI_Handler   stm32h7xx_it.o
    0x08002684   0x08002684   0x00000004   PAD
    0x08002688   0x08002688   0x0000006e   Code   RO          121    .text.NVIC_EncodePriority  dma.o
    0x080026f6   0x080026f6   0x00000002   PAD
    0x080026f8   0x080026f8   0x0000006e   Code   RO          181    .text.NVIC_EncodePriority  usart.o
    0x08002766   0x08002766   0x00000002   PAD
    0x08002768   0x08002768   0x0000006e   Code   RO         1266    .text.NVIC_EncodePriority  stm32h7xx_hal_cortex.o
    0x080027d6   0x080027d6   0x00000002   PAD
    0x080027d8   0x080027d8   0x00000002   Code   RO          225    .text.PendSV_Handler  stm32h7xx_it.o
    0x080027da   0x080027da   0x00000006   PAD
    0x080027e0   0x080027e0   0x0000002a   Code   RO          484    .text.RCC_GetHCLKClockFreq  stm32h7xx_ll_rcc.o
    0x0800280a   0x0800280a   0x00000006   PAD
    0x08002810   0x08002810   0x0000002a   Code   RO          486    .text.RCC_GetPCLK1ClockFreq  stm32h7xx_ll_rcc.o
    0x0800283a   0x0800283a   0x00000006   PAD
    0x08002840   0x08002840   0x0000002a   Code   RO          488    .text.RCC_GetPCLK2ClockFreq  stm32h7xx_ll_rcc.o
    0x0800286a   0x0800286a   0x00000006   PAD
    0x08002870   0x08002870   0x00000076   Code   RO          482    .text.RCC_GetSystemClockFreq  stm32h7xx_ll_rcc.o
    0x080028e6   0x080028e6   0x00000002   PAD
    0x080028e8   0x080028e8   0x00000002   Code   RO          221    .text.SVC_Handler   stm32h7xx_it.o
    0x080028ea   0x080028ea   0x00000006   PAD
    0x080028f0   0x080028f0   0x00000052   Code   RO         1282    .text.SysTick_Config  stm32h7xx_hal_cortex.o
    0x08002942   0x08002942   0x00000006   PAD
    0x08002948   0x08002948   0x00000008   Code   RO          227    .text.SysTick_Handler  stm32h7xx_it.o
    0x08002950   0x08002950   0x000000f8   Code   RO            6    .text.SystemClock_Config  main.o
    0x08002a48   0x08002a48   0x00000166   Code   RO         1821    .text.SystemInit    system_stm32h7xx.o
    0x08002bae   0x08002bae   0x00000002   PAD
    0x08002bb0   0x08002bb0   0x00000002   Code   RO          235    .text.USART3_IRQHandler  stm32h7xx_it.o
    0x08002bb2   0x08002bb2   0x00000006   PAD
    0x08002bb8   0x08002bb8   0x00000004   Code   RO          219    .text.UsageFault_Handler  stm32h7xx_it.o
    0x08002bbc   0x08002bbc   0x00000004   PAD
    0x08002bc0   0x08002bc0   0x0000002c   Code   RO          125    .text.__NVIC_EnableIRQ  dma.o
    0x08002bec   0x08002bec   0x00000004   PAD
    0x08002bf0   0x08002bf0   0x0000002c   Code   RO          185    .text.__NVIC_EnableIRQ  usart.o
    0x08002c1c   0x08002c1c   0x00000004   PAD
    0x08002c20   0x08002c20   0x00000010   Code   RO          123    .text.__NVIC_GetPriorityGrouping  dma.o
    0x08002c30   0x08002c30   0x00000010   Code   RO          183    .text.__NVIC_GetPriorityGrouping  usart.o
    0x08002c40   0x08002c40   0x00000010   Code   RO         1262    .text.__NVIC_GetPriorityGrouping  stm32h7xx_hal_cortex.o
    0x08002c50   0x08002c50   0x0000003a   Code   RO          119    .text.__NVIC_SetPriority  dma.o
    0x08002c8a   0x08002c8a   0x00000006   PAD
    0x08002c90   0x08002c90   0x0000003a   Code   RO          179    .text.__NVIC_SetPriority  usart.o
    0x08002cca   0x08002cca   0x00000006   PAD
    0x08002cd0   0x08002cd0   0x0000003a   Code   RO         1264    .text.__NVIC_SetPriority  stm32h7xx_hal_cortex.o
    0x08002d0a   0x08002d0a   0x00000006   PAD
    0x08002d10   0x08002d10   0x0000003c   Code   RO         1258    .text.__NVIC_SetPriorityGrouping  stm32h7xx_hal_cortex.o
    0x08002d4c   0x08002d4c   0x00000004   PAD
    0x08002d50   0x08002d50   0x000001b2   Code   RO            2    .text.main          main.o
    0x08002f02   0x08002f02   0x00000006   PAD
    0x08002f08   0x08002f08   0x000000a8   Code   RO          280    .text.ring_buf_read_bytes  svc_rs485.o
    0x08002fb0   0x08002fb0   0x0000001a   Code   RO          284    .text.ring_buf_used  svc_rs485.o
    0x08002fca   0x08002fca   0x00000006   PAD
    0x08002fd0   0x08002fd0   0x0000002c   Code   RO          294    .text.svc_memcpy_u8  svc_rs485.o
    0x08002ffc   0x08002ffc   0x00000004   PAD
    0x08003000   0x08003000   0x00000020   Code   RO          288    .text.uart_rx_init  svc_rs485.o
    0x08003020   0x08003020   0x0000001c   Code   RO          278    .text.uart_rx_read  svc_rs485.o
    0x0800303c   0x0800303c   0x0000001a   Code   RO         1942    x$fpl$fpinit        fz_wv.l(fpinit.o)
    0x08003056   0x08003056   0x00000010   Data   RO         1829    .rodata.D1CorePrescTable  system_stm32h7xx.o
    0x08003066   0x08003066   0x00000008   Data   RO          203    .rodata.LL_DMA_STR_OFFSET_TAB  usart.o
    0x0800306e   0x0800306e   0x00000010   Data   RO          664    .rodata.LL_RCC_PrescTable  stm32h7xx_ll_rcc.o
    0x0800307e   0x0800307e   0x00000002   PAD
    0x08003080   0x08003080   0x00000030   Data   RO         1813    .rodata.USART_PRESCALER_TAB  stm32h7xx_ll_usart.o
    0x080030b0   0x080030b0   0x00000030   Data   RO         2017    Region$$Table       anon$$obj.o


    Execution Region RW_IRAM1 (Exec base: 0x20000000, Load base: 0x080030e0, Size: 0x00000400, Max: 0x00020000, ABSOLUTE)

    Exec Addr    Load Addr    Size         Type   Attr      Idx    E Section Name        Object

    0x20000000        -       0x00000400   Zero   RW          370    STACK               startup_stm32h723xx.o


    Execution Region RW_IRAM2 (Exec base: 0x24000000, Load base: 0x080030e0, Size: 0x00001688, Max: 0x0004ff00, ABSOLUTE)

    Exec Addr    Load Addr    Size         Type   Attr      Idx    E Section Name        Object

    0x24000000   0x080030e0   0x00000004   Data   RW         1827    .data.SystemCoreClock  system_stm32h7xx.o
    0x24000004   0x080030e4   0x00000004   Data   RW         1828    .data.SystemD2Clock  system_stm32h7xx.o
    0x24000008   0x080030e8   0x00000004   Data   RW         1442    .data.uwTickFreq    stm32h7xx_hal.o
    0x2400000c   0x080030ec   0x00000004   Data   RW         1441    .data.uwTickPrio    stm32h7xx_hal.o
    0x24000010        -       0x00000060   Zero   RW         1884    .bss                c_wu.l(libspace.o)
    0x24000070        -       0x00000400   Zero   RW          298    .bss.dma_rx_buf     svc_rs485.o
    0x24000470        -       0x0000100c   Zero   RW          297    .bss.g_ring_buf     svc_rs485.o
    0x2400147c        -       0x00000002   Zero   RW          296    .bss.s_last_pos     svc_rs485.o
    0x2400147e   0x080030f0   0x00000002   PAD
    0x24001480        -       0x00000004   Zero   RW         1443    .bss.uwTick         stm32h7xx_hal.o
    0x24001484   0x080030f0   0x00000004   PAD
    0x24001488        -       0x00000200   Zero   RW          371    HEAP                startup_stm32h723xx.o


    Execution Region RW_NOINIT (Exec base: 0x2404ff00, Load base: 0x080030f0, Size: 0x00000000, Max: 0x00000400, ABSOLUTE, UNINIT)

    **** No section assigned to this execution region ****


==============================================================================

Image component sizes


      Code (inc. data)   RO Data    RW Data    ZI Data      Debug   Object Name

       300          0          0          0          0       7638   dma.o
       264          0          0          0          0       3180   gpio.o
      1752          0          0          0          0       9845   main.o
        72         30        716          0       1536        812   startup_stm32h723xx.o
       272          0          0          8          4      14644   stm32h7xx_hal.o
       410          0          0          0          0      11467   stm32h7xx_hal_cortex.o
        36          0          0          0          0       2189   stm32h7xx_hal_msp.o
       788         66          0          0          0      11415   stm32h7xx_hal_rcc.o
       190          0          0          0          0       3636   stm32h7xx_it.o
       456          0          0          0          0       5043   stm32h7xx_ll_gpio.o
      2600         42         16          0          0      19383   stm32h7xx_ll_rcc.o
       496          0          0          0          0      11360   stm32h7xx_ll_tim.o
       748          0         48          0          0       6005   stm32h7xx_ll_usart.o
       102          0          0          0          0      10387   stm32h7xx_ll_utils.o
       298          0          0          0       5134       3897   svc_rs485.o
       398          0         16          8          0       5571   system_stm32h7xx.o
       228          0          0          0          0       3738   tim.o
      1394          0          8          0          0      12256   usart.o

    ----------------------------------------------------------------------
     11268        142        854         16       6680     142466   Object Totals
         0          0         48          0          0          0   (incl. Generated)
       464          4          2          0          6          0   (incl. Padding)

    ----------------------------------------------------------------------

      Code (inc. data)   RO Data    RW Data    ZI Data      Debug   Library Member Name

         8          0          0          0          0         68   __main.o
         0          0          0          0          0          0   __rtentry.o
        12          0          0          0          0          0   __rtentry2.o
         6          0          0          0          0          0   __rtentry4.o
        52          8          0          0          0          0   __scatter.o
        26          0          0          0          0          0   __scatter_copy.o
        28          0          0          0          0          0   __scatter_zi.o
        18          0          0          0          0         80   exit.o
         6          0          0          0          0        152   heapauxi.o
         0          0          0          0          0          0   indicate_semi.o
         2          0          0          0          0          0   libinit.o
         6          0          0          0          0          0   libinit2.o
         2          0          0          0          0          0   libshutdown.o
         2          0          0          0          0          0   libshutdown2.o
         8          4          0          0         96         68   libspace.o
        78          0          0          0          0         80   rt_memclr_w.o
         2          0          0          0          0          0   rtexit.o
        10          0          0          0          0          0   rtexit2.o
        12          4          0          0          0         68   sys_exit.o
        74          0          0          0          0         80   sys_stackheap_outer.o
         2          0          0          0          0         68   use_no_semi.o
        26          0          0          0          0        116   fpinit.o

    ----------------------------------------------------------------------
       390         16          0          0         96        780   Library Totals
        10          0          0          0          0          0   (incl. Padding)

    ----------------------------------------------------------------------

      Code (inc. data)   RO Data    RW Data    ZI Data      Debug   Library Name

       354         16          0          0         96        664   c_wu.l
        26          0          0          0          0        116   fz_wv.l

    ----------------------------------------------------------------------
       390         16          0          0         96        780   Library Totals

    ----------------------------------------------------------------------

==============================================================================


      Code (inc. data)   RO Data    RW Data    ZI Data      Debug   

     11658        158        854         16       6776     142782   Grand Totals
     11658        158        854         16       6776     142782   ELF Image Totals
     11658        158        854         16          0          0   ROM Totals

==============================================================================

    Total RO  Size (Code + RO Data)                12512 (  12.22kB)
    Total RW  Size (RW Data + ZI Data)              6792 (   6.63kB)
    Total ROM Size (Code + RO Data + RW Data)      12528 (  12.23kB)

==============================================================================

