Component: ARM Compiler 6.15 Tool: armlink [5dd79300]

==============================================================================

Section Cross References

    main.o(.text.main) refers to main.o(.text.MPU_Config) for MPU_Config
    main.o(.text.main) refers to stm32h7xx_hal.o(.text.HAL_Init) for HAL_Init
    main.o(.text.main) refers to main.o(.text.SystemClock_Config) for SystemClock_Config
    main.o(.text.main) refers to gpio.o(.text.MX_GPIO_Init) for MX_GPIO_Init
    main.o(.text.main) refers to dma.o(.text.MX_DMA_Init) for MX_DMA_Init
    main.o(.text.main) refers to tim.o(.text.MX_TIM5_Init) for MX_TIM5_Init
    main.o(.text.main) refers to usart.o(.text.MX_USART3_UART_Init) for MX_USART3_UART_Init
    main.o(.text.main) refers to main.o(.text.LL_GPIO_TogglePin) for LL_GPIO_TogglePin
    main.o(.text.main) refers to stm32h7xx_ll_utils.o(.text.LL_mDelay) for LL_mDelay
    main.o(.ARM.exidx.text.main) refers to main.o(.text.main) for [Anonymous Symbol]
    main.o(.text.MPU_Config) refers to main.o(.text.LL_MPU_Disable) for LL_MPU_Disable
    main.o(.text.MPU_Config) refers to main.o(.text.LL_MPU_ConfigRegion) for LL_MPU_ConfigRegion
    main.o(.text.MPU_Config) refers to main.o(.text.LL_MPU_Enable) for LL_MPU_Enable
    main.o(.ARM.exidx.text.MPU_Config) refers to main.o(.text.MPU_Config) for [Anonymous Symbol]
    main.o(.text.SystemClock_Config) refers to main.o(.text.LL_FLASH_SetLatency) for LL_FLASH_SetLatency
    main.o(.text.SystemClock_Config) refers to main.o(.text.LL_FLASH_GetLatency) for LL_FLASH_GetLatency
    main.o(.text.SystemClock_Config) refers to main.o(.text.LL_PWR_ConfigSupply) for LL_PWR_ConfigSupply
    main.o(.text.SystemClock_Config) refers to main.o(.text.LL_PWR_SetRegulVoltageScaling) for LL_PWR_SetRegulVoltageScaling
    main.o(.text.SystemClock_Config) refers to main.o(.text.LL_PWR_IsActiveFlag_VOS) for LL_PWR_IsActiveFlag_VOS
    main.o(.text.SystemClock_Config) refers to main.o(.text.LL_RCC_HSE_Enable) for LL_RCC_HSE_Enable
    main.o(.text.SystemClock_Config) refers to main.o(.text.LL_RCC_HSE_IsReady) for LL_RCC_HSE_IsReady
    main.o(.text.SystemClock_Config) refers to main.o(.text.LL_RCC_PLL_SetSource) for LL_RCC_PLL_SetSource
    main.o(.text.SystemClock_Config) refers to main.o(.text.LL_RCC_PLL1P_Enable) for LL_RCC_PLL1P_Enable
    main.o(.text.SystemClock_Config) refers to main.o(.text.LL_RCC_PLL1R_Enable) for LL_RCC_PLL1R_Enable
    main.o(.text.SystemClock_Config) refers to main.o(.text.LL_RCC_PLL1_SetVCOInputRange) for LL_RCC_PLL1_SetVCOInputRange
    main.o(.text.SystemClock_Config) refers to main.o(.text.LL_RCC_PLL1_SetVCOOutputRange) for LL_RCC_PLL1_SetVCOOutputRange
    main.o(.text.SystemClock_Config) refers to main.o(.text.LL_RCC_PLL1_SetM) for LL_RCC_PLL1_SetM
    main.o(.text.SystemClock_Config) refers to main.o(.text.LL_RCC_PLL1_SetN) for LL_RCC_PLL1_SetN
    main.o(.text.SystemClock_Config) refers to main.o(.text.LL_RCC_PLL1_SetP) for LL_RCC_PLL1_SetP
    main.o(.text.SystemClock_Config) refers to main.o(.text.LL_RCC_PLL1_SetQ) for LL_RCC_PLL1_SetQ
    main.o(.text.SystemClock_Config) refers to main.o(.text.LL_RCC_PLL1_SetR) for LL_RCC_PLL1_SetR
    main.o(.text.SystemClock_Config) refers to main.o(.text.LL_RCC_PLL1_Enable) for LL_RCC_PLL1_Enable
    main.o(.text.SystemClock_Config) refers to main.o(.text.LL_RCC_PLL1_IsReady) for LL_RCC_PLL1_IsReady
    main.o(.text.SystemClock_Config) refers to main.o(.text.LL_RCC_SetAHBPrescaler) for LL_RCC_SetAHBPrescaler
    main.o(.text.SystemClock_Config) refers to main.o(.text.LL_RCC_SetSysClkSource) for LL_RCC_SetSysClkSource
    main.o(.text.SystemClock_Config) refers to main.o(.text.LL_RCC_GetSysClkSource) for LL_RCC_GetSysClkSource
    main.o(.text.SystemClock_Config) refers to main.o(.text.LL_RCC_SetSysPrescaler) for LL_RCC_SetSysPrescaler
    main.o(.text.SystemClock_Config) refers to main.o(.text.LL_RCC_SetAPB1Prescaler) for LL_RCC_SetAPB1Prescaler
    main.o(.text.SystemClock_Config) refers to main.o(.text.LL_RCC_SetAPB2Prescaler) for LL_RCC_SetAPB2Prescaler
    main.o(.text.SystemClock_Config) refers to main.o(.text.LL_RCC_SetAPB3Prescaler) for LL_RCC_SetAPB3Prescaler
    main.o(.text.SystemClock_Config) refers to main.o(.text.LL_RCC_SetAPB4Prescaler) for LL_RCC_SetAPB4Prescaler
    main.o(.text.SystemClock_Config) refers to stm32h7xx_ll_utils.o(.text.LL_SetSystemCoreClock) for LL_SetSystemCoreClock
    main.o(.text.SystemClock_Config) refers to stm32h7xx_hal.o(.text.HAL_InitTick) for HAL_InitTick
    main.o(.text.SystemClock_Config) refers to main.o(.text.Error_Handler) for Error_Handler
    main.o(.ARM.exidx.text.SystemClock_Config) refers to main.o(.text.SystemClock_Config) for [Anonymous Symbol]
    main.o(.ARM.exidx.text.LL_GPIO_TogglePin) refers to main.o(.text.LL_GPIO_TogglePin) for [Anonymous Symbol]
    main.o(.ARM.exidx.text.LL_FLASH_SetLatency) refers to main.o(.text.LL_FLASH_SetLatency) for [Anonymous Symbol]
[...]
    [Anonymous Symbol]                       0x08001750   Section        0  stm32h7xx_ll_rcc.o(.text.LL_RCC_PLL1Q_IsEnabled)
    LL_RCC_PLL1R_Enable                      0x08001761   Thumb Code    18  main.o(.text.LL_RCC_PLL1R_Enable)
    [Anonymous Symbol]                       0x08001760   Section        0  main.o(.text.LL_RCC_PLL1R_Enable)
    LL_RCC_PLL1R_IsEnabled                   0x08001779   Thumb Code    16  stm32h7xx_ll_rcc.o(.text.LL_RCC_PLL1R_IsEnabled)
    [Anonymous Symbol]                       0x08001778   Section        0  stm32h7xx_ll_rcc.o(.text.LL_RCC_PLL1R_IsEnabled)
    LL_RCC_PLL1_Enable                       0x08001789   Thumb Code    18  main.o(.text.LL_RCC_PLL1_Enable)
    [Anonymous Symbol]                       0x08001788   Section        0  main.o(.text.LL_RCC_PLL1_Enable)
    LL_RCC_PLL1_GetFRACN                     0x080017a1   Thumb Code    16  stm32h7xx_ll_rcc.o(.text.LL_RCC_PLL1_GetFRACN)
    [Anonymous Symbol]                       0x080017a0   Section        0  stm32h7xx_ll_rcc.o(.text.LL_RCC_PLL1_GetFRACN)
    LL_RCC_PLL1_GetM                         0x080017b1   Thumb Code    16  stm32h7xx_ll_rcc.o(.text.LL_RCC_PLL1_GetM)
    [Anonymous Symbol]                       0x080017b0   Section        0  stm32h7xx_ll_rcc.o(.text.LL_RCC_PLL1_GetM)
    LL_RCC_PLL1_GetN                         0x080017c1   Thumb Code    18  stm32h7xx_ll_rcc.o(.text.LL_RCC_PLL1_GetN)
    [Anonymous Symbol]                       0x080017c0   Section        0  stm32h7xx_ll_rcc.o(.text.LL_RCC_PLL1_GetN)
    LL_RCC_PLL1_GetP                         0x080017d9   Thumb Code    20  stm32h7xx_ll_rcc.o(.text.LL_RCC_PLL1_GetP)
    [Anonymous Symbol]                       0x080017d8   Section        0  stm32h7xx_ll_rcc.o(.text.LL_RCC_PLL1_GetP)
    LL_RCC_PLL1_GetQ                         0x080017f1   Thumb Code    22  stm32h7xx_ll_rcc.o(.text.LL_RCC_PLL1_GetQ)
    [Anonymous Symbol]                       0x080017f0   Section        0  stm32h7xx_ll_rcc.o(.text.LL_RCC_PLL1_GetQ)
    LL_RCC_PLL1_GetR                         0x08001809   Thumb Code    22  stm32h7xx_ll_rcc.o(.text.LL_RCC_PLL1_GetR)
    [Anonymous Symbol]                       0x08001808   Section        0  stm32h7xx_ll_rcc.o(.text.LL_RCC_PLL1_GetR)
    LL_RCC_PLL1_IsReady                      0x08001821   Thumb Code    16  main.o(.text.LL_RCC_PLL1_IsReady)
    [Anonymous Symbol]                       0x08001820   Section        0  main.o(.text.LL_RCC_PLL1_IsReady)
    LL_RCC_PLL1_SetM                         0x08001831   Thumb Code    30  main.o(.text.LL_RCC_PLL1_SetM)
    [Anonymous Symbol]                       0x08001830   Section        0  main.o(.text.LL_RCC_PLL1_SetM)
    LL_RCC_PLL1_SetN                         0x08001851   Thumb Code    32  main.o(.text.LL_RCC_PLL1_SetN)
    [Anonymous Symbol]                       0x08001850   Section        0  main.o(.text.LL_RCC_PLL1_SetN)
    LL_RCC_PLL1_SetP                         0x08001871   Thumb Code    40  main.o(.text.LL_RCC_PLL1_SetP)
    [Anonymous Symbol]                       0x08001870   Section        0  main.o(.text.LL_RCC_PLL1_SetP)
    LL_RCC_PLL1_SetQ                         0x08001899   Thumb Code    38  main.o(.text.LL_RCC_PLL1_SetQ)
    [Anonymous Symbol]                       0x08001898   Section        0  main.o(.text.LL_RCC_PLL1_SetQ)
    LL_RCC_PLL1_SetR                         0x080018c1   Thumb Code    32  main.o(.text.LL_RCC_PLL1_SetR)
    [Anonymous Symbol]                       0x080018c0   Section        0  main.o(.text.LL_RCC_PLL1_SetR)
    LL_RCC_PLL1_SetVCOInputRange             0x080018e1   Thumb Code    30  main.o(.text.LL_RCC_PLL1_SetVCOInputRange)
    [Anonymous Symbol]                       0x080018e0   Section        0  main.o(.text.LL_RCC_PLL1_SetVCOInputRange)
    LL_RCC_PLL1_SetVCOOutputRange            0x08001901   Thumb Code    30  main.o(.text.LL_RCC_PLL1_SetVCOOutputRange)
    [Anonymous Symbol]                       0x08001900   Section        0  main.o(.text.LL_RCC_PLL1_SetVCOOutputRange)
    LL_RCC_PLL2FRACN_IsEnabled               0x08001921   Thumb Code    16  stm32h7xx_ll_rcc.o(.text.LL_RCC_PLL2FRACN_IsEnabled)
    [Anonymous Symbol]                       0x08001920   Section        0  stm32h7xx_ll_rcc.o(.text.LL_RCC_PLL2FRACN_IsEnabled)
    LL_RCC_PLL2P_IsEnabled                   0x08001931   Thumb Code    16  stm32h7xx_ll_rcc.o(.text.LL_RCC_PLL2P_IsEnabled)
    [Anonymous Symbol]                       0x08001930   Section        0  stm32h7xx_ll_rcc.o(.text.LL_RCC_PLL2P_IsEnabled)
    LL_RCC_PLL2Q_IsEnabled                   0x08001941   Thumb Code    16  stm32h7xx_ll_rcc.o(.text.LL_RCC_PLL2Q_IsEnabled)
    [Anonymous Symbol]                       0x08001940   Section        0  stm32h7xx_ll_rcc.o(.text.LL_RCC_PLL2Q_IsEnabled)
    LL_RCC_PLL2R_IsEnabled                   0x08001951   Thumb Code    16  stm32h7xx_ll_rcc.o(.text.LL_RCC_PLL2R_IsEnabled)
    [Anonymous Symbol]                       0x08001950   Section        0  stm32h7xx_ll_rcc.o(.text.LL_RCC_PLL2R_IsEnabled)
    LL_RCC_PLL2_GetFRACN                     0x08001961   Thumb Code    16  stm32h7xx_ll_rcc.o(.text.LL_RCC_PLL2_GetFRACN)
    [Anonymous Symbol]                       0x08001960   Section        0  stm32h7xx_ll_rcc.o(.text.LL_RCC_PLL2_GetFRACN)
    LL_RCC_PLL2_GetM                         0x08001971   Thumb Code    16  stm32h7xx_ll_rcc.o(.text.LL_RCC_PLL2_GetM)
    [Anonymous Symbol]                       0x08001970   Section        0  stm32h7xx_ll_rcc.o(.text.LL_RCC_PLL2_GetM)
    LL_RCC_PLL2_GetN                         0x08001981   Thumb Code    18  stm32h7xx_ll_rcc.o(.text.LL_RCC_PLL2_GetN)
    [Anonymous Symbol]                       0x08001980   Section        0  stm32h7xx_ll_rcc.o(.text.LL_RCC_PLL2_GetN)
    LL_RCC_PLL2_GetP                         0x08001999   Thumb Code    20  stm32h7xx_ll_rcc.o(.text.LL_RCC_PLL2_GetP)
    [Anonymous Symbol]                       0x08001998   Section        0  stm32h7xx_ll_rcc.o(.text.LL_RCC_PLL2_GetP)
    LL_RCC_PLL2_GetQ                         0x080019b1   Thumb Code    22  stm32h7xx_ll_rcc.o(.text.LL_RCC_PLL2_GetQ)
    [Anonymous Symbol]                       0x080019b0   Section        0  stm32h7xx_ll_rcc.o(.text.LL_RCC_PLL2_GetQ)
    LL_RCC_PLL2_GetR                         0x080019c9   Thumb Code    22  stm32h7xx_ll_rcc.o(.text.LL_RCC_PLL2_GetR)
    [Anonymous Symbol]                       0x080019c8   Section        0  stm32h7xx_ll_rcc.o(.text.LL_RCC_PLL2_GetR)
    LL_RCC_PLL2_IsReady                      0x080019e1   Thumb Code    16  stm32h7xx_ll_rcc.o(.text.LL_RCC_PLL2_IsReady)
    [Anonymous Symbol]                       0x080019e0   Section        0  stm32h7xx_ll_rcc.o(.text.LL_RCC_PLL2_IsReady)
    LL_RCC_PLL3FRACN_IsEnabled               0x080019f1   Thumb Code    16  stm32h7xx_ll_rcc.o(.text.LL_RCC_PLL3FRACN_IsEnabled)
    [Anonymous Symbol]                       0x080019f0   Section        0  stm32h7xx_ll_rcc.o(.text.LL_RCC_PLL3FRACN_IsEnabled)
    LL_RCC_PLL3P_IsEnabled                   0x08001a01   Thumb Code    16  stm32h7xx_ll_rcc.o(.text.LL_RCC_PLL3P_IsEnabled)
    [Anonymous Symbol]                       0x08001a00   Section        0  stm32h7xx_ll_rcc.o(.text.LL_RCC_PLL3P_IsEnabled)
    LL_RCC_PLL3Q_IsEnabled                   0x08001a11   Thumb Code    16  stm32h7xx_ll_rcc.o(.text.LL_RCC_PLL3Q_IsEnabled)
    [Anonymous Symbol]                       0x08001a10   Section        0  stm32h7xx_ll_rcc.o(.text.LL_RCC_PLL3Q_IsEnabled)
    LL_RCC_PLL3R_IsEnabled                   0x08001a21   Thumb Code    16  stm32h7xx_ll_rcc.o(.text.LL_RCC_PLL3R_IsEnabled)
    [Anonymous Symbol]                       0x08001a20   Section        0  stm32h7xx_ll_rcc.o(.text.LL_RCC_PLL3R_IsEnabled)
    LL_RCC_PLL3_GetFRACN                     0x08001a31   Thumb Code    16  stm32h7xx_ll_rcc.o(.text.LL_RCC_PLL3_GetFRACN)
    [Anonymous Symbol]                       0x08001a30   Section        0  stm32h7xx_ll_rcc.o(.text.LL_RCC_PLL3_GetFRACN)
    LL_RCC_PLL3_GetM                         0x08001a41   Thumb Code    16  stm32h7xx_ll_rcc.o(.text.LL_RCC_PLL3_GetM)
    [Anonymous Symbol]                       0x08001a40   Section        0  stm32h7xx_ll_rcc.o(.text.LL_RCC_PLL3_GetM)
    LL_RCC_PLL3_GetN                         0x08001a51   Thumb Code    18  stm32h7xx_ll_rcc.o(.text.LL_RCC_PLL3_GetN)
    [Anonymous Symbol]                       0x08001a50   Section        0  stm32h7xx_ll_rcc.o(.text.LL_RCC_PLL3_GetN)
    LL_RCC_PLL3_GetP                         0x08001a69   Thumb Code    20  stm32h7xx_ll_rcc.o(.text.LL_RCC_PLL3_GetP)
    [Anonymous Symbol]                       0x08001a68   Section        0  stm32h7xx_ll_rcc.o(.text.LL_RCC_PLL3_GetP)
    LL_RCC_PLL3_GetQ                         0x08001a81   Thumb Code    22  stm32h7xx_ll_rcc.o(.text.LL_RCC_PLL3_GetQ)
    [Anonymous Symbol]                       0x08001a80   Section        0  stm32h7xx_ll_rcc.o(.text.LL_RCC_PLL3_GetQ)
    LL_RCC_PLL3_GetR                         0x08001a99   Thumb Code    22  stm32h7xx_ll_rcc.o(.text.LL_RCC_PLL3_GetR)
    [Anonymous Symbol]                       0x08001a98   Section        0  stm32h7xx_ll_rcc.o(.text.LL_RCC_PLL3_GetR)
    LL_RCC_PLL3_IsReady                      0x08001ab1   Thumb Code    16  stm32h7xx_ll_rcc.o(.text.LL_RCC_PLL3_IsReady)
    [Anonymous Symbol]                       0x08001ab0   Section        0  stm32h7xx_ll_rcc.o(.text.LL_RCC_PLL3_IsReady)
    LL_RCC_PLL_GetSource                     0x08001ac1   Thumb Code    16  stm32h7xx_ll_rcc.o(.text.LL_RCC_PLL_GetSource)
    [Anonymous Symbol]                       0x08001ac0   Section        0  stm32h7xx_ll_rcc.o(.text.LL_RCC_PLL_GetSource)
    LL_RCC_PLL_SetSource                     0x08001ad1   Thumb Code    28  main.o(.text.LL_RCC_PLL_SetSource)
    [Anonymous Symbol]                       0x08001ad0   Section        0  main.o(.text.LL_RCC_PLL_SetSource)
    LL_RCC_SetAHBPrescaler                   0x08001af1   Thumb Code    28  main.o(.text.LL_RCC_SetAHBPrescaler)
    [Anonymous Symbol]                       0x08001af0   Section        0  main.o(.text.LL_RCC_SetAHBPrescaler)
    LL_RCC_SetAPB1Prescaler                  0x08001b11   Thumb Code    28  main.o(.text.LL_RCC_SetAPB1Prescaler)
    [Anonymous Symbol]                       0x08001b10   Section        0  main.o(.text.LL_RCC_SetAPB1Prescaler)
    LL_RCC_SetAPB2Prescaler                  0x08001b31   Thumb Code    28  main.o(.text.LL_RCC_SetAPB2Prescaler)
    [Anonymous Symbol]                       0x08001b30   Section        0  main.o(.text.LL_RCC_SetAPB2Prescaler)
    LL_RCC_SetAPB3Prescaler                  0x08001b51   Thumb Code    28  main.o(.text.LL_RCC_SetAPB3Prescaler)
    [Anonymous Symbol]                       0x08001b50   Section        0  main.o(.text.LL_RCC_SetAPB3Prescaler)
    LL_RCC_SetAPB4Prescaler                  0x08001b71   Thumb Code    28  main.o(.text.LL_RCC_SetAPB4Prescaler)
    [Anonymous Symbol]                       0x08001b70   Section        0  main.o(.text.LL_RCC_SetAPB4Prescaler)
    LL_RCC_SetClockSource                    0x08001b91   Thumb Code    54  usart.o(.text.LL_RCC_SetClockSource)
    [Anonymous Symbol]                       0x08001b90   Section        0  usart.o(.text.LL_RCC_SetClockSource)
    LL_RCC_SetSysClkSource                   0x08001bc9   Thumb Code    28  main.o(.text.LL_RCC_SetSysClkSource)
    [Anonymous Symbol]                       0x08001bc8   Section        0  main.o(.text.LL_RCC_SetSysClkSource)
    LL_RCC_SetSysPrescaler                   0x08001be9   Thumb Code    28  main.o(.text.LL_RCC_SetSysPrescaler)
    [Anonymous Symbol]                       0x08001be8   Section        0  main.o(.text.LL_RCC_SetSysPrescaler)
    LL_RCC_SetUSARTClockSource               0x08001c09   Thumb Code    16  usart.o(.text.LL_RCC_SetUSARTClockSource)
    [Anonymous Symbol]                       0x08001c08   Section        0  usart.o(.text.LL_RCC_SetUSARTClockSource)
    [Anonymous Symbol]                       0x08001c18   Section        0  stm32h7xx_ll_utils.o(.text.LL_SetSystemCoreClock)
    LL_TIM_DisableARRPreload                 0x08001c31   Thumb Code    18  tim.o(.text.LL_TIM_DisableARRPreload)
    [Anonymous Symbol]                       0x08001c30   Section        0  tim.o(.text.LL_TIM_DisableARRPreload)
    LL_TIM_DisableMasterSlaveMode            0x08001c49   Thumb Code    18  tim.o(.text.LL_TIM_DisableMasterSlaveMode)
    [Anonymous Symbol]                       0x08001c48   Section        0  tim.o(.text.LL_TIM_DisableMasterSlaveMode)
    LL_TIM_GenerateEvent_UPDATE              0x08001c61   Thumb Code    18  stm32h7xx_ll_tim.o(.text.LL_TIM_GenerateEvent_UPDATE)
    [Anonymous Symbol]                       0x08001c60   Section        0  stm32h7xx_ll_tim.o(.text.LL_TIM_GenerateEvent_UPDATE)
    [Anonymous Symbol]                       0x08001c78   Section        0  stm32h7xx_ll_tim.o(.text.LL_TIM_Init)
    LL_TIM_SetAutoReload                     0x08001e29   Thumb Code    16  stm32h7xx_ll_tim.o(.text.LL_TIM_SetAutoReload)
    [Anonymous Symbol]                       0x08001e28   Section        0  stm32h7xx_ll_tim.o(.text.LL_TIM_SetAutoReload)
    LL_TIM_SetClockSource                    0x08001e39   Thumb Code    32  tim.o(.text.LL_TIM_SetClockSource)
    [Anonymous Symbol]                       0x08001e38   Section        0  tim.o(.text.LL_TIM_SetClockSource)
    LL_TIM_SetPrescaler                      0x08001e59   Thumb Code    16  stm32h7xx_ll_tim.o(.text.LL_TIM_SetPrescaler)
    [Anonymous Symbol]                       0x08001e58   Section        0  stm32h7xx_ll_tim.o(.text.LL_TIM_SetPrescaler)
    LL_TIM_SetRepetitionCounter              0x08001e69   Thumb Code    16  stm32h7xx_ll_tim.o(.text.LL_TIM_SetRepetitionCounter)
    [Anonymous Symbol]                       0x08001e68   Section        0  stm32h7xx_ll_tim.o(.text.LL_TIM_SetRepetitionCounter)
    LL_TIM_SetTriggerOutput                  0x08001e79   Thumb Code    26  tim.o(.text.LL_TIM_SetTriggerOutput)
    [Anonymous Symbol]                       0x08001e78   Section        0  tim.o(.text.LL_TIM_SetTriggerOutput)
    LL_USART_ConfigAsyncMode                 0x08001e99   Thumb Code    28  usart.o(.text.LL_USART_ConfigAsyncMode)
    [Anonymous Symbol]                       0x08001e98   Section        0  usart.o(.text.LL_USART_ConfigAsyncMode)
    LL_USART_DisableFIFO                     0x08001eb9   Thumb Code    18  usart.o(.text.LL_USART_DisableFIFO)
    [Anonymous Symbol]                       0x08001eb8   Section        0  usart.o(.text.LL_USART_DisableFIFO)
    LL_USART_Enable                          0x08001ed1   Thumb Code    18  usart.o(.text.LL_USART_Enable)
    [Anonymous Symbol]                       0x08001ed0   Section        0  usart.o(.text.LL_USART_Enable)
    LL_USART_EnableDMAReq_RX                 0x08001ee9   Thumb Code    42  usart.o(.text.LL_USART_EnableDMAReq_RX)
    [Anonymous Symbol]                       0x08001ee8   Section        0  usart.o(.text.LL_USART_EnableDMAReq_RX)
    LL_USART_EnableIT_IDLE                   0x08001f19   Thumb Code    42  usart.o(.text.LL_USART_EnableIT_IDLE)
    [Anonymous Symbol]                       0x08001f18   Section        0  usart.o(.text.LL_USART_EnableIT_IDLE)
    [Anonymous Symbol]                       0x08001f48   Section        0  stm32h7xx_ll_usart.o(.text.LL_USART_Init)
    LL_USART_IsActiveFlag_REACK              0x08002139   Thumb Code    16  usart.o(.text.LL_USART_IsActiveFlag_REACK)
    [Anonymous Symbol]                       0x08002138   Section        0  usart.o(.text.LL_USART_IsActiveFlag_REACK)
    LL_USART_IsActiveFlag_TEACK              0x08002149   Thumb Code    16  usart.o(.text.LL_USART_IsActiveFlag_TEACK)
    [Anonymous Symbol]                       0x08002148   Section        0  usart.o(.text.LL_USART_IsActiveFlag_TEACK)
    LL_USART_IsEnabled                       0x08002159   Thumb Code    16  stm32h7xx_ll_usart.o(.text.LL_USART_IsEnabled)
    [Anonymous Symbol]                       0x08002158   Section        0  stm32h7xx_ll_usart.o(.text.LL_USART_IsEnabled)
    LL_USART_SetBaudRate                     0x08002169   Thumb Code   162  stm32h7xx_ll_usart.o(.text.LL_USART_SetBaudRate)
    [Anonymous Symbol]                       0x08002168   Section        0  stm32h7xx_ll_usart.o(.text.LL_USART_SetBaudRate)
    LL_USART_SetHWFlowCtrl                   0x08002211   Thumb Code    26  stm32h7xx_ll_usart.o(.text.LL_USART_SetHWFlowCtrl)
    [Anonymous Symbol]                       0x08002210   Section        0  stm32h7xx_ll_usart.o(.text.LL_USART_SetHWFlowCtrl)
    LL_USART_SetPrescaler                    0x08002231   Thumb Code    28  stm32h7xx_ll_usart.o(.text.LL_USART_SetPrescaler)
    [Anonymous Symbol]                       0x08002230   Section        0  stm32h7xx_ll_usart.o(.text.LL_USART_SetPrescaler)
    LL_USART_SetRXFIFOThreshold              0x08002251   Thumb Code    50  usart.o(.text.LL_USART_SetRXFIFOThreshold)
    [Anonymous Symbol]                       0x08002250   Section        0  usart.o(.text.LL_USART_SetRXFIFOThreshold)
    LL_USART_SetStopBitsLength               0x08002289   Thumb Code    26  stm32h7xx_ll_usart.o(.text.LL_USART_SetStopBitsLength)
    [Anonymous Symbol]                       0x08002288   Section        0  stm32h7xx_ll_usart.o(.text.LL_USART_SetStopBitsLength)
    LL_USART_SetTXFIFOThreshold              0x080022a9   Thumb Code    50  usart.o(.text.LL_USART_SetTXFIFOThreshold)
    [Anonymous Symbol]                       0x080022a8   Section        0  usart.o(.text.LL_USART_SetTXFIFOThreshold)
    [Anonymous Symbol]                       0x080022e0   Section        0  stm32h7xx_ll_utils.o(.text.LL_mDelay)
    MPU_Config                               0x08002339   Thumb Code    36  main.o(.text.MPU_Config)
    [Anonymous Symbol]                       0x08002338   Section        0  main.o(.text.MPU_Config)
    [Anonymous Symbol]                       0x08002360   Section        0  dma.o(.text.MX_DMA_Init)
    [Anonymous Symbol]                       0x080023a8   Section        0  gpio.o(.text.MX_GPIO_Init)
    [Anonymous Symbol]                       0x08002470   Section        0  tim.o(.text.MX_TIM5_Init)
    [Anonymous Symbol]                       0x080024d8   Section        0  usart.o(.text.MX_USART3_UART_Init)
    [Anonymous Symbol]                       0x08002728   Section        0  stm32h7xx_it.o(.text.MemManage_Handler)
    [Anonymous Symbol]                       0x08002730   Section        0  stm32h7xx_it.o(.text.NMI_Handler)
    NVIC_EncodePriority                      0x08002739   Thumb Code   110  dma.o(.text.NVIC_EncodePriority)
    [Anonymous Symbol]                       0x08002738   Section        0  dma.o(.text.NVIC_EncodePriority)
    NVIC_EncodePriority                      0x080027a9   Thumb Code   110  usart.o(.text.NVIC_EncodePriority)
    [Anonymous Symbol]                       0x080027a8   Section        0  usart.o(.text.NVIC_EncodePriority)
    NVIC_EncodePriority                      0x08002819   Thumb Code   110  stm32h7xx_hal_cortex.o(.text.NVIC_EncodePriority)
    [Anonymous Symbol]                       0x08002818   Section        0  stm32h7xx_hal_cortex.o(.text.NVIC_EncodePriority)
    [Anonymous Symbol]                       0x08002888   Section        0  stm32h7xx_it.o(.text.PendSV_Handler)
    RCC_GetHCLKClockFreq                     0x08002891   Thumb Code    42  stm32h7xx_ll_rcc.o(.text.RCC_GetHCLKClockFreq)
    [Anonymous Symbol]                       0x08002890   Section        0  stm32h7xx_ll_rcc.o(.text.RCC_GetHCLKClockFreq)
    RCC_GetPCLK1ClockFreq                    0x080028c1   Thumb Code    42  stm32h7xx_ll_rcc.o(.text.RCC_GetPCLK1ClockFreq)
    [Anonymous Symbol]                       0x080028c0   Section        0  stm32h7xx_ll_rcc.o(.text.RCC_GetPCLK1ClockFreq)
    RCC_GetPCLK2ClockFreq                    0x080028f1   Thumb Code    42  stm32h7xx_ll_rcc.o(.text.RCC_GetPCLK2ClockFreq)
    [Anonymous Symbol]                       0x080028f0   Section        0  stm32h7xx_ll_rcc.o(.text.RCC_GetPCLK2ClockFreq)
    RCC_GetSystemClockFreq                   0x08002921   Thumb Code   118  stm32h7xx_ll_rcc.o(.text.RCC_GetSystemClockFreq)
    [Anonymous Symbol]                       0x08002920   Section        0  stm32h7xx_ll_rcc.o(.text.RCC_GetSystemClockFreq)
    [Anonymous Symbol]                       0x08002998   Section        0  stm32h7xx_it.o(.text.SVC_Handler)
    SysTick_Config                           0x080029a1   Thumb Code    82  stm32h7xx_hal_cortex.o(.text.SysTick_Config)
    [Anonymous Symbol]                       0x080029a0   Section        0  stm32h7xx_hal_cortex.o(.text.SysTick_Config)
    [Anonymous Symbol]                       0x080029f8   Section        0  stm32h7xx_it.o(.text.SysTick_Handler)
    [Anonymous Symbol]                       0x08002a00   Section        0  main.o(.text.SystemClock_Config)
    [Anonymous Symbol]                       0x08002af8   Section        0  system_stm32h7xx.o(.text.SystemInit)
    [Anonymous Symbol]                       0x08002c60   Section        0  stm32h7xx_it.o(.text.USART3_IRQHandler)
    [Anonymous Symbol]                       0x08002c68   Section        0  stm32h7xx_it.o(.text.UsageFault_Handler)
    __NVIC_EnableIRQ                         0x08002c71   Thumb Code    44  dma.o(.text.__NVIC_EnableIRQ)
    [Anonymous Symbol]                       0x08002c70   Section        0  dma.o(.text.__NVIC_EnableIRQ)
    __NVIC_EnableIRQ                         0x08002ca1   Thumb Code    44  usart.o(.text.__NVIC_EnableIRQ)
    [Anonymous Symbol]                       0x08002ca0   Section        0  usart.o(.text.__NVIC_EnableIRQ)
    __NVIC_GetPriorityGrouping               0x08002cd1   Thumb Code    16  dma.o(.text.__NVIC_GetPriorityGrouping)
    [Anonymous Symbol]                       0x08002cd0   Section        0  dma.o(.text.__NVIC_GetPriorityGrouping)
    __NVIC_GetPriorityGrouping               0x08002ce1   Thumb Code    16  usart.o(.text.__NVIC_GetPriorityGrouping)
    [Anonymous Symbol]                       0x08002ce0   Section        0  usart.o(.text.__NVIC_GetPriorityGrouping)
    __NVIC_GetPriorityGrouping               0x08002cf1   Thumb Code    16  stm32h7xx_hal_cortex.o(.text.__NVIC_GetPriorityGrouping)
    [Anonymous Symbol]                       0x08002cf0   Section        0  stm32h7xx_hal_cortex.o(.text.__NVIC_GetPriorityGrouping)
    __NVIC_SetPriority                       0x08002d01   Thumb Code    58  dma.o(.text.__NVIC_SetPriority)
    [Anonymous Symbol]                       0x08002d00   Section        0  dma.o(.text.__NVIC_SetPriority)
    __NVIC_SetPriority                       0x08002d41   Thumb Code    58  usart.o(.text.__NVIC_SetPriority)
    [Anonymous Symbol]                       0x08002d40   Section        0  usart.o(.text.__NVIC_SetPriority)
    __NVIC_SetPriority                       0x08002d81   Thumb Code    58  stm32h7xx_hal_cortex.o(.text.__NVIC_SetPriority)
    [Anonymous Symbol]                       0x08002d80   Section        0  stm32h7xx_hal_cortex.o(.text.__NVIC_SetPriority)
    __NVIC_SetPriorityGrouping               0x08002dc1   Thumb Code    60  stm32h7xx_hal_cortex.o(.text.__NVIC_SetPriorityGrouping)
    [Anonymous Symbol]                       0x08002dc0   Section        0  stm32h7xx_hal_cortex.o(.text.__NVIC_SetPriorityGrouping)
    [Anonymous Symbol]                       0x08002e00   Section        0  main.o(.text.main)
    $v0                                      0x08002e42   Number         0  fpinit.o(x$fpl$fpinit)
    x$fpl$fpinit                             0x08002e42   Section       26  fpinit.o(x$fpl$fpinit)
    LL_DMA_STR_OFFSET_TAB                    0x08002e6c   Data           8  usart.o(.rodata.LL_DMA_STR_OFFSET_TAB)
    [Anonymous Symbol]                       0x08002e6c   Section        0  usart.o(.rodata.LL_DMA_STR_OFFSET_TAB)
    USART_PRESCALER_TAB                      0x08002e84   Data          48  stm32h7xx_ll_usart.o(.rodata.USART_PRESCALER_TAB)
    [Anonymous Symbol]                       0x08002e84   Section        0  stm32h7xx_ll_usart.o(.rodata.USART_PRESCALER_TAB)
    Stack_Mem                                0x20000000   Data        1024  startup_stm32h723xx.o(STACK)
    STACK                                    0x20000000   Section     1024  startup_stm32h723xx.o(STACK)
    __initial_sp                             0x20000400   Data           0  startup_stm32h723xx.o(STACK)
    .bss                                     0x24000010   Section       96  libspace.o(.bss)
    Heap_Mem                                 0x24000478   Data         512  startup_stm32h723xx.o(HEAP)
    HEAP                                     0x24000478   Section      512  startup_stm32h723xx.o(HEAP)

    Global Symbols

    Symbol Name                              Value     Ov Type        Size  Object(Section)

    BuildAttributes$$THM_ISAv4$E$P$D$K$B$S$7EM$VFPv5_D16$PE$PLD8$A:L22UL41UL21$X:L11$S22US41US21$IEEE1$IW$~IW$USESV6$~STKCKD$USESV7$WCHAR32$ENUMINT$~SHL$OSPACE$ROPI$EBA8$UX$STANDARDLIB$REQ8$EABIv2 0x00000000   Number         0  anon$$obj.o ABSOLUTE
    __ARM_exceptions_init                     - Undefined Weak Reference
    __alloca_initialize                       - Undefined Weak Reference
    __arm_preinit_                            - Undefined Weak Reference
    __cpp_initialize__aeabi_                  - Undefined Weak Reference
    __cxa_finalize                            - Undefined Weak Reference
    __rt_locale                               - Undefined Weak Reference
    __sigvec_lookup                           - Undefined Weak Reference
    _atexit_init                              - Undefined Weak Reference
    _call_atexit_fns                          - Undefined Weak Reference
    _clock_init                               - Undefined Weak Reference
    _fp_trap_init                             - Undefined Weak Reference
    _fp_trap_shutdown                         - Undefined Weak Reference
    _get_lc_collate                           - Undefined Weak Reference
    _get_lc_ctype                             - Undefined Weak Reference
    _get_lc_monetary                          - Undefined Weak Reference
    _get_lc_numeric                           - Undefined Weak Reference
    _get_lc_time                              - Undefined Weak Reference
    _getenv_init                              - Undefined Weak Reference
    _handle_redirection                       - Undefined Weak Reference
    _init_alloc                               - Undefined Weak Reference
    _init_user_alloc                          - Undefined Weak Reference
    _initio                                   - Undefined Weak Reference
    _rand_init                                - Undefined Weak Reference
    _signal_finish                            - Undefined Weak Reference
    _signal_init                              - Undefined Weak Reference
    _terminate_alloc                          - Undefined Weak Reference
    _terminate_user_alloc                     - Undefined Weak Reference
    _terminateio                              - Undefined Weak Reference
    __Vectors_Size                           0x000002cc   Number         0  startup_stm32h723xx.o ABSOLUTE
    __Vectors                                0x08000000   Data           4  startup_stm32h723xx.o(RESET)
    __Vectors_End                            0x080002cc   Data           0  startup_stm32h723xx.o(RESET)
    __main                                   0x080002cd   Thumb Code     8  __main.o(!!!main)
    __scatterload                            0x080002d5   Thumb Code     0  __scatter.o(!!!scatter)
    __scatterload_rt2                        0x080002d5   Thumb Code    44  __scatter.o(!!!scatter)
    __scatterload_rt2_thumb_only             0x080002d5   Thumb Code     0  __scatter.o(!!!scatter)
    __scatterload_null                       0x080002e3   Thumb Code     0  __scatter.o(!!!scatter)
    __scatterload_copy                       0x08000309   Thumb Code    26  __scatter_copy.o(!!handler_copy)
    __scatterload_zeroinit                   0x08000325   Thumb Code    28  __scatter_zi.o(!!handler_zi)
    __rt_lib_init                            0x08000341   Thumb Code     0  libinit.o(.ARM.Collect$$libinit$$00000000)
    __rt_lib_init_fp_1                       0x08000343   Thumb Code     0  libinit2.o(.ARM.Collect$$libinit$$00000001)
    __rt_lib_init_alloca_1                   0x08000347   Thumb Code     0  libinit2.o(.ARM.Collect$$libinit$$0000002E)
    __rt_lib_init_argv_1                     0x08000347   Thumb Code     0  libinit2.o(.ARM.Collect$$libinit$$0000002C)
    __rt_lib_init_atexit_1                   0x08000347   Thumb Code     0  libinit2.o(.ARM.Collect$$libinit$$0000001B)
    __rt_lib_init_clock_1                    0x08000347   Thumb Code     0  libinit2.o(.ARM.Collect$$libinit$$00000021)
    __rt_lib_init_cpp_1                      0x08000347   Thumb Code     0  libinit2.o(.ARM.Collect$$libinit$$00000032)
    __rt_lib_init_exceptions_1               0x08000347   Thumb Code     0  libinit2.o(.ARM.Collect$$libinit$$00000030)
    __rt_lib_init_fp_trap_1                  0x08000347   Thumb Code     0  libinit2.o(.ARM.Collect$$libinit$$0000001F)
    __rt_lib_init_getenv_1                   0x08000347   Thumb Code     0  libinit2.o(.ARM.Collect$$libinit$$00000023)
    __rt_lib_init_heap_1                     0x08000347   Thumb Code     0  libinit2.o(.ARM.Collect$$libinit$$0000000A)
    __rt_lib_init_lc_collate_1               0x08000347   Thumb Code     0  libinit2.o(.ARM.Collect$$libinit$$00000011)
    __rt_lib_init_lc_ctype_1                 0x08000347   Thumb Code     0  libinit2.o(.ARM.Collect$$libinit$$00000013)
    __rt_lib_init_lc_monetary_1              0x08000347   Thumb Code     0  libinit2.o(.ARM.Collect$$libinit$$00000015)
    __rt_lib_init_lc_numeric_1               0x08000347   Thumb Code     0  libinit2.o(.ARM.Collect$$libinit$$00000017)
    __rt_lib_init_lc_time_1                  0x08000347   Thumb Code     0  libinit2.o(.ARM.Collect$$libinit$$00000019)
    __rt_lib_init_preinit_1                  0x08000347   Thumb Code     0  libinit2.o(.ARM.Collect$$libinit$$00000004)
    __rt_lib_init_rand_1                     0x08000347   Thumb Code     0  libinit2.o(.ARM.Collect$$libinit$$0000000E)
    __rt_lib_init_return                     0x08000347   Thumb Code     0  libinit2.o(.ARM.Collect$$libinit$$00000033)
    __rt_lib_init_signal_1                   0x08000347   Thumb Code     0  libinit2.o(.ARM.Collect$$libinit$$0000001D)
    __rt_lib_init_stdio_1                    0x08000347   Thumb Code     0  libinit2.o(.ARM.Collect$$libinit$$00000025)
    __rt_lib_init_user_alloc_1               0x08000347   Thumb Code     0  libinit2.o(.ARM.Collect$$libinit$$0000000C)
    __rt_lib_shutdown                        0x08000349   Thumb Code     0  libshutdown.o(.ARM.Collect$$libshutdown$$00000000)
    __rt_lib_shutdown_cpp_1                  0x0800034b   Thumb Code     0  libshutdown2.o(.ARM.Collect$$libshutdown$$00000002)
    __rt_lib_shutdown_fp_trap_1              0x0800034b   Thumb Code     0  libshutdown2.o(.ARM.Collect$$libshutdown$$00000007)
    __rt_lib_shutdown_heap_1                 0x0800034b   Thumb Code     0  libshutdown2.o(.ARM.Collect$$libshutdown$$0000000F)
    __rt_lib_shutdown_return                 0x0800034b   Thumb Code     0  libshutdown2.o(.ARM.Collect$$libshutdown$$00000010)
    __rt_lib_shutdown_signal_1               0x0800034b   Thumb Code     0  libshutdown2.o(.ARM.Collect$$libshutdown$$0000000A)
    __rt_lib_shutdown_stdio_1                0x0800034b   Thumb Code     0  libshutdown2.o(.ARM.Collect$$libshutdown$$00000004)
    __rt_lib_shutdown_user_alloc_1           0x0800034b   Thumb Code     0  libshutdown2.o(.ARM.Collect$$libshutdown$$0000000C)
    __rt_entry                               0x0800034d   Thumb Code     0  __rtentry.o(.ARM.Collect$$rtentry$$00000000)
    __rt_entry_presh_1                       0x0800034d   Thumb Code     0  __rtentry2.o(.ARM.Collect$$rtentry$$00000002)
    __rt_entry_sh                            0x0800034d   Thumb Code     0  __rtentry4.o(.ARM.Collect$$rtentry$$00000004)
    __rt_entry_li                            0x08000353   Thumb Code     0  __rtentry2.o(.ARM.Collect$$rtentry$$0000000A)
    __rt_entry_postsh_1                      0x08000353   Thumb Code     0  __rtentry2.o(.ARM.Collect$$rtentry$$00000009)
    __rt_entry_main                          0x08000357   Thumb Code     0  __rtentry2.o(.ARM.Collect$$rtentry$$0000000D)
    __rt_entry_postli_1                      0x08000357   Thumb Code     0  __rtentry2.o(.ARM.Collect$$rtentry$$0000000C)
    __rt_exit                                0x0800035f   Thumb Code     0  rtexit.o(.ARM.Collect$$rtexit$$00000000)
    __rt_exit_ls                             0x08000361   Thumb Code     0  rtexit2.o(.ARM.Collect$$rtexit$$00000003)
    __rt_exit_prels_1                        0x08000361   Thumb Code     0  rtexit2.o(.ARM.Collect$$rtexit$$00000002)
    __rt_exit_exit                           0x08000365   Thumb Code     0  rtexit2.o(.ARM.Collect$$rtexit$$00000004)
    Reset_Handler                            0x0800036d   Thumb Code    12  startup_stm32h723xx.o(.text)
    ADC3_IRQHandler                          0x0800038b   Thumb Code     0  startup_stm32h723xx.o(.text)
    ADC_IRQHandler                           0x0800038b   Thumb Code     0  startup_stm32h723xx.o(.text)
    BDMA_Channel0_IRQHandler                 0x0800038b   Thumb Code     0  startup_stm32h723xx.o(.text)
    BDMA_Channel1_IRQHandler                 0x0800038b   Thumb Code     0  startup_stm32h723xx.o(.text)
    BDMA_Channel2_IRQHandler                 0x0800038b   Thumb Code     0  startup_stm32h723xx.o(.text)
    BDMA_Channel3_IRQHandler                 0x0800038b   Thumb Code     0  startup_stm32h723xx.o(.text)
    BDMA_Channel4_IRQHandler                 0x0800038b   Thumb Code     0  startup_stm32h723xx.o(.text)
    BDMA_Channel5_IRQHandler                 0x0800038b   Thumb Code     0  startup_stm32h723xx.o(.text)
    BDMA_Channel6_IRQHandler                 0x0800038b   Thumb Code     0  startup_stm32h723xx.o(.text)
    BDMA_Channel7_IRQHandler                 0x0800038b   Thumb Code     0  startup_stm32h723xx.o(.text)
    CEC_IRQHandler                           0x0800038b   Thumb Code     0  startup_stm32h723xx.o(.text)
    COMP1_IRQHandler                         0x0800038b   Thumb Code     0  startup_stm32h723xx.o(.text)
    CORDIC_IRQHandler                        0x0800038b   Thumb Code     0  startup_stm32h723xx.o(.text)
    CRS_IRQHandler                           0x0800038b   Thumb Code     0  startup_stm32h723xx.o(.text)
    DCMI_PSSI_IRQHandler                     0x0800038b   Thumb Code     0  startup_stm32h723xx.o(.text)
    DFSDM1_FLT0_IRQHandler                   0x0800038b   Thumb Code     0  startup_stm32h723xx.o(.text)
    DFSDM1_FLT1_IRQHandler                   0x0800038b   Thumb Code     0  startup_stm32h723xx.o(.text)
    DFSDM1_FLT2_IRQHandler                   0x0800038b   Thumb Code     0  startup_stm32h723xx.o(.text)
    DFSDM1_FLT3_IRQHandler                   0x0800038b   Thumb Code     0  startup_stm32h723xx.o(.text)
    DMA1_Stream1_IRQHandler                  0x0800038b   Thumb Code     0  startup_stm32h723xx.o(.text)
    DMA1_Stream2_IRQHandler                  0x0800038b   Thumb Code     0  startup_stm32h723xx.o(.text)
    DMA1_Stream3_IRQHandler                  0x0800038b   Thumb Code     0  startup_stm32h723xx.o(.text)
    DMA1_Stream4_IRQHandler                  0x0800038b   Thumb Code     0  startup_stm32h723xx.o(.text)
    DMA1_Stream5_IRQHandler                  0x0800038b   Thumb Code     0  startup_stm32h723xx.o(.text)
    DMA1_Stream6_IRQHandler                  0x0800038b   Thumb Code     0  startup_stm32h723xx.o(.text)
    DMA1_Stream7_IRQHandler                  0x0800038b   Thumb Code     0  startup_stm32h723xx.o(.text)
    DMA2D_IRQHandler                         0x0800038b   Thumb Code     0  startup_stm32h723xx.o(.text)
    DMA2_Stream0_IRQHandler                  0x0800038b   Thumb Code     0  startup_stm32h723xx.o(.text)
    DMA2_Stream1_IRQHandler                  0x0800038b   Thumb Code     0  startup_stm32h723xx.o(.text)
    DMA2_Stream2_IRQHandler                  0x0800038b   Thumb Code     0  startup_stm32h723xx.o(.text)
    DMA2_Stream3_IRQHandler                  0x0800038b   Thumb Code     0  startup_stm32h723xx.o(.text)
    DMA2_Stream4_IRQHandler                  0x0800038b   Thumb Code     0  startup_stm32h723xx.o(.text)
    DMA2_Stream5_IRQHandler                  0x0800038b   Thumb Code     0  startup_stm32h723xx.o(.text)
    DMA2_Stream6_IRQHandler                  0x0800038b   Thumb Code     0  startup_stm32h723xx.o(.text)
    DMA2_Stream7_IRQHandler                  0x0800038b   Thumb Code     0  startup_stm32h723xx.o(.text)
    DMAMUX1_OVR_IRQHandler                   0x0800038b   Thumb Code     0  startup_stm32h723xx.o(.text)
    DMAMUX2_OVR_IRQHandler                   0x0800038b   Thumb Code     0  startup_stm32h723xx.o(.text)
    DTS_IRQHandler                           0x0800038b   Thumb Code     0  startup_stm32h723xx.o(.text)
    ECC_IRQHandler                           0x0800038b   Thumb Code     0  startup_stm32h723xx.o(.text)
    ETH_IRQHandler                           0x0800038b   Thumb Code     0  startup_stm32h723xx.o(.text)
    ETH_WKUP_IRQHandler                      0x0800038b   Thumb Code     0  startup_stm32h723xx.o(.text)
    EXTI0_IRQHandler                         0x0800038b   Thumb Code     0  startup_stm32h723xx.o(.text)
    EXTI15_10_IRQHandler                     0x0800038b   Thumb Code     0  startup_stm32h723xx.o(.text)
    EXTI1_IRQHandler                         0x0800038b   Thumb Code     0  startup_stm32h723xx.o(.text)
    EXTI2_IRQHandler                         0x0800038b   Thumb Code     0  startup_stm32h723xx.o(.text)
    EXTI3_IRQHandler                         0x0800038b   Thumb Code     0  startup_stm32h723xx.o(.text)
    EXTI4_IRQHandler                         0x0800038b   Thumb Code     0  startup_stm32h723xx.o(.text)
    EXTI9_5_IRQHandler                       0x0800038b   Thumb Code     0  startup_stm32h723xx.o(.text)
    FDCAN1_IT0_IRQHandler                    0x0800038b   Thumb Code     0  startup_stm32h723xx.o(.text)
    FDCAN1_IT1_IRQHandler                    0x0800038b   Thumb Code     0  startup_stm32h723xx.o(.text)
    FDCAN2_IT0_IRQHandler                    0x0800038b   Thumb Code     0  startup_stm32h723xx.o(.text)
    FDCAN2_IT1_IRQHandler                    0x0800038b   Thumb Code     0  startup_stm32h723xx.o(.text)
    FDCAN3_IT0_IRQHandler                    0x0800038b   Thumb Code     0  startup_stm32h723xx.o(.text)
    FDCAN3_IT1_IRQHandler                    0x0800038b   Thumb Code     0  startup_stm32h723xx.o(.text)
    FDCAN_CAL_IRQHandler                     0x0800038b   Thumb Code     0  startup_stm32h723xx.o(.text)
    FLASH_IRQHandler                         0x0800038b   Thumb Code     0  startup_stm32h723xx.o(.text)
    FMAC_IRQHandler                          0x0800038b   Thumb Code     0  startup_stm32h723xx.o(.text)
    FMC_IRQHandler                           0x0800038b   Thumb Code     0  startup_stm32h723xx.o(.text)
    FPU_IRQHandler                           0x0800038b   Thumb Code     0  startup_stm32h723xx.o(.text)
    HSEM1_IRQHandler                         0x0800038b   Thumb Code     0  startup_stm32h723xx.o(.text)
    I2C1_ER_IRQHandler                       0x0800038b   Thumb Code     0  startup_stm32h723xx.o(.text)
    I2C1_EV_IRQHandler                       0x0800038b   Thumb Code     0  startup_stm32h723xx.o(.text)
    I2C2_ER_IRQHandler                       0x0800038b   Thumb Code     0  startup_stm32h723xx.o(.text)
    I2C2_EV_IRQHandler                       0x0800038b   Thumb Code     0  startup_stm32h723xx.o(.text)
    I2C3_ER_IRQHandler                       0x0800038b   Thumb Code     0  startup_stm32h723xx.o(.text)
    I2C3_EV_IRQHandler                       0x0800038b   Thumb Code     0  startup_stm32h723xx.o(.text)
    I2C4_ER_IRQHandler                       0x0800038b   Thumb Code     0  startup_stm32h723xx.o(.text)
    I2C4_EV_IRQHandler                       0x0800038b   Thumb Code     0  startup_stm32h723xx.o(.text)
    I2C5_ER_IRQHandler                       0x0800038b   Thumb Code     0  startup_stm32h723xx.o(.text)
    I2C5_EV_IRQHandler                       0x0800038b   Thumb Code     0  startup_stm32h723xx.o(.text)
    LPTIM1_IRQHandler                        0x0800038b   Thumb Code     0  startup_stm32h723xx.o(.text)
    LPTIM2_IRQHandler                        0x0800038b   Thumb Code     0  startup_stm32h723xx.o(.text)
    LPTIM3_IRQHandler                        0x0800038b   Thumb Code     0  startup_stm32h723xx.o(.text)
    LPTIM4_IRQHandler                        0x0800038b   Thumb Code     0  startup_stm32h723xx.o(.text)
    LPTIM5_IRQHandler                        0x0800038b   Thumb Code     0  startup_stm32h723xx.o(.text)
    LPUART1_IRQHandler                       0x0800038b   Thumb Code     0  startup_stm32h723xx.o(.text)
    LTDC_ER_IRQHandler                       0x0800038b   Thumb Code     0  startup_stm32h723xx.o(.text)
    LTDC_IRQHandler                          0x0800038b   Thumb Code     0  startup_stm32h723xx.o(.text)
    MDIOS_IRQHandler                         0x0800038b   Thumb Code     0  startup_stm32h723xx.o(.text)
    MDIOS_WKUP_IRQHandler                    0x0800038b   Thumb Code     0  startup_stm32h723xx.o(.text)
    MDMA_IRQHandler                          0x0800038b   Thumb Code     0  startup_stm32h723xx.o(.text)
    OCTOSPI1_IRQHandler                      0x0800038b   Thumb Code     0  startup_stm32h723xx.o(.text)
    OCTOSPI2_IRQHandler                      0x0800038b   Thumb Code     0  startup_stm32h723xx.o(.text)
    OTG_HS_EP1_IN_IRQHandler                 0x0800038b   Thumb Code     0  startup_stm32h723xx.o(.text)
    OTG_HS_EP1_OUT_IRQHandler                0x0800038b   Thumb Code     0  startup_stm32h723xx.o(.text)
    OTG_HS_IRQHandler                        0x0800038b   Thumb Code     0  startup_stm32h723xx.o(.text)
    OTG_HS_WKUP_IRQHandler                   0x0800038b   Thumb Code     0  startup_stm32h723xx.o(.text)
    PVD_AVD_IRQHandler                       0x0800038b   Thumb Code     0  startup_stm32h723xx.o(.text)
    RCC_IRQHandler                           0x0800038b   Thumb Code     0  startup_stm32h723xx.o(.text)
    RNG_IRQHandler                           0x0800038b   Thumb Code     0  startup_stm32h723xx.o(.text)
    RTC_Alarm_IRQHandler                     0x0800038b   Thumb Code     0  startup_stm32h723xx.o(.text)
    RTC_WKUP_IRQHandler                      0x0800038b   Thumb Code     0  startup_stm32h723xx.o(.text)
    SAI1_IRQHandler                          0x0800038b   Thumb Code     0  startup_stm32h723xx.o(.text)
    SAI4_IRQHandler                          0x0800038b   Thumb Code     0  startup_stm32h723xx.o(.text)
    SDMMC1_IRQHandler                        0x0800038b   Thumb Code     0  startup_stm32h723xx.o(.text)
    SDMMC2_IRQHandler                        0x0800038b   Thumb Code     0  startup_stm32h723xx.o(.text)
    SPDIF_RX_IRQHandler                      0x0800038b   Thumb Code     0  startup_stm32h723xx.o(.text)
    SPI1_IRQHandler                          0x0800038b   Thumb Code     0  startup_stm32h723xx.o(.text)
    SPI2_IRQHandler                          0x0800038b   Thumb Code     0  startup_stm32h723xx.o(.text)
    SPI3_IRQHandler                          0x0800038b   Thumb Code     0  startup_stm32h723xx.o(.text)
    SPI4_IRQHandler                          0x0800038b   Thumb Code     0  startup_stm32h723xx.o(.text)
    SPI5_IRQHandler                          0x0800038b   Thumb Code     0  startup_stm32h723xx.o(.text)
    SPI6_IRQHandler                          0x0800038b   Thumb Code     0  startup_stm32h723xx.o(.text)
    SWPMI1_IRQHandler                        0x0800038b   Thumb Code     0  startup_stm32h723xx.o(.text)
    TAMP_STAMP_IRQHandler                    0x0800038b   Thumb Code     0  startup_stm32h723xx.o(.text)
    TIM15_IRQHandler                         0x0800038b   Thumb Code     0  startup_stm32h723xx.o(.text)
    TIM16_IRQHandler                         0x0800038b   Thumb Code     0  startup_stm32h723xx.o(.text)
    TIM17_IRQHandler                         0x0800038b   Thumb Code     0  startup_stm32h723xx.o(.text)
    TIM1_BRK_IRQHandler                      0x0800038b   Thumb Code     0  startup_stm32h723xx.o(.text)
    TIM1_CC_IRQHandler                       0x0800038b   Thumb Code     0  startup_stm32h723xx.o(.text)
    TIM1_TRG_COM_IRQHandler                  0x0800038b   Thumb Code     0  startup_stm32h723xx.o(.text)
    TIM1_UP_IRQHandler                       0x0800038b   Thumb Code     0  startup_stm32h723xx.o(.text)
    TIM23_IRQHandler                         0x0800038b   Thumb Code     0  startup_stm32h723xx.o(.text)
    TIM24_IRQHandler                         0x0800038b   Thumb Code     0  startup_stm32h723xx.o(.text)
    TIM2_IRQHandler                          0x0800038b   Thumb Code     0  startup_stm32h723xx.o(.text)
    TIM3_IRQHandler                          0x0800038b   Thumb Code     0  startup_stm32h723xx.o(.text)
    TIM4_IRQHandler                          0x0800038b   Thumb Code     0  startup_stm32h723xx.o(.text)
    TIM5_IRQHandler                          0x0800038b   Thumb Code     0  startup_stm32h723xx.o(.text)
    TIM6_DAC_IRQHandler                      0x0800038b   Thumb Code     0  startup_stm32h723xx.o(.text)
    TIM7_IRQHandler                          0x0800038b   Thumb Code     0  startup_stm32h723xx.o(.text)
    TIM8_BRK_TIM12_IRQHandler                0x0800038b   Thumb Code     0  startup_stm32h723xx.o(.text)
    TIM8_CC_IRQHandler                       0x0800038b   Thumb Code     0  startup_stm32h723xx.o(.text)
    TIM8_TRG_COM_TIM14_IRQHandler            0x0800038b   Thumb Code     0  startup_stm32h723xx.o(.text)
    TIM8_UP_TIM13_IRQHandler                 0x0800038b   Thumb Code     0  startup_stm32h723xx.o(.text)
    UART4_IRQHandler                         0x0800038b   Thumb Code     0  startup_stm32h723xx.o(.text)
    UART5_IRQHandler                         0x0800038b   Thumb Code     0  startup_stm32h723xx.o(.text)
    UART7_IRQHandler                         0x0800038b   Thumb Code     0  startup_stm32h723xx.o(.text)
    UART8_IRQHandler                         0x0800038b   Thumb Code     0  startup_stm32h723xx.o(.text)
    UART9_IRQHandler                         0x0800038b   Thumb Code     0  startup_stm32h723xx.o(.text)
    USART10_IRQHandler                       0x0800038b   Thumb Code     0  startup_stm32h723xx.o(.text)
    USART1_IRQHandler                        0x0800038b   Thumb Code     0  startup_stm32h723xx.o(.text)
    USART2_IRQHandler                        0x0800038b   Thumb Code     0  startup_stm32h723xx.o(.text)
    USART6_IRQHandler                        0x0800038b   Thumb Code     0  startup_stm32h723xx.o(.text)
    WAKEUP_PIN_IRQHandler                    0x0800038b   Thumb Code     0  startup_stm32h723xx.o(.text)
    WWDG_IRQHandler                          0x0800038b   Thumb Code     0  startup_stm32h723xx.o(.text)
    __user_initial_stackheap                 0x0800038d   Thumb Code     0  startup_stm32h723xx.o(.text)
    __use_two_region_memory                  0x080003b5   Thumb Code     2  heapauxi.o(.text)
    __rt_heap_escrow$2region                 0x080003b7   Thumb Code     2  heapauxi.o(.text)
    __rt_heap_expand$2region                 0x080003b9   Thumb Code     2  heapauxi.o(.text)
    __user_setup_stackheap                   0x080003bb   Thumb Code    74  sys_stackheap_outer.o(.text)
    exit                                     0x08000405   Thumb Code    18  exit.o(.text)
    __user_libspace                          0x08000419   Thumb Code     8  libspace.o(.text)
    __user_perproc_libspace                  0x08000419   Thumb Code     0  libspace.o(.text)
    __user_perthread_libspace                0x08000419   Thumb Code     0  libspace.o(.text)
    _sys_exit                                0x08000421   Thumb Code     8  sys_exit.o(.text)
    __I$use$semihosting                      0x0800042d   Thumb Code     0  use_no_semi.o(.text)
    __use_no_semihosting_swi                 0x0800042d   Thumb Code     2  use_no_semi.o(.text)
    __semihosting_library_function           0x0800042f   Thumb Code     0  indicate_semi.o(.text)
    BusFault_Handler                         0x08000431   Thumb Code     4  stm32h7xx_it.o(.text.BusFault_Handler)
    DMA1_Stream0_IRQHandler                  0x08000439   Thumb Code     2  stm32h7xx_it.o(.text.DMA1_Stream0_IRQHandler)
    DebugMon_Handler                         0x08000441   Thumb Code     2  stm32h7xx_it.o(.text.DebugMon_Handler)
    Error_Handler                            0x08000449   Thumb Code    14  main.o(.text.Error_Handler)
    ExitRun0Mode                             0x08000459   Thumb Code    40  system_stm32h7xx.o(.text.ExitRun0Mode)
    HAL_IncTick                              0x08000481   Thumb Code    26  stm32h7xx_hal.o(.text.HAL_IncTick)
    HAL_Init                                 0x080004a1   Thumb Code   118  stm32h7xx_hal.o(.text.HAL_Init)
    HAL_InitTick                             0x08000519   Thumb Code   128  stm32h7xx_hal.o(.text.HAL_InitTick)
    HAL_MspInit                              0x08000599   Thumb Code    36  stm32h7xx_hal_msp.o(.text.HAL_MspInit)
    HAL_NVIC_SetPriority                     0x080005c1   Thumb Code    52  stm32h7xx_hal_cortex.o(.text.HAL_NVIC_SetPriority)
    HAL_NVIC_SetPriorityGrouping             0x080005f9   Thumb Code    16  stm32h7xx_hal_cortex.o(.text.HAL_NVIC_SetPriorityGrouping)
    HAL_RCC_GetSysClockFreq                  0x08000609   Thumb Code   788  stm32h7xx_hal_rcc.o(.text.HAL_RCC_GetSysClockFreq)
    HAL_SYSTICK_Config                       0x08000921   Thumb Code    16  stm32h7xx_hal_cortex.o(.text.HAL_SYSTICK_Config)
    HardFault_Handler                        0x08000931   Thumb Code     4  stm32h7xx_it.o(.text.HardFault_Handler)
    LL_GPIO_Init                             0x08000cf9   Thumb Code   232  stm32h7xx_ll_gpio.o(.text.LL_GPIO_Init)
    LL_RCC_CalcPLLClockFreq                  0x08001001   Thumb Code   112  stm32h7xx_ll_rcc.o(.text.LL_RCC_CalcPLLClockFreq)
    LL_RCC_GetPLL1ClockFreq                  0x080010d1   Thumb Code   336  stm32h7xx_ll_rcc.o(.text.LL_RCC_GetPLL1ClockFreq)
    LL_RCC_GetPLL2ClockFreq                  0x08001221   Thumb Code   336  stm32h7xx_ll_rcc.o(.text.LL_RCC_GetPLL2ClockFreq)
    LL_RCC_GetPLL3ClockFreq                  0x08001371   Thumb Code   344  stm32h7xx_ll_rcc.o(.text.LL_RCC_GetPLL3ClockFreq)
    LL_RCC_GetUSARTClockFreq                 0x080014f9   Thumb Code   424  stm32h7xx_ll_rcc.o(.text.LL_RCC_GetUSARTClockFreq)
    LL_SetSystemCoreClock                    0x08001c19   Thumb Code    20  stm32h7xx_ll_utils.o(.text.LL_SetSystemCoreClock)
    LL_TIM_Init                              0x08001c79   Thumb Code   430  stm32h7xx_ll_tim.o(.text.LL_TIM_Init)
    LL_USART_Init                            0x08001f49   Thumb Code   490  stm32h7xx_ll_usart.o(.text.LL_USART_Init)
    LL_mDelay                                0x080022e1   Thumb Code    82  stm32h7xx_ll_utils.o(.text.LL_mDelay)
    MX_DMA_Init                              0x08002361   Thumb Code    72  dma.o(.text.MX_DMA_Init)
    MX_GPIO_Init                             0x080023a9   Thumb Code   196  gpio.o(.text.MX_GPIO_Init)
    MX_TIM5_Init                             0x08002471   Thumb Code   100  tim.o(.text.MX_TIM5_Init)
    MX_USART3_UART_Init                      0x080024d9   Thumb Code   592  usart.o(.text.MX_USART3_UART_Init)
    MemManage_Handler                        0x08002729   Thumb Code     4  stm32h7xx_it.o(.text.MemManage_Handler)
    NMI_Handler                              0x08002731   Thumb Code     4  stm32h7xx_it.o(.text.NMI_Handler)
    PendSV_Handler                           0x08002889   Thumb Code     2  stm32h7xx_it.o(.text.PendSV_Handler)
    SVC_Handler                              0x08002999   Thumb Code     2  stm32h7xx_it.o(.text.SVC_Handler)
    SysTick_Handler                          0x080029f9   Thumb Code     8  stm32h7xx_it.o(.text.SysTick_Handler)
    SystemClock_Config                       0x08002a01   Thumb Code   248  main.o(.text.SystemClock_Config)
    SystemInit                               0x08002af9   Thumb Code   358  system_stm32h7xx.o(.text.SystemInit)
    USART3_IRQHandler                        0x08002c61   Thumb Code     2  stm32h7xx_it.o(.text.USART3_IRQHandler)
    UsageFault_Handler                       0x08002c69   Thumb Code     4  stm32h7xx_it.o(.text.UsageFault_Handler)
    main                                     0x08002e01   Thumb Code    66  main.o(.text.main)
    _fp_init                                 0x08002e43   Thumb Code    26  fpinit.o(x$fpl$fpinit)
    __fplib_config_fpu_vfp                   0x08002e5b   Thumb Code     0  fpinit.o(x$fpl$fpinit)
    __fplib_config_pureend_doubles           0x08002e5b   Thumb Code     0  fpinit.o(x$fpl$fpinit)
    D1CorePrescTable                         0x08002e5c   Data          16  system_stm32h7xx.o(.rodata.D1CorePrescTable)
    LL_RCC_PrescTable                        0x08002e74   Data          16  stm32h7xx_ll_rcc.o(.rodata.LL_RCC_PrescTable)
    Region$$Table$$Base                      0x08002eb4   Number         0  anon$$obj.o(Region$$Table)
    Region$$Table$$Limit                     0x08002ee4   Number         0  anon$$obj.o(Region$$Table)
    SystemCoreClock                          0x24000000   Data           4  system_stm32h7xx.o(.data.SystemCoreClock)
    SystemD2Clock                            0x24000004   Data           4  system_stm32h7xx.o(.data.SystemD2Clock)
    uwTickFreq                               0x24000008   Data           4  stm32h7xx_hal.o(.data.uwTickFreq)
    uwTickPrio                               0x2400000c   Data           4  stm32h7xx_hal.o(.data.uwTickPrio)
    __libspace_start                         0x24000010   Data          96  libspace.o(.bss)
    __temporary_stack_top$libspace           0x24000070   Data           0  libspace.o(.bss)
    dma_rx_buf                               0x24000070   Data        1024  bsp_usart.o(.bss.dma_rx_buf)
    uwTick                                   0x24000470   Data           4  stm32h7xx_hal.o(.bss.uwTick)



==============================================================================

Memory Map of the image

  Image Entry point : 0x080002cd

  Load Region LR_IROM1 (Base: 0x08000000, Size: 0x00002ef8, Max: 0x00100000, ABSOLUTE)

    Execution Region ER_IROM1 (Exec base: 0x08000000, Load base: 0x08000000, Size: 0x00002ee4, Max: 0x00100000, ABSOLUTE)

    Exec Addr    Load Addr    Size         Type   Attr      Idx    E Section Name        Object

    0x08000000   0x08000000   0x000002cc   Data   RO          443    RESET               startup_stm32h723xx.o
    0x080002cc   0x080002cc   0x00000008   Code   RO         1926  * !!!main             c_wu.l(__main.o)
    0x080002d4   0x080002d4   0x00000034   Code   RO         2089    !!!scatter          c_wu.l(__scatter.o)
    0x08000308   0x08000308   0x0000001a   Code   RO         2091    !!handler_copy      c_wu.l(__scatter_copy.o)
    0x08000322   0x08000322   0x00000002   PAD
    0x08000324   0x08000324   0x0000001c   Code   RO         2093    !!handler_zi        c_wu.l(__scatter_zi.o)
    0x08000340   0x08000340   0x00000002   Code   RO         1953    .ARM.Collect$$libinit$$00000000  c_wu.l(libinit.o)
    0x08000342   0x08000342   0x00000004   Code   RO         1959    .ARM.Collect$$libinit$$00000001  c_wu.l(libinit2.o)
    0x08000346   0x08000346   0x00000000   Code   RO         1962    .ARM.Collect$$libinit$$00000004  c_wu.l(libinit2.o)
    0x08000346   0x08000346   0x00000000   Code   RO         1965    .ARM.Collect$$libinit$$0000000A  c_wu.l(libinit2.o)
    0x08000346   0x08000346   0x00000000   Code   RO         1967    .ARM.Collect$$libinit$$0000000C  c_wu.l(libinit2.o)
    0x08000346   0x08000346   0x00000000   Code   RO         1969    .ARM.Collect$$libinit$$0000000E  c_wu.l(libinit2.o)
    0x08000346   0x08000346   0x00000000   Code   RO         1972    .ARM.Collect$$libinit$$00000011  c_wu.l(libinit2.o)
    0x08000346   0x08000346   0x00000000   Code   RO         1974    .ARM.Collect$$libinit$$00000013  c_wu.l(libinit2.o)
    0x08000346   0x08000346   0x00000000   Code   RO         1976    .ARM.Collect$$libinit$$00000015  c_wu.l(libinit2.o)
    0x08000346   0x08000346   0x00000000   Code   RO         1978    .ARM.Collect$$libinit$$00000017  c_wu.l(libinit2.o)
    0x08000346   0x08000346   0x00000000   Code   RO         1980    .ARM.Collect$$libinit$$00000019  c_wu.l(libinit2.o)
    0x08000346   0x08000346   0x00000000   Code   RO         1982    .ARM.Collect$$libinit$$0000001B  c_wu.l(libinit2.o)
    0x08000346   0x08000346   0x00000000   Code   RO         1984    .ARM.Collect$$libinit$$0000001D  c_wu.l(libinit2.o)
    0x08000346   0x08000346   0x00000000   Code   RO         1986    .ARM.Collect$$libinit$$0000001F  c_wu.l(libinit2.o)
    0x08000346   0x08000346   0x00000000   Code   RO         1988    .ARM.Collect$$libinit$$00000021  c_wu.l(libinit2.o)
    0x08000346   0x08000346   0x00000000   Code   RO         1990    .ARM.Collect$$libinit$$00000023  c_wu.l(libinit2.o)
    0x08000346   0x08000346   0x00000000   Code   RO         1992    .ARM.Collect$$libinit$$00000025  c_wu.l(libinit2.o)
    0x08000346   0x08000346   0x00000000   Code   RO         1996    .ARM.Collect$$libinit$$0000002C  c_wu.l(libinit2.o)
    0x08000346   0x08000346   0x00000000   Code   RO         1998    .ARM.Collect$$libinit$$0000002E  c_wu.l(libinit2.o)
    0x08000346   0x08000346   0x00000000   Code   RO         2000    .ARM.Collect$$libinit$$00000030  c_wu.l(libinit2.o)
    0x08000346   0x08000346   0x00000000   Code   RO         2002    .ARM.Collect$$libinit$$00000032  c_wu.l(libinit2.o)
    0x08000346   0x08000346   0x00000002   Code   RO         2003    .ARM.Collect$$libinit$$00000033  c_wu.l(libinit2.o)
    0x08000348   0x08000348   0x00000002   Code   RO         2025    .ARM.Collect$$libshutdown$$00000000  c_wu.l(libshutdown.o)
    0x0800034a   0x0800034a   0x00000000   Code   RO         2040    .ARM.Collect$$libshutdown$$00000002  c_wu.l(libshutdown2.o)
    0x0800034a   0x0800034a   0x00000000   Code   RO         2042    .ARM.Collect$$libshutdown$$00000004  c_wu.l(libshutdown2.o)
    0x0800034a   0x0800034a   0x00000000   Code   RO         2045    .ARM.Collect$$libshutdown$$00000007  c_wu.l(libshutdown2.o)
    0x0800034a   0x0800034a   0x00000000   Code   RO         2048    .ARM.Collect$$libshutdown$$0000000A  c_wu.l(libshutdown2.o)
    0x0800034a   0x0800034a   0x00000000   Code   RO         2050    .ARM.Collect$$libshutdown$$0000000C  c_wu.l(libshutdown2.o)
    0x0800034a   0x0800034a   0x00000000   Code   RO         2053    .ARM.Collect$$libshutdown$$0000000F  c_wu.l(libshutdown2.o)
    0x0800034a   0x0800034a   0x00000002   Code   RO         2054    .ARM.Collect$$libshutdown$$00000010  c_wu.l(libshutdown2.o)
    0x0800034c   0x0800034c   0x00000000   Code   RO         1928    .ARM.Collect$$rtentry$$00000000  c_wu.l(__rtentry.o)
    0x0800034c   0x0800034c   0x00000000   Code   RO         1930    .ARM.Collect$$rtentry$$00000002  c_wu.l(__rtentry2.o)
    0x0800034c   0x0800034c   0x00000006   Code   RO         1942    .ARM.Collect$$rtentry$$00000004  c_wu.l(__rtentry4.o)
    0x08000352   0x08000352   0x00000000   Code   RO         1932    .ARM.Collect$$rtentry$$00000009  c_wu.l(__rtentry2.o)
    0x08000352   0x08000352   0x00000004   Code   RO         1933    .ARM.Collect$$rtentry$$0000000A  c_wu.l(__rtentry2.o)
    0x08000356   0x08000356   0x00000000   Code   RO         1935    .ARM.Collect$$rtentry$$0000000C  c_wu.l(__rtentry2.o)
    0x08000356   0x08000356   0x00000008   Code   RO         1936    .ARM.Collect$$rtentry$$0000000D  c_wu.l(__rtentry2.o)
    0x0800035e   0x0800035e   0x00000002   Code   RO         1957    .ARM.Collect$$rtexit$$00000000  c_wu.l(rtexit.o)
    0x08000360   0x08000360   0x00000000   Code   RO         2005    .ARM.Collect$$rtexit$$00000002  c_wu.l(rtexit2.o)
    0x08000360   0x08000360   0x00000004   Code   RO         2006    .ARM.Collect$$rtexit$$00000003  c_wu.l(rtexit2.o)
    0x08000364   0x08000364   0x00000006   Code   RO         2007    .ARM.Collect$$rtexit$$00000004  c_wu.l(rtexit2.o)
    0x0800036a   0x0800036a   0x00000002   PAD
    0x0800036c   0x0800036c   0x00000048   Code   RO          444    .text               startup_stm32h723xx.o
    0x080003b4   0x080003b4   0x00000006   Code   RO         1924    .text               c_wu.l(heapauxi.o)
    0x080003ba   0x080003ba   0x0000004a   Code   RO         1944    .text               c_wu.l(sys_stackheap_outer.o)
    0x08000404   0x08000404   0x00000012   Code   RO         1946    .text               c_wu.l(exit.o)
    0x08000416   0x08000416   0x00000002   PAD
    0x08000418   0x08000418   0x00000008   Code   RO         1954    .text               c_wu.l(libspace.o)
    0x08000420   0x08000420   0x0000000c   Code   RO         2015    .text               c_wu.l(sys_exit.o)
    0x0800042c   0x0800042c   0x00000002   Code   RO         2030    .text               c_wu.l(use_no_semi.o)
    0x0800042e   0x0800042e   0x00000000   Code   RO         2032    .text               c_wu.l(indicate_semi.o)
    0x0800042e   0x0800042e   0x00000002   PAD
    0x08000430   0x08000430   0x00000004   Code   RO          213    .text.BusFault_Handler  stm32h7xx_it.o
    0x08000434   0x08000434   0x00000004   PAD
    0x08000438   0x08000438   0x00000002   Code   RO          225    .text.DMA1_Stream0_IRQHandler  stm32h7xx_it.o
    0x0800043a   0x0800043a   0x00000006   PAD
    0x08000440   0x08000440   0x00000002   Code   RO          219    .text.DebugMon_Handler  stm32h7xx_it.o
    0x08000442   0x08000442   0x00000006   PAD
    0x08000448   0x08000448   0x0000000e   Code   RO           64    .text.Error_Handler  main.o
    0x08000456   0x08000456   0x00000002   PAD
    0x08000458   0x08000458   0x00000028   Code   RO         1896    .text.ExitRun0Mode  system_stm32h7xx.o
    0x08000480   0x08000480   0x0000001a   Code   RO         1414    .text.HAL_IncTick   stm32h7xx_hal.o
    0x0800049a   0x0800049a   0x00000006   PAD
    0x080004a0   0x080004a0   0x00000076   Code   RO         1404    .text.HAL_Init      stm32h7xx_hal.o
    0x08000516   0x08000516   0x00000002   PAD
    0x08000518   0x08000518   0x00000080   Code   RO         1406    .text.HAL_InitTick  stm32h7xx_hal.o
    0x08000598   0x08000598   0x00000024   Code   RO          236    .text.HAL_MspInit   stm32h7xx_hal_msp.o
    0x080005bc   0x080005bc   0x00000004   PAD
    0x080005c0   0x080005c0   0x00000034   Code   RO         1331    .text.HAL_NVIC_SetPriority  stm32h7xx_hal_cortex.o
    0x080005f4   0x080005f4   0x00000004   PAD
    0x080005f8   0x080005f8   0x00000010   Code   RO         1327    .text.HAL_NVIC_SetPriorityGrouping  stm32h7xx_hal_cortex.o
    0x08000608   0x08000608   0x00000314   Code   RO          840    .text.HAL_RCC_GetSysClockFreq  stm32h7xx_hal_rcc.o
    0x0800091c   0x0800091c   0x00000004   PAD
    0x08000920   0x08000920   0x00000010   Code   RO         1351    .text.HAL_SYSTICK_Config  stm32h7xx_hal_cortex.o
    0x08000930   0x08000930   0x00000004   Code   RO          209    .text.HardFault_Handler  stm32h7xx_it.o
    0x08000934   0x08000934   0x00000004   PAD
    0x08000938   0x08000938   0x00000022   Code   RO           82    .text.LL_AHB4_GRP1_EnableClock  gpio.o
    0x0800095a   0x0800095a   0x00000006   PAD
    0x08000960   0x08000960   0x00000022   Code   RO          137    .text.LL_AHB4_GRP1_EnableClock  usart.o
    0x08000982   0x08000982   0x00000006   PAD
    0x08000988   0x08000988   0x00000022   Code   RO          114    .text.LL_APB1_GRP1_EnableClock  tim.o
    0x080009aa   0x080009aa   0x00000006   PAD
    0x080009b0   0x080009b0   0x00000022   Code   RO          135    .text.LL_APB1_GRP1_EnableClock  usart.o
    0x080009d2   0x080009d2   0x00000006   PAD
    0x080009d8   0x080009d8   0x00000026   Code   RO          155    .text.LL_DMA_DisableFifoMode  usart.o
    0x080009fe   0x080009fe   0x00000002   PAD
    0x08000a00   0x08000a00   0x00000024   Code   RO          177    .text.LL_DMA_EnableIT_HT  usart.o
    0x08000a24   0x08000a24   0x00000004   PAD
    0x08000a28   0x08000a28   0x00000024   Code   RO          179    .text.LL_DMA_EnableIT_TC  usart.o
    0x08000a4c   0x08000a4c   0x00000004   PAD
    0x08000a50   0x08000a50   0x00000024   Code   RO          181    .text.LL_DMA_EnableIT_TE  usart.o
    0x08000a74   0x08000a74   0x00000004   PAD
    0x08000a78   0x08000a78   0x00000024   Code   RO          189    .text.LL_DMA_EnableStream  usart.o
    0x08000a9c   0x08000a9c   0x00000004   PAD
    0x08000aa0   0x08000aa0   0x00000036   Code   RO          167    .text.LL_DMA_SetDataLength  usart.o
    0x08000ad6   0x08000ad6   0x00000002   PAD
    0x08000ad8   0x08000ad8   0x00000030   Code   RO          141    .text.LL_DMA_SetDataTransferDirection  usart.o
    0x08000b08   0x08000b08   0x00000024   Code   RO          165    .text.LL_DMA_SetMemoryAddress  usart.o
    0x08000b2c   0x08000b2c   0x00000004   PAD
    0x08000b30   0x08000b30   0x00000030   Code   RO          149    .text.LL_DMA_SetMemoryIncMode  usart.o
    0x08000b60   0x08000b60   0x00000030   Code   RO          153    .text.LL_DMA_SetMemorySize  usart.o
    0x08000b90   0x08000b90   0x00000030   Code   RO          145    .text.LL_DMA_SetMode  usart.o
    0x08000bc0   0x08000bc0   0x00000024   Code   RO          163    .text.LL_DMA_SetPeriphAddress  usart.o
    0x08000be4   0x08000be4   0x00000004   PAD
    0x08000be8   0x08000be8   0x00000030   Code   RO          147    .text.LL_DMA_SetPeriphIncMode  usart.o
    0x08000c18   0x08000c18   0x0000004c   Code   RO          139    .text.LL_DMA_SetPeriphRequest  usart.o
    0x08000c64   0x08000c64   0x00000004   PAD
    0x08000c68   0x08000c68   0x00000030   Code   RO          151    .text.LL_DMA_SetPeriphSize  usart.o
    0x08000c98   0x08000c98   0x00000030   Code   RO          143    .text.LL_DMA_SetStreamPriorityLevel  usart.o
    0x08000cc8   0x08000cc8   0x00000010   Code   RO           12    .text.LL_FLASH_GetLatency  main.o
    0x08000cd8   0x08000cd8   0x0000001c   Code   RO           10    .text.LL_FLASH_SetLatency  main.o
    0x08000cf4   0x08000cf4   0x00000004   PAD
    0x08000cf8   0x08000cf8   0x000000e8   Code   RO          518    .text.LL_GPIO_Init  stm32h7xx_ll_gpio.o
    0x08000de0   0x08000de0   0x00000012   Code   RO           86    .text.LL_GPIO_ResetOutputPin  gpio.o
    0x08000df2   0x08000df2   0x00000006   PAD
    0x08000df8   0x08000df8   0x0000002a   Code   RO          526    .text.LL_GPIO_SetAFPin_0_7  stm32h7xx_ll_gpio.o
    0x08000e22   0x08000e22   0x00000006   PAD
    0x08000e28   0x08000e28   0x0000002c   Code   RO          528    .text.LL_GPIO_SetAFPin_8_15  stm32h7xx_ll_gpio.o
    0x08000e54   0x08000e54   0x00000004   PAD
    0x08000e58   0x08000e58   0x00000010   Code   RO           84    .text.LL_GPIO_SetOutputPin  gpio.o
    0x08000e68   0x08000e68   0x00000024   Code   RO          530    .text.LL_GPIO_SetPinMode  stm32h7xx_ll_gpio.o
    0x08000e8c   0x08000e8c   0x00000004   PAD
    0x08000e90   0x08000e90   0x0000001e   Code   RO          522    .text.LL_GPIO_SetPinOutputType  stm32h7xx_ll_gpio.o
    0x08000eae   0x08000eae   0x00000002   PAD
    0x08000eb0   0x08000eb0   0x00000024   Code   RO          524    .text.LL_GPIO_SetPinPull  stm32h7xx_ll_gpio.o
    0x08000ed4   0x08000ed4   0x00000004   PAD
    0x08000ed8   0x08000ed8   0x00000024   Code   RO          520    .text.LL_GPIO_SetPinSpeed  stm32h7xx_ll_gpio.o
    0x08000efc   0x08000efc   0x00000004   PAD
    0x08000f00   0x08000f00   0x00000024   Code   RO            8    .text.LL_GPIO_TogglePin  main.o
    0x08000f24   0x08000f24   0x00000004   PAD
    0x08000f28   0x08000f28   0x00000040   Code   RO           68    .text.LL_MPU_ConfigRegion  main.o
    0x08000f68   0x08000f68   0x00000012   Code   RO           66    .text.LL_MPU_Disable  main.o
    0x08000f7a   0x08000f7a   0x00000006   PAD
    0x08000f80   0x08000f80   0x00000020   Code   RO           70    .text.LL_MPU_Enable  main.o
    0x08000fa0   0x08000fa0   0x0000001c   Code   RO           14    .text.LL_PWR_ConfigSupply  main.o
    0x08000fbc   0x08000fbc   0x00000004   PAD
    0x08000fc0   0x08000fc0   0x00000010   Code   RO           18    .text.LL_PWR_IsActiveFlag_VOS  main.o
    0x08000fd0   0x08000fd0   0x0000001c   Code   RO           16    .text.LL_PWR_SetRegulVoltageScaling  main.o
    0x08000fec   0x08000fec   0x00000004   PAD
    0x08000ff0   0x08000ff0   0x00000010   Code   RO          571    .text.LL_RCC_CSI_IsReady  stm32h7xx_ll_rcc.o
    0x08001000   0x08001000   0x00000070   Code   RO          585    .text.LL_RCC_CalcPLLClockFreq  stm32h7xx_ll_rcc.o
    0x08001070   0x08001070   0x00000010   Code   RO          725    .text.LL_RCC_GetAHBPrescaler  stm32h7xx_ll_rcc.o
    0x08001080   0x08001080   0x00000010   Code   RO          727    .text.LL_RCC_GetAPB1Prescaler  stm32h7xx_ll_rcc.o
    0x08001090   0x08001090   0x00000010   Code   RO          729    .text.LL_RCC_GetAPB2Prescaler  stm32h7xx_ll_rcc.o
    0x080010a0   0x080010a0   0x0000002e   Code   RO          721    .text.LL_RCC_GetClockSource  stm32h7xx_ll_rcc.o
    0x080010ce   0x080010ce   0x00000002   PAD
    0x080010d0   0x080010d0   0x00000150   Code   RO          565    .text.LL_RCC_GetPLL1ClockFreq  stm32h7xx_ll_rcc.o
    0x08001220   0x08001220   0x00000150   Code   RO          597    .text.LL_RCC_GetPLL2ClockFreq  stm32h7xx_ll_rcc.o
    0x08001370   0x08001370   0x00000158   Code   RO          619    .text.LL_RCC_GetPLL3ClockFreq  stm32h7xx_ll_rcc.o
    0x080014c8   0x080014c8   0x00000010   Code   RO           52    .text.LL_RCC_GetSysClkSource  main.o
    0x080014d8   0x080014d8   0x00000010   Code   RO          723    .text.LL_RCC_GetSysClkSource  stm32h7xx_ll_rcc.o
    0x080014e8   0x080014e8   0x00000010   Code   RO          645    .text.LL_RCC_GetSysPrescaler  stm32h7xx_ll_rcc.o
    0x080014f8   0x080014f8   0x000001a8   Code   RO          641    .text.LL_RCC_GetUSARTClockFreq  stm32h7xx_ll_rcc.o
    0x080016a0   0x080016a0   0x00000010   Code   RO          643    .text.LL_RCC_GetUSARTClockSource  stm32h7xx_ll_rcc.o
    0x080016b0   0x080016b0   0x00000012   Code   RO           20    .text.LL_RCC_HSE_Enable  main.o
    0x080016c2   0x080016c2   0x00000006   PAD
    0x080016c8   0x080016c8   0x00000010   Code   RO           22    .text.LL_RCC_HSE_IsReady  main.o
    0x080016d8   0x080016d8   0x00000010   Code   RO          573    .text.LL_RCC_HSE_IsReady  stm32h7xx_ll_rcc.o
    0x080016e8   0x080016e8   0x00000010   Code   RO          569    .text.LL_RCC_HSI_GetDivider  stm32h7xx_ll_rcc.o
    0x080016f8   0x080016f8   0x00000010   Code   RO          543    .text.LL_RCC_HSI_IsReady  stm32h7xx_ll_rcc.o
    0x08001708   0x08001708   0x00000010   Code   RO          647    .text.LL_RCC_LSE_IsReady  stm32h7xx_ll_rcc.o
    0x08001718   0x08001718   0x00000010   Code   RO          579    .text.LL_RCC_PLL1FRACN_IsEnabled  stm32h7xx_ll_rcc.o
    0x08001728   0x08001728   0x00000012   Code   RO           26    .text.LL_RCC_PLL1P_Enable  main.o
    0x0800173a   0x0800173a   0x00000006   PAD
    0x08001740   0x08001740   0x00000010   Code   RO          583    .text.LL_RCC_PLL1P_IsEnabled  stm32h7xx_ll_rcc.o
    0x08001750   0x08001750   0x00000010   Code   RO          589    .text.LL_RCC_PLL1Q_IsEnabled  stm32h7xx_ll_rcc.o
    0x08001760   0x08001760   0x00000012   Code   RO           28    .text.LL_RCC_PLL1R_Enable  main.o
    0x08001772   0x08001772   0x00000006   PAD
    0x08001778   0x08001778   0x00000010   Code   RO          593    .text.LL_RCC_PLL1R_IsEnabled  stm32h7xx_ll_rcc.o
    0x08001788   0x08001788   0x00000012   Code   RO           44    .text.LL_RCC_PLL1_Enable  main.o
    0x0800179a   0x0800179a   0x00000006   PAD
    0x080017a0   0x080017a0   0x00000010   Code   RO          581    .text.LL_RCC_PLL1_GetFRACN  stm32h7xx_ll_rcc.o
    0x080017b0   0x080017b0   0x00000010   Code   RO          575    .text.LL_RCC_PLL1_GetM  stm32h7xx_ll_rcc.o
    0x080017c0   0x080017c0   0x00000012   Code   RO          577    .text.LL_RCC_PLL1_GetN  stm32h7xx_ll_rcc.o
    0x080017d2   0x080017d2   0x00000006   PAD
    0x080017d8   0x080017d8   0x00000014   Code   RO          587    .text.LL_RCC_PLL1_GetP  stm32h7xx_ll_rcc.o
    0x080017ec   0x080017ec   0x00000004   PAD
    0x080017f0   0x080017f0   0x00000016   Code   RO          591    .text.LL_RCC_PLL1_GetQ  stm32h7xx_ll_rcc.o
    0x08001806   0x08001806   0x00000002   PAD
    0x08001808   0x08001808   0x00000016   Code   RO          595    .text.LL_RCC_PLL1_GetR  stm32h7xx_ll_rcc.o
    0x0800181e   0x0800181e   0x00000002   PAD
    0x08001820   0x08001820   0x00000010   Code   RO           46    .text.LL_RCC_PLL1_IsReady  main.o
    0x08001830   0x08001830   0x0000001e   Code   RO           34    .text.LL_RCC_PLL1_SetM  main.o
    0x0800184e   0x0800184e   0x00000002   PAD
    0x08001850   0x08001850   0x00000020   Code   RO           36    .text.LL_RCC_PLL1_SetN  main.o
    0x08001870   0x08001870   0x00000028   Code   RO           38    .text.LL_RCC_PLL1_SetP  main.o
    0x08001898   0x08001898   0x00000026   Code   RO           40    .text.LL_RCC_PLL1_SetQ  main.o
    0x080018be   0x080018be   0x00000002   PAD
    0x080018c0   0x080018c0   0x00000020   Code   RO           42    .text.LL_RCC_PLL1_SetR  main.o
    0x080018e0   0x080018e0   0x0000001e   Code   RO           30    .text.LL_RCC_PLL1_SetVCOInputRange  main.o
    0x080018fe   0x080018fe   0x00000002   PAD
    0x08001900   0x08001900   0x0000001e   Code   RO           32    .text.LL_RCC_PLL1_SetVCOOutputRange  main.o
    0x0800191e   0x0800191e   0x00000002   PAD
    0x08001920   0x08001920   0x00000010   Code   RO          603    .text.LL_RCC_PLL2FRACN_IsEnabled  stm32h7xx_ll_rcc.o
    0x08001930   0x08001930   0x00000010   Code   RO          607    .text.LL_RCC_PLL2P_IsEnabled  stm32h7xx_ll_rcc.o
    0x08001940   0x08001940   0x00000010   Code   RO          611    .text.LL_RCC_PLL2Q_IsEnabled  stm32h7xx_ll_rcc.o
    0x08001950   0x08001950   0x00000010   Code   RO          615    .text.LL_RCC_PLL2R_IsEnabled  stm32h7xx_ll_rcc.o
    0x08001960   0x08001960   0x00000010   Code   RO          605    .text.LL_RCC_PLL2_GetFRACN  stm32h7xx_ll_rcc.o
    0x08001970   0x08001970   0x00000010   Code   RO          599    .text.LL_RCC_PLL2_GetM  stm32h7xx_ll_rcc.o
    0x08001980   0x08001980   0x00000012   Code   RO          601    .text.LL_RCC_PLL2_GetN  stm32h7xx_ll_rcc.o
    0x08001992   0x08001992   0x00000006   PAD
    0x08001998   0x08001998   0x00000014   Code   RO          609    .text.LL_RCC_PLL2_GetP  stm32h7xx_ll_rcc.o
    0x080019ac   0x080019ac   0x00000004   PAD
    0x080019b0   0x080019b0   0x00000016   Code   RO          613    .text.LL_RCC_PLL2_GetQ  stm32h7xx_ll_rcc.o
    0x080019c6   0x080019c6   0x00000002   PAD
    0x080019c8   0x080019c8   0x00000016   Code   RO          617    .text.LL_RCC_PLL2_GetR  stm32h7xx_ll_rcc.o
    0x080019de   0x080019de   0x00000002   PAD
    0x080019e0   0x080019e0   0x00000010   Code   RO          547    .text.LL_RCC_PLL2_IsReady  stm32h7xx_ll_rcc.o
    0x080019f0   0x080019f0   0x00000010   Code   RO          625    .text.LL_RCC_PLL3FRACN_IsEnabled  stm32h7xx_ll_rcc.o
    0x08001a00   0x08001a00   0x00000010   Code   RO          629    .text.LL_RCC_PLL3P_IsEnabled  stm32h7xx_ll_rcc.o
    0x08001a10   0x08001a10   0x00000010   Code   RO          633    .text.LL_RCC_PLL3Q_IsEnabled  stm32h7xx_ll_rcc.o
    0x08001a20   0x08001a20   0x00000010   Code   RO          637    .text.LL_RCC_PLL3R_IsEnabled  stm32h7xx_ll_rcc.o
    0x08001a30   0x08001a30   0x00000010   Code   RO          627    .text.LL_RCC_PLL3_GetFRACN  stm32h7xx_ll_rcc.o
    0x08001a40   0x08001a40   0x00000010   Code   RO          621    .text.LL_RCC_PLL3_GetM  stm32h7xx_ll_rcc.o
    0x08001a50   0x08001a50   0x00000012   Code   RO          623    .text.LL_RCC_PLL3_GetN  stm32h7xx_ll_rcc.o
    0x08001a62   0x08001a62   0x00000006   PAD
    0x08001a68   0x08001a68   0x00000014   Code   RO          631    .text.LL_RCC_PLL3_GetP  stm32h7xx_ll_rcc.o
    0x08001a7c   0x08001a7c   0x00000004   PAD
    0x08001a80   0x08001a80   0x00000016   Code   RO          635    .text.LL_RCC_PLL3_GetQ  stm32h7xx_ll_rcc.o
    0x08001a96   0x08001a96   0x00000002   PAD
    0x08001a98   0x08001a98   0x00000016   Code   RO          639    .text.LL_RCC_PLL3_GetR  stm32h7xx_ll_rcc.o
    0x08001aae   0x08001aae   0x00000002   PAD
    0x08001ab0   0x08001ab0   0x00000010   Code   RO          549    .text.LL_RCC_PLL3_IsReady  stm32h7xx_ll_rcc.o
    0x08001ac0   0x08001ac0   0x00000010   Code   RO          567    .text.LL_RCC_PLL_GetSource  stm32h7xx_ll_rcc.o
    0x08001ad0   0x08001ad0   0x0000001c   Code   RO           24    .text.LL_RCC_PLL_SetSource  main.o
    0x08001aec   0x08001aec   0x00000004   PAD
    0x08001af0   0x08001af0   0x0000001c   Code   RO           48    .text.LL_RCC_SetAHBPrescaler  main.o
    0x08001b0c   0x08001b0c   0x00000004   PAD
    0x08001b10   0x08001b10   0x0000001c   Code   RO           56    .text.LL_RCC_SetAPB1Prescaler  main.o
    0x08001b2c   0x08001b2c   0x00000004   PAD
    0x08001b30   0x08001b30   0x0000001c   Code   RO           58    .text.LL_RCC_SetAPB2Prescaler  main.o
    0x08001b4c   0x08001b4c   0x00000004   PAD
    0x08001b50   0x08001b50   0x0000001c   Code   RO           60    .text.LL_RCC_SetAPB3Prescaler  main.o
    0x08001b6c   0x08001b6c   0x00000004   PAD
    0x08001b70   0x08001b70   0x0000001c   Code   RO           62    .text.LL_RCC_SetAPB4Prescaler  main.o
    0x08001b8c   0x08001b8c   0x00000004   PAD
    0x08001b90   0x08001b90   0x00000036   Code   RO          197    .text.LL_RCC_SetClockSource  usart.o
    0x08001bc6   0x08001bc6   0x00000002   PAD
    0x08001bc8   0x08001bc8   0x0000001c   Code   RO           50    .text.LL_RCC_SetSysClkSource  main.o
    0x08001be4   0x08001be4   0x00000004   PAD
    0x08001be8   0x08001be8   0x0000001c   Code   RO           54    .text.LL_RCC_SetSysPrescaler  main.o
    0x08001c04   0x08001c04   0x00000004   PAD
    0x08001c08   0x08001c08   0x00000010   Code   RO          133    .text.LL_RCC_SetUSARTClockSource  usart.o
    0x08001c18   0x08001c18   0x00000014   Code   RO          749    .text.LL_SetSystemCoreClock  stm32h7xx_ll_utils.o
    0x08001c2c   0x08001c2c   0x00000004   PAD
    0x08001c30   0x08001c30   0x00000012   Code   RO          116    .text.LL_TIM_DisableARRPreload  tim.o
    0x08001c42   0x08001c42   0x00000006   PAD
    0x08001c48   0x08001c48   0x00000012   Code   RO          122    .text.LL_TIM_DisableMasterSlaveMode  tim.o
    0x08001c5a   0x08001c5a   0x00000006   PAD
    0x08001c60   0x08001c60   0x00000012   Code   RO         1757    .text.LL_TIM_GenerateEvent_UPDATE  stm32h7xx_ll_tim.o
    0x08001c72   0x08001c72   0x00000006   PAD
    0x08001c78   0x08001c78   0x000001ae   Code   RO         1749    .text.LL_TIM_Init   stm32h7xx_ll_tim.o
    0x08001e26   0x08001e26   0x00000002   PAD
    0x08001e28   0x08001e28   0x00000010   Code   RO         1751    .text.LL_TIM_SetAutoReload  stm32h7xx_ll_tim.o
    0x08001e38   0x08001e38   0x00000020   Code   RO          118    .text.LL_TIM_SetClockSource  tim.o
    0x08001e58   0x08001e58   0x00000010   Code   RO         1753    .text.LL_TIM_SetPrescaler  stm32h7xx_ll_tim.o
    0x08001e68   0x08001e68   0x00000010   Code   RO         1755    .text.LL_TIM_SetRepetitionCounter  stm32h7xx_ll_tim.o
    0x08001e78   0x08001e78   0x0000001a   Code   RO          120    .text.LL_TIM_SetTriggerOutput  tim.o
    0x08001e92   0x08001e92   0x00000006   PAD
    0x08001e98   0x08001e98   0x0000001c   Code   RO          175    .text.LL_USART_ConfigAsyncMode  usart.o
    0x08001eb4   0x08001eb4   0x00000004   PAD
    0x08001eb8   0x08001eb8   0x00000012   Code   RO          173    .text.LL_USART_DisableFIFO  usart.o
    0x08001eca   0x08001eca   0x00000006   PAD
    0x08001ed0   0x08001ed0   0x00000012   Code   RO          191    .text.LL_USART_Enable  usart.o
    0x08001ee2   0x08001ee2   0x00000006   PAD
    0x08001ee8   0x08001ee8   0x0000002a   Code   RO          185    .text.LL_USART_EnableDMAReq_RX  usart.o
    0x08001f12   0x08001f12   0x00000006   PAD
    0x08001f18   0x08001f18   0x0000002a   Code   RO          187    .text.LL_USART_EnableIT_IDLE  usart.o
    0x08001f42   0x08001f42   0x00000006   PAD
    0x08001f48   0x08001f48   0x000001ea   Code   RO         1866    .text.LL_USART_Init  stm32h7xx_ll_usart.o
    0x08002132   0x08002132   0x00000006   PAD
    0x08002138   0x08002138   0x00000010   Code   RO          195    .text.LL_USART_IsActiveFlag_REACK  usart.o
    0x08002148   0x08002148   0x00000010   Code   RO          193    .text.LL_USART_IsActiveFlag_TEACK  usart.o
    0x08002158   0x08002158   0x00000010   Code   RO         1868    .text.LL_USART_IsEnabled  stm32h7xx_ll_usart.o
    0x08002168   0x08002168   0x000000a2   Code   RO         1874    .text.LL_USART_SetBaudRate  stm32h7xx_ll_usart.o
    0x0800220a   0x0800220a   0x00000006   PAD
    0x08002210   0x08002210   0x0000001a   Code   RO         1872    .text.LL_USART_SetHWFlowCtrl  stm32h7xx_ll_usart.o
    0x0800222a   0x0800222a   0x00000006   PAD
    0x08002230   0x08002230   0x0000001c   Code   RO         1876    .text.LL_USART_SetPrescaler  stm32h7xx_ll_usart.o
    0x0800224c   0x0800224c   0x00000004   PAD
    0x08002250   0x08002250   0x00000032   Code   RO          171    .text.LL_USART_SetRXFIFOThreshold  usart.o
    0x08002282   0x08002282   0x00000006   PAD
    0x08002288   0x08002288   0x0000001a   Code   RO         1870    .text.LL_USART_SetStopBitsLength  stm32h7xx_ll_usart.o
    0x080022a2   0x080022a2   0x00000006   PAD
    0x080022a8   0x080022a8   0x00000032   Code   RO          169    .text.LL_USART_SetTXFIFOThreshold  usart.o
    0x080022da   0x080022da   0x00000006   PAD
    0x080022e0   0x080022e0   0x00000052   Code   RO          747    .text.LL_mDelay     stm32h7xx_ll_utils.o
    0x08002332   0x08002332   0x00000006   PAD
    0x08002338   0x08002338   0x00000024   Code   RO            4    .text.MPU_Config    main.o
    0x0800235c   0x0800235c   0x00000004   PAD
    0x08002360   0x08002360   0x00000048   Code   RO           95    .text.MX_DMA_Init   dma.o
    0x080023a8   0x080023a8   0x000000c4   Code   RO           80    .text.MX_GPIO_Init  gpio.o
    0x0800246c   0x0800246c   0x00000004   PAD
    0x08002470   0x08002470   0x00000064   Code   RO          112    .text.MX_TIM5_Init  tim.o
    0x080024d4   0x080024d4   0x00000004   PAD
    0x080024d8   0x080024d8   0x00000250   Code   RO          131    .text.MX_USART3_UART_Init  usart.o
    0x08002728   0x08002728   0x00000004   Code   RO          211    .text.MemManage_Handler  stm32h7xx_it.o
    0x0800272c   0x0800272c   0x00000004   PAD
    0x08002730   0x08002730   0x00000004   Code   RO          207    .text.NMI_Handler   stm32h7xx_it.o
    0x08002734   0x08002734   0x00000004   PAD
    0x08002738   0x08002738   0x0000006e   Code   RO           99    .text.NVIC_EncodePriority  dma.o
    0x080027a6   0x080027a6   0x00000002   PAD
    0x080027a8   0x080027a8   0x0000006e   Code   RO          159    .text.NVIC_EncodePriority  usart.o
    0x08002816   0x08002816   0x00000002   PAD
    0x08002818   0x08002818   0x0000006e   Code   RO         1337    .text.NVIC_EncodePriority  stm32h7xx_hal_cortex.o
    0x08002886   0x08002886   0x00000002   PAD
    0x08002888   0x08002888   0x00000002   Code   RO          221    .text.PendSV_Handler  stm32h7xx_it.o
    0x0800288a   0x0800288a   0x00000006   PAD
    0x08002890   0x08002890   0x0000002a   Code   RO          555    .text.RCC_GetHCLKClockFreq  stm32h7xx_ll_rcc.o
    0x080028ba   0x080028ba   0x00000006   PAD
    0x080028c0   0x080028c0   0x0000002a   Code   RO          557    .text.RCC_GetPCLK1ClockFreq  stm32h7xx_ll_rcc.o
    0x080028ea   0x080028ea   0x00000006   PAD
    0x080028f0   0x080028f0   0x0000002a   Code   RO          559    .text.RCC_GetPCLK2ClockFreq  stm32h7xx_ll_rcc.o
    0x0800291a   0x0800291a   0x00000006   PAD
    0x08002920   0x08002920   0x00000076   Code   RO          553    .text.RCC_GetSystemClockFreq  stm32h7xx_ll_rcc.o
    0x08002996   0x08002996   0x00000002   PAD
    0x08002998   0x08002998   0x00000002   Code   RO          217    .text.SVC_Handler   stm32h7xx_it.o
    0x0800299a   0x0800299a   0x00000006   PAD
    0x080029a0   0x080029a0   0x00000052   Code   RO         1353    .text.SysTick_Config  stm32h7xx_hal_cortex.o
    0x080029f2   0x080029f2   0x00000006   PAD
    0x080029f8   0x080029f8   0x00000008   Code   RO          223    .text.SysTick_Handler  stm32h7xx_it.o
    0x08002a00   0x08002a00   0x000000f8   Code   RO            6    .text.SystemClock_Config  main.o
    0x08002af8   0x08002af8   0x00000166   Code   RO         1892    .text.SystemInit    system_stm32h7xx.o
    0x08002c5e   0x08002c5e   0x00000002   PAD
    0x08002c60   0x08002c60   0x00000002   Code   RO          227    .text.USART3_IRQHandler  stm32h7xx_it.o
    0x08002c62   0x08002c62   0x00000006   PAD
    0x08002c68   0x08002c68   0x00000004   Code   RO          215    .text.UsageFault_Handler  stm32h7xx_it.o
    0x08002c6c   0x08002c6c   0x00000004   PAD
    0x08002c70   0x08002c70   0x0000002c   Code   RO          103    .text.__NVIC_EnableIRQ  dma.o
    0x08002c9c   0x08002c9c   0x00000004   PAD
    0x08002ca0   0x08002ca0   0x0000002c   Code   RO          183    .text.__NVIC_EnableIRQ  usart.o
    0x08002ccc   0x08002ccc   0x00000004   PAD
    0x08002cd0   0x08002cd0   0x00000010   Code   RO          101    .text.__NVIC_GetPriorityGrouping  dma.o
    0x08002ce0   0x08002ce0   0x00000010   Code   RO          161    .text.__NVIC_GetPriorityGrouping  usart.o
    0x08002cf0   0x08002cf0   0x00000010   Code   RO         1333    .text.__NVIC_GetPriorityGrouping  stm32h7xx_hal_cortex.o
    0x08002d00   0x08002d00   0x0000003a   Code   RO           97    .text.__NVIC_SetPriority  dma.o
    0x08002d3a   0x08002d3a   0x00000006   PAD
    0x08002d40   0x08002d40   0x0000003a   Code   RO          157    .text.__NVIC_SetPriority  usart.o
    0x08002d7a   0x08002d7a   0x00000006   PAD
    0x08002d80   0x08002d80   0x0000003a   Code   RO         1335    .text.__NVIC_SetPriority  stm32h7xx_hal_cortex.o
    0x08002dba   0x08002dba   0x00000006   PAD
    0x08002dc0   0x08002dc0   0x0000003c   Code   RO         1329    .text.__NVIC_SetPriorityGrouping  stm32h7xx_hal_cortex.o
    0x08002dfc   0x08002dfc   0x00000004   PAD
    0x08002e00   0x08002e00   0x00000042   Code   RO            2    .text.main          main.o
    0x08002e42   0x08002e42   0x0000001a   Code   RO         2013    x$fpl$fpinit        fz_wv.l(fpinit.o)
    0x08002e5c   0x08002e5c   0x00000010   Data   RO         1900    .rodata.D1CorePrescTable  system_stm32h7xx.o
    0x08002e6c   0x08002e6c   0x00000008   Data   RO          199    .rodata.LL_DMA_STR_OFFSET_TAB  usart.o
    0x08002e74   0x08002e74   0x00000010   Data   RO          735    .rodata.LL_RCC_PrescTable  stm32h7xx_ll_rcc.o
    0x08002e84   0x08002e84   0x00000030   Data   RO         1884    .rodata.USART_PRESCALER_TAB  stm32h7xx_ll_usart.o
    0x08002eb4   0x08002eb4   0x00000030   Data   RO         2088    Region$$Table       anon$$obj.o


    Execution Region RW_IRAM1 (Exec base: 0x20000000, Load base: 0x08002ee4, Size: 0x00000400, Max: 0x00020000, ABSOLUTE)

    Exec Addr    Load Addr    Size         Type   Attr      Idx    E Section Name        Object

    0x20000000        -       0x00000400   Zero   RW          441    STACK               startup_stm32h723xx.o


    Execution Region RW_IRAM2 (Exec base: 0x24000000, Load base: 0x08002ee8, Size: 0x00000678, Max: 0x0004ff00, ABSOLUTE)

    Exec Addr    Load Addr    Size         Type   Attr      Idx    E Section Name        Object

    0x24000000   0x08002ee8   0x00000004   Data   RW         1898    .data.SystemCoreClock  system_stm32h7xx.o
    0x24000004   0x08002eec   0x00000004   Data   RW         1899    .data.SystemD2Clock  system_stm32h7xx.o
    0x24000008   0x08002ef0   0x00000004   Data   RW         1513    .data.uwTickFreq    stm32h7xx_hal.o
    0x2400000c   0x08002ef4   0x00000004   Data   RW         1512    .data.uwTickPrio    stm32h7xx_hal.o
    0x24000010        -       0x00000060   Zero   RW         1955    .bss                c_wu.l(libspace.o)
    0x24000070        -       0x00000400   Zero   RW          335    .bss.dma_rx_buf     bsp_usart.o
    0x24000470        -       0x00000004   Zero   RW         1514    .bss.uwTick         stm32h7xx_hal.o
    0x24000474   0x08002ef8   0x00000004   PAD
    0x24000478        -       0x00000200   Zero   RW          442    HEAP                startup_stm32h723xx.o


    Execution Region RW_NOINIT (Exec base: 0x2404ff00, Load base: 0x08002ef8, Size: 0x00000000, Max: 0x00000400, ABSOLUTE, UNINIT)

    **** No section assigned to this execution region ****


==============================================================================

Image component sizes


      Code (inc. data)   RO Data    RW Data    ZI Data      Debug   Object Name

         0          0          0          0       1024      13653   bsp_usart.o
       300          0          0          0          0       7638   dma.o
       264          0          0          0          0       3180   gpio.o
      1206          0          0          0          0       7795   main.o
        72         30        716          0       1536        812   startup_stm32h723xx.o
       272          0          0          8          4      14644   stm32h7xx_hal.o
       410          0          0          0          0      11467   stm32h7xx_hal_cortex.o
        36          0          0          0          0       2189   stm32h7xx_hal_msp.o
       788         66          0          0          0      11415   stm32h7xx_hal_rcc.o
        38          0          0          0          0       1169   stm32h7xx_it.o
       456          0          0          0          0       5043   stm32h7xx_ll_gpio.o
      2600         42         16          0          0      19383   stm32h7xx_ll_rcc.o
       496          0          0          0          0      11360   stm32h7xx_ll_tim.o
       748          0         48          0          0       6005   stm32h7xx_ll_usart.o
       102          0          0          0          0      10387   stm32h7xx_ll_utils.o
       398          0         16          8          0       5571   system_stm32h7xx.o
       228          0          0          0          0       3738   tim.o
      1958          0          8          0          0      14030   usart.o

    ----------------------------------------------------------------------
     10842        142        852         16       2568     149479   Object Totals
         0          0         48          0          0          0   (incl. Generated)
       470          4          0          0          4          0   (incl. Padding)

    ----------------------------------------------------------------------

      Code (inc. data)   RO Data    RW Data    ZI Data      Debug   Library Member Name

         8          0          0          0          0         68   __main.o
         0          0          0          0          0          0   __rtentry.o
        12          0          0          0          0          0   __rtentry2.o
         6          0          0          0          0          0   __rtentry4.o
        52          8          0          0          0          0   __scatter.o
        26          0          0          0          0          0   __scatter_copy.o
        28          0          0          0          0          0   __scatter_zi.o
        18          0          0          0          0         80   exit.o
         6          0          0          0          0        152   heapauxi.o
         0          0          0          0          0          0   indicate_semi.o
         2          0          0          0          0          0   libinit.o
         6          0          0          0          0          0   libinit2.o
         2          0          0          0          0          0   libshutdown.o
         2          0          0          0          0          0   libshutdown2.o
         8          4          0          0         96         68   libspace.o
         2          0          0          0          0          0   rtexit.o
        10          0          0          0          0          0   rtexit2.o
        12          4          0          0          0         68   sys_exit.o
        74          0          0          0          0         80   sys_stackheap_outer.o
         2          0          0          0          0         68   use_no_semi.o
        26          0          0          0          0        116   fpinit.o

    ----------------------------------------------------------------------
       310         16          0          0         96        700   Library Totals
         8          0          0          0          0          0   (incl. Padding)

    ----------------------------------------------------------------------

      Code (inc. data)   RO Data    RW Data    ZI Data      Debug   Library Name

       276         16          0          0         96        584   c_wu.l
        26          0          0          0          0        116   fz_wv.l

    ----------------------------------------------------------------------
       310         16          0          0         96        700   Library Totals

    ----------------------------------------------------------------------

==============================================================================


      Code (inc. data)   RO Data    RW Data    ZI Data      Debug   

     11152        158        852         16       2664     149783   Grand Totals
     11152        158        852         16       2664     149783   ELF Image Totals
     11152        158        852         16          0          0   ROM Totals

==============================================================================

    Total RO  Size (Code + RO Data)                12004 (  11.72kB)
    Total RW  Size (RW Data + ZI Data)              2680 (   2.62kB)
    Total ROM Size (Code + RO Data + RW Data)      12020 (  11.74kB)

==============================================================================

